[                 120] <>   input: 32700 SAME      a: 4294967228 b: 4294967228 a: 11111111111111111111111110111100 b: 11111111111111111111111110111100
[                 140] <>   input: 32683 SAME      a: 4294967211 b: 4294967211 a: 11111111111111111111111110101011 b: 11111111111111111111111110101011
[                 160] <>   input: 32732 SAME      a: 4294967260 b: 4294967260 a: 11111111111111111111111111011100 b: 11111111111111111111111111011100
[                 180] <>   input: 32720 SAME      a: 4294967248 b: 4294967248 a: 11111111111111111111111111010000 b: 11111111111111111111111111010000
[                 200] <>   input: 32758 SAME      a: 4294967286 b: 4294967286 a: 11111111111111111111111111110110 b: 11111111111111111111111111110110
[                 220] <>   input: 32760 SAME      a: 4294967288 b: 4294967288 a: 11111111111111111111111111111000 b: 11111111111111111111111111111000
[                 240] <>   input: 32717 SAME      a: 4294967245 b: 4294967245 a: 11111111111111111111111111001101 b: 11111111111111111111111111001101
[                 260] <>   input: 32724 SAME      a: 4294967252 b: 4294967252 a: 11111111111111111111111111010100 b: 11111111111111111111111111010100
[                 280] <>   input: 32713 SAME      a: 4294967241 b: 4294967241 a: 11111111111111111111111111001001 b: 11111111111111111111111111001001
[                 300] <>   input: 32718 SAME      a: 4294967246 b: 4294967246 a: 11111111111111111111111111001110 b: 11111111111111111111111111001110
