[                  10] <>  w is currently: 01000010
[                  20] <>  w is currently: 01000011
[                  30] <>  w is currently: 01010111
