[                  30] <>   got 000111000001
[                  40] <>   got 001110000010
