[                  20] <y>  got 1 and 2
[                  40] <y>  got 2 and 3
