[                   0] <>  test mem
[                   0] <m>  hi
[                  10] <m>  there
[                  30] <m>  hi
[                  40] <m>  here
[                  60] <>  got 5
[                  60] <m>  hi
[                  70] <m>  there
