WARNING: test2<>: substituting chp model (requested prs, not found)
WARNING: test1<>: substituting chp model (requested prs, not found)
