[      40 t#:0] <> 15 * 20 = 300 300
[      40 t#:0] <> 15 * 20 = 300 300
