[    2030 t#:0] <bucket> got 0
[    3060 t#:0] <bucket> got 101
[    3090 t#:0] <bucket> got 2
[    3140 t#:0] <bucket> got 103
[    3170 t#:0] <bucket> got 4
[    3220 t#:0] <bucket> got 105
[    3250 t#:0] <bucket> got 6
[    3300 t#:0] <bucket> got 107
[    3330 t#:0] <bucket> got 8
[    3380 t#:0] <bucket> got 109
[    3410 t#:0] <bucket> got 10
[    3460 t#:0] <bucket> got 111
[    3490 t#:0] <bucket> got 12
[    3540 t#:0] <bucket> got 113
[    3570 t#:0] <bucket> got 14
[    3620 t#:0] <bucket> got 115
[    3650 t#:0] <bucket> got 16
[    3700 t#:0] <bucket> got 117
[    3730 t#:0] <bucket> got 18
[    3780 t#:0] <bucket> got 119
[    3810 t#:0] <bucket> got 20
[    3860 t#:0] <bucket> got 121
[    3890 t#:0] <bucket> got 22
[    3940 t#:0] <bucket> got 123
[    3970 t#:0] <bucket> got 24
[    4020 t#:0] <bucket> got 125
[    4050 t#:0] <bucket> got 26
[    4100 t#:0] <bucket> got 127
[    4130 t#:0] <bucket> got 28
[    4180 t#:0] <bucket> got 129
[    4210 t#:0] <bucket> got 30
[    4260 t#:0] <bucket> got 131
[    4290 t#:0] <bucket> got 32
[    4340 t#:0] <bucket> got 133
[    4370 t#:0] <bucket> got 34
[    4420 t#:0] <bucket> got 135
[    4450 t#:0] <bucket> got 36
[    4500 t#:0] <bucket> got 137
[    4530 t#:0] <bucket> got 38
[    4580 t#:0] <bucket> got 139
[    4610 t#:0] <bucket> got 40
[    4660 t#:0] <bucket> got 141
[    4690 t#:0] <bucket> got 42
[    4740 t#:0] <bucket> got 143
[    4770 t#:0] <bucket> got 44
[    4820 t#:0] <bucket> got 145
[    4850 t#:0] <bucket> got 46
[    4900 t#:0] <bucket> got 147
[    4930 t#:0] <bucket> got 48
[    4980 t#:0] <bucket> got 149
[    5010 t#:0] <bucket> got 50
[    5060 t#:0] <bucket> got 151
[    5090 t#:0] <bucket> got 52
[    5140 t#:0] <bucket> got 153
[    5170 t#:0] <bucket> got 54
[    5220 t#:0] <bucket> got 155
[    5250 t#:0] <bucket> got 56
[    5300 t#:0] <bucket> got 157
[    5330 t#:0] <bucket> got 58
[    5380 t#:0] <bucket> got 159
[    5410 t#:0] <bucket> got 60
[    5460 t#:0] <bucket> got 161
[    5490 t#:0] <bucket> got 62
[    5540 t#:0] <bucket> got 163
[    5570 t#:0] <bucket> got 64
[    5620 t#:0] <bucket> got 165
[    5650 t#:0] <bucket> got 66
[    5700 t#:0] <bucket> got 167
[    5730 t#:0] <bucket> got 68
[    5780 t#:0] <bucket> got 169
[    5810 t#:0] <bucket> got 70
[    5860 t#:0] <bucket> got 171
[    5890 t#:0] <bucket> got 72
[    5940 t#:0] <bucket> got 173
[    5970 t#:0] <bucket> got 74
[    6020 t#:0] <bucket> got 175
[    6050 t#:0] <bucket> got 76
[    6100 t#:0] <bucket> got 177
[    6130 t#:0] <bucket> got 78
[    6180 t#:0] <bucket> got 179
[    6210 t#:0] <bucket> got 80
[    6260 t#:0] <bucket> got 181
[    6290 t#:0] <bucket> got 82
[    6340 t#:0] <bucket> got 183
[    6370 t#:0] <bucket> got 84
[    6420 t#:0] <bucket> got 185
[    6450 t#:0] <bucket> got 86
[    6500 t#:0] <bucket> got 187
[    6530 t#:0] <bucket> got 88
[    6580 t#:0] <bucket> got 189
[    6610 t#:0] <bucket> got 90
[    6660 t#:0] <bucket> got 191
[    6690 t#:0] <bucket> got 92
[    6740 t#:0] <bucket> got 193
[    6770 t#:0] <bucket> got 94
[    6820 t#:0] <bucket> got 195
[    6850 t#:0] <bucket> got 96
[    6900 t#:0] <bucket> got 197
[    6930 t#:0] <bucket> got 98
[    6980 t#:0] <bucket> got 199
[    7010 t#:0] <bucket> got 100
[    7060 t#:0] <bucket> got 201
[    7090 t#:0] <bucket> got 102
[    7140 t#:0] <bucket> got 203
[    7170 t#:0] <bucket> got 104
[    7220 t#:0] <bucket> got 205
[    7250 t#:0] <bucket> got 106
[    7300 t#:0] <bucket> got 207
[    7330 t#:0] <bucket> got 108
[    7380 t#:0] <bucket> got 209
[    7410 t#:0] <bucket> got 110
[    7460 t#:0] <bucket> got 211
[    7490 t#:0] <bucket> got 112
[    7540 t#:0] <bucket> got 213
[    7570 t#:0] <bucket> got 114
[    7620 t#:0] <bucket> got 215
[    7650 t#:0] <bucket> got 116
[    7700 t#:0] <bucket> got 217
[    7730 t#:0] <bucket> got 118
[    7780 t#:0] <bucket> got 219
[    7810 t#:0] <bucket> got 120
[    7860 t#:0] <bucket> got 221
[    7890 t#:0] <bucket> got 122
[    7940 t#:0] <bucket> got 223
[    7970 t#:0] <bucket> got 124
[    8020 t#:0] <bucket> got 225
[    8050 t#:0] <bucket> got 126
[    8100 t#:0] <bucket> got 227
[    8130 t#:0] <bucket> got 128
[    8180 t#:0] <bucket> got 229
[    8210 t#:0] <bucket> got 130
[    8260 t#:0] <bucket> got 231
[    8290 t#:0] <bucket> got 132
[    8340 t#:0] <bucket> got 233
[    8370 t#:0] <bucket> got 134
[    8420 t#:0] <bucket> got 235
[    8450 t#:0] <bucket> got 136
[    8500 t#:0] <bucket> got 237
[    8530 t#:0] <bucket> got 138
[    8580 t#:0] <bucket> got 239
[    8610 t#:0] <bucket> got 140
[    8660 t#:0] <bucket> got 241
[    8690 t#:0] <bucket> got 142
[    8740 t#:0] <bucket> got 243
[    8770 t#:0] <bucket> got 144
[    8820 t#:0] <bucket> got 245
[    8850 t#:0] <bucket> got 146
[    8900 t#:0] <bucket> got 247
[    8930 t#:0] <bucket> got 148
[    8980 t#:0] <bucket> got 249
[    9010 t#:0] <bucket> got 150
[    9060 t#:0] <bucket> got 251
[    9090 t#:0] <bucket> got 152
[    9140 t#:0] <bucket> got 253
[    9170 t#:0] <bucket> got 154
[    9220 t#:0] <bucket> got 255
[    9250 t#:0] <bucket> got 156
[    9300 t#:0] <bucket> got 257
[    9330 t#:0] <bucket> got 158
[    9380 t#:0] <bucket> got 259
[    9410 t#:0] <bucket> got 160
[    9460 t#:0] <bucket> got 261
[    9490 t#:0] <bucket> got 162
[    9540 t#:0] <bucket> got 263
[    9570 t#:0] <bucket> got 164
[    9620 t#:0] <bucket> got 265
[    9650 t#:0] <bucket> got 166
[    9700 t#:0] <bucket> got 267
[    9730 t#:0] <bucket> got 168
[    9780 t#:0] <bucket> got 269
[    9810 t#:0] <bucket> got 170
[    9860 t#:0] <bucket> got 271
[    9890 t#:0] <bucket> got 172
[    9940 t#:0] <bucket> got 273
[    9970 t#:0] <bucket> got 174
[   10020 t#:0] <bucket> got 275
[   10050 t#:0] <bucket> got 176
[   10100 t#:0] <bucket> got 277
[   10130 t#:0] <bucket> got 178
[   10180 t#:0] <bucket> got 279
[   10210 t#:0] <bucket> got 180
[   10260 t#:0] <bucket> got 281
[   10290 t#:0] <bucket> got 182
[   10340 t#:0] <bucket> got 283
[   10370 t#:0] <bucket> got 184
[   10420 t#:0] <bucket> got 285
[   10450 t#:0] <bucket> got 186
[   10500 t#:0] <bucket> got 287
[   10530 t#:0] <bucket> got 188
[   10580 t#:0] <bucket> got 289
[   10610 t#:0] <bucket> got 190
[   10660 t#:0] <bucket> got 291
[   10690 t#:0] <bucket> got 192
[   10740 t#:0] <bucket> got 293
[   10770 t#:0] <bucket> got 194
[   10820 t#:0] <bucket> got 295
[   10850 t#:0] <bucket> got 196
[   10900 t#:0] <bucket> got 297
[   10930 t#:0] <bucket> got 198
[   10980 t#:0] <bucket> got 299
[   11010 t#:0] <bucket> got 200
[   11060 t#:0] <bucket> got 301
[   11090 t#:0] <bucket> got 202
[   11140 t#:0] <bucket> got 303
[   11170 t#:0] <bucket> got 204
[   11220 t#:0] <bucket> got 305
[   11250 t#:0] <bucket> got 206
[   11300 t#:0] <bucket> got 307
[   11330 t#:0] <bucket> got 208
[   11380 t#:0] <bucket> got 309
[   11410 t#:0] <bucket> got 210
[   11460 t#:0] <bucket> got 311
[   11490 t#:0] <bucket> got 212
[   11540 t#:0] <bucket> got 313
[   11570 t#:0] <bucket> got 214
[   11620 t#:0] <bucket> got 315
[   11650 t#:0] <bucket> got 216
[   11700 t#:0] <bucket> got 317
[   11730 t#:0] <bucket> got 218
[   11780 t#:0] <bucket> got 319
[   11810 t#:0] <bucket> got 220
[   11860 t#:0] <bucket> got 321
[   11890 t#:0] <bucket> got 222
[   11940 t#:0] <bucket> got 323
[   11970 t#:0] <bucket> got 224
[   12020 t#:0] <bucket> got 325
[   12050 t#:0] <bucket> got 226
[   12100 t#:0] <bucket> got 327
[   12130 t#:0] <bucket> got 228
[   12180 t#:0] <bucket> got 329
[   12210 t#:0] <bucket> got 230
[   12260 t#:0] <bucket> got 331
[   12290 t#:0] <bucket> got 232
[   12340 t#:0] <bucket> got 333
[   12370 t#:0] <bucket> got 234
[   12420 t#:0] <bucket> got 335
[   12450 t#:0] <bucket> got 236
[   12500 t#:0] <bucket> got 337
[   12530 t#:0] <bucket> got 238
[   12580 t#:0] <bucket> got 339
[   12610 t#:0] <bucket> got 240
[   12660 t#:0] <bucket> got 341
[   12690 t#:0] <bucket> got 242
[   12740 t#:0] <bucket> got 343
[   12770 t#:0] <bucket> got 244
[   12820 t#:0] <bucket> got 345
[   12850 t#:0] <bucket> got 246
[   12900 t#:0] <bucket> got 347
[   12930 t#:0] <bucket> got 248
[   12980 t#:0] <bucket> got 349
[   13010 t#:0] <bucket> got 250
[   13060 t#:0] <bucket> got 351
[   13090 t#:0] <bucket> got 252
[   13140 t#:0] <bucket> got 353
[   13170 t#:0] <bucket> got 254
[   13220 t#:0] <bucket> got 355
[   13250 t#:0] <bucket> got 256
[   13300 t#:0] <bucket> got 357
[   13330 t#:0] <bucket> got 258
[   13380 t#:0] <bucket> got 359
[   13410 t#:0] <bucket> got 260
[   13460 t#:0] <bucket> got 361
[   13490 t#:0] <bucket> got 262
[   13540 t#:0] <bucket> got 363
[   13570 t#:0] <bucket> got 264
[   13620 t#:0] <bucket> got 365
[   13650 t#:0] <bucket> got 266
[   13700 t#:0] <bucket> got 367
[   13730 t#:0] <bucket> got 268
[   13780 t#:0] <bucket> got 369
[   13810 t#:0] <bucket> got 270
[   13860 t#:0] <bucket> got 371
[   13890 t#:0] <bucket> got 272
[   13940 t#:0] <bucket> got 373
[   13970 t#:0] <bucket> got 274
[   14020 t#:0] <bucket> got 375
[   14050 t#:0] <bucket> got 276
[   14100 t#:0] <bucket> got 377
[   14130 t#:0] <bucket> got 278
[   14180 t#:0] <bucket> got 379
[   14210 t#:0] <bucket> got 280
[   14260 t#:0] <bucket> got 381
[   14290 t#:0] <bucket> got 282
[   14340 t#:0] <bucket> got 383
[   14370 t#:0] <bucket> got 284
[   14420 t#:0] <bucket> got 385
[   14450 t#:0] <bucket> got 286
[   14500 t#:0] <bucket> got 387
[   14530 t#:0] <bucket> got 288
[   14580 t#:0] <bucket> got 389
[   14610 t#:0] <bucket> got 290
[   14660 t#:0] <bucket> got 391
[   14690 t#:0] <bucket> got 292
[   14740 t#:0] <bucket> got 393
[   14770 t#:0] <bucket> got 294
[   14820 t#:0] <bucket> got 395
[   14850 t#:0] <bucket> got 296
[   14900 t#:0] <bucket> got 397
[   14930 t#:0] <bucket> got 298
[   14980 t#:0] <bucket> got 399
[   15010 t#:0] <bucket> got 300
[   15060 t#:0] <bucket> got 401
[   15090 t#:0] <bucket> got 302
[   15140 t#:0] <bucket> got 403
[   15170 t#:0] <bucket> got 304
[   15220 t#:0] <bucket> got 405
[   15250 t#:0] <bucket> got 306
[   15300 t#:0] <bucket> got 407
[   15330 t#:0] <bucket> got 308
[   15380 t#:0] <bucket> got 409
[   15410 t#:0] <bucket> got 310
[   15460 t#:0] <bucket> got 411
[   15490 t#:0] <bucket> got 312
[   15540 t#:0] <bucket> got 413
[   15570 t#:0] <bucket> got 314
[   15620 t#:0] <bucket> got 415
[   15650 t#:0] <bucket> got 316
[   15700 t#:0] <bucket> got 417
[   15730 t#:0] <bucket> got 318
[   15780 t#:0] <bucket> got 419
[   15810 t#:0] <bucket> got 320
[   15860 t#:0] <bucket> got 421
[   15890 t#:0] <bucket> got 322
[   15940 t#:0] <bucket> got 423
[   15970 t#:0] <bucket> got 324
[   16020 t#:0] <bucket> got 425
[   16050 t#:0] <bucket> got 326
[   16100 t#:0] <bucket> got 427
[   16130 t#:0] <bucket> got 328
[   16180 t#:0] <bucket> got 429
[   16210 t#:0] <bucket> got 330
[   16260 t#:0] <bucket> got 431
[   16290 t#:0] <bucket> got 332
[   16340 t#:0] <bucket> got 433
[   16370 t#:0] <bucket> got 334
[   16420 t#:0] <bucket> got 435
[   16450 t#:0] <bucket> got 336
[   16500 t#:0] <bucket> got 437
[   16530 t#:0] <bucket> got 338
[   16580 t#:0] <bucket> got 439
[   16610 t#:0] <bucket> got 340
[   16660 t#:0] <bucket> got 441
[   16690 t#:0] <bucket> got 342
[   16740 t#:0] <bucket> got 443
[   16770 t#:0] <bucket> got 344
[   16820 t#:0] <bucket> got 445
[   16850 t#:0] <bucket> got 346
[   16900 t#:0] <bucket> got 447
[   16930 t#:0] <bucket> got 348
[   16980 t#:0] <bucket> got 449
[   17010 t#:0] <bucket> got 350
[   17060 t#:0] <bucket> got 451
[   17090 t#:0] <bucket> got 352
[   17140 t#:0] <bucket> got 453
[   17170 t#:0] <bucket> got 354
[   17220 t#:0] <bucket> got 455
[   17250 t#:0] <bucket> got 356
[   17300 t#:0] <bucket> got 457
[   17330 t#:0] <bucket> got 358
[   17380 t#:0] <bucket> got 459
[   17410 t#:0] <bucket> got 360
[   17460 t#:0] <bucket> got 461
[   17490 t#:0] <bucket> got 362
[   17540 t#:0] <bucket> got 463
[   17570 t#:0] <bucket> got 364
[   17620 t#:0] <bucket> got 465
[   17650 t#:0] <bucket> got 366
[   17700 t#:0] <bucket> got 467
[   17730 t#:0] <bucket> got 368
[   17780 t#:0] <bucket> got 469
[   17810 t#:0] <bucket> got 370
[   17860 t#:0] <bucket> got 471
[   17890 t#:0] <bucket> got 372
[   17940 t#:0] <bucket> got 473
[   17970 t#:0] <bucket> got 374
[   18020 t#:0] <bucket> got 475
[   18050 t#:0] <bucket> got 376
[   18100 t#:0] <bucket> got 477
[   18130 t#:0] <bucket> got 378
[   18180 t#:0] <bucket> got 479
[   18210 t#:0] <bucket> got 380
[   18260 t#:0] <bucket> got 481
[   18290 t#:0] <bucket> got 382
[   18340 t#:0] <bucket> got 483
[   18370 t#:0] <bucket> got 384
[   18420 t#:0] <bucket> got 485
[   18450 t#:0] <bucket> got 386
[   18500 t#:0] <bucket> got 487
[   18530 t#:0] <bucket> got 388
[   18580 t#:0] <bucket> got 489
[   18610 t#:0] <bucket> got 390
[   18660 t#:0] <bucket> got 491
[   18690 t#:0] <bucket> got 392
[   18740 t#:0] <bucket> got 493
[   18770 t#:0] <bucket> got 394
[   18820 t#:0] <bucket> got 495
[   18850 t#:0] <bucket> got 396
[   18900 t#:0] <bucket> got 497
[   18930 t#:0] <bucket> got 398
[   18980 t#:0] <bucket> got 499
[   19010 t#:0] <bucket> got 400
[   19060 t#:0] <bucket> got 501
[   19090 t#:0] <bucket> got 402
[   19140 t#:0] <bucket> got 503
[   19170 t#:0] <bucket> got 404
[   19220 t#:0] <bucket> got 505
[   19250 t#:0] <bucket> got 406
[   19300 t#:0] <bucket> got 507
[   19330 t#:0] <bucket> got 408
[   19380 t#:0] <bucket> got 509
[   19410 t#:0] <bucket> got 410
[   19460 t#:0] <bucket> got 511
[   19490 t#:0] <bucket> got 412
[   19540 t#:0] <bucket> got 513
[   19570 t#:0] <bucket> got 414
[   19620 t#:0] <bucket> got 515
[   19650 t#:0] <bucket> got 416
[   19700 t#:0] <bucket> got 517
[   19730 t#:0] <bucket> got 418
[   19780 t#:0] <bucket> got 519
[   19810 t#:0] <bucket> got 420
[   19860 t#:0] <bucket> got 521
[   19890 t#:0] <bucket> got 422
[   19940 t#:0] <bucket> got 523
[   19970 t#:0] <bucket> got 424
[   20020 t#:0] <bucket> got 525
[   20050 t#:0] <bucket> got 426
[   20100 t#:0] <bucket> got 527
[   20130 t#:0] <bucket> got 428
[   20180 t#:0] <bucket> got 529
[   20210 t#:0] <bucket> got 430
[   20260 t#:0] <bucket> got 531
[   20290 t#:0] <bucket> got 432
[   20340 t#:0] <bucket> got 533
[   20370 t#:0] <bucket> got 434
[   20420 t#:0] <bucket> got 535
[   20450 t#:0] <bucket> got 436
[   20500 t#:0] <bucket> got 537
[   20530 t#:0] <bucket> got 438
[   20580 t#:0] <bucket> got 539
[   20610 t#:0] <bucket> got 440
[   20660 t#:0] <bucket> got 541
[   20690 t#:0] <bucket> got 442
[   20740 t#:0] <bucket> got 543
[   20770 t#:0] <bucket> got 444
[   20820 t#:0] <bucket> got 545
[   20850 t#:0] <bucket> got 446
[   20900 t#:0] <bucket> got 547
[   20930 t#:0] <bucket> got 448
[   20980 t#:0] <bucket> got 549
[   21010 t#:0] <bucket> got 450
[   21060 t#:0] <bucket> got 551
[   21090 t#:0] <bucket> got 452
[   21140 t#:0] <bucket> got 553
[   21170 t#:0] <bucket> got 454
[   21220 t#:0] <bucket> got 555
[   21250 t#:0] <bucket> got 456
[   21300 t#:0] <bucket> got 557
[   21330 t#:0] <bucket> got 458
[   21380 t#:0] <bucket> got 559
[   21410 t#:0] <bucket> got 460
[   21460 t#:0] <bucket> got 561
[   21490 t#:0] <bucket> got 462
[   21540 t#:0] <bucket> got 563
[   21570 t#:0] <bucket> got 464
[   21620 t#:0] <bucket> got 565
[   21650 t#:0] <bucket> got 466
[   21700 t#:0] <bucket> got 567
[   21730 t#:0] <bucket> got 468
[   21780 t#:0] <bucket> got 569
[   21810 t#:0] <bucket> got 470
[   21860 t#:0] <bucket> got 571
[   21890 t#:0] <bucket> got 472
[   21940 t#:0] <bucket> got 573
[   21970 t#:0] <bucket> got 474
[   22020 t#:0] <bucket> got 575
[   22050 t#:0] <bucket> got 476
[   22100 t#:0] <bucket> got 577
[   22130 t#:0] <bucket> got 478
[   22180 t#:0] <bucket> got 579
[   22210 t#:0] <bucket> got 480
[   22260 t#:0] <bucket> got 581
[   22290 t#:0] <bucket> got 482
[   22340 t#:0] <bucket> got 583
[   22370 t#:0] <bucket> got 484
[   22420 t#:0] <bucket> got 585
[   22450 t#:0] <bucket> got 486
[   22500 t#:0] <bucket> got 587
[   22530 t#:0] <bucket> got 488
[   22580 t#:0] <bucket> got 589
[   22610 t#:0] <bucket> got 490
[   22660 t#:0] <bucket> got 591
[   22690 t#:0] <bucket> got 492
[   22740 t#:0] <bucket> got 593
[   22770 t#:0] <bucket> got 494
[   22820 t#:0] <bucket> got 595
[   22850 t#:0] <bucket> got 496
[   22900 t#:0] <bucket> got 597
[   22930 t#:0] <bucket> got 498
[   22980 t#:0] <bucket> got 599
[   23010 t#:0] <bucket> got 500
[   23060 t#:0] <bucket> got 601
[   23090 t#:0] <bucket> got 502
[   23140 t#:0] <bucket> got 603
[   23170 t#:0] <bucket> got 504
[   23220 t#:0] <bucket> got 605
[   23250 t#:0] <bucket> got 506
[   23300 t#:0] <bucket> got 607
[   23330 t#:0] <bucket> got 508
[   23380 t#:0] <bucket> got 609
[   23410 t#:0] <bucket> got 510
[   23460 t#:0] <bucket> got 611
[   23490 t#:0] <bucket> got 512
[   23540 t#:0] <bucket> got 613
[   23570 t#:0] <bucket> got 514
[   23620 t#:0] <bucket> got 615
[   23650 t#:0] <bucket> got 516
[   23700 t#:0] <bucket> got 617
[   23730 t#:0] <bucket> got 518
[   23780 t#:0] <bucket> got 619
[   23810 t#:0] <bucket> got 520
[   23860 t#:0] <bucket> got 621
[   23890 t#:0] <bucket> got 522
[   23940 t#:0] <bucket> got 623
[   23970 t#:0] <bucket> got 524
[   24020 t#:0] <bucket> got 625
[   24050 t#:0] <bucket> got 526
[   24100 t#:0] <bucket> got 627
[   24130 t#:0] <bucket> got 528
[   24180 t#:0] <bucket> got 629
[   24210 t#:0] <bucket> got 530
[   24260 t#:0] <bucket> got 631
[   24290 t#:0] <bucket> got 532
[   24340 t#:0] <bucket> got 633
[   24370 t#:0] <bucket> got 534
[   24420 t#:0] <bucket> got 635
[   24450 t#:0] <bucket> got 536
[   24500 t#:0] <bucket> got 637
[   24530 t#:0] <bucket> got 538
[   24580 t#:0] <bucket> got 639
[   24610 t#:0] <bucket> got 540
[   24660 t#:0] <bucket> got 641
[   24690 t#:0] <bucket> got 542
[   24740 t#:0] <bucket> got 643
[   24770 t#:0] <bucket> got 544
[   24820 t#:0] <bucket> got 645
[   24850 t#:0] <bucket> got 546
[   24900 t#:0] <bucket> got 647
[   24930 t#:0] <bucket> got 548
[   24980 t#:0] <bucket> got 649
[   25010 t#:0] <bucket> got 550
[   25060 t#:0] <bucket> got 651
[   25090 t#:0] <bucket> got 552
[   25140 t#:0] <bucket> got 653
[   25170 t#:0] <bucket> got 554
[   25220 t#:0] <bucket> got 655
[   25250 t#:0] <bucket> got 556
[   25300 t#:0] <bucket> got 657
[   25330 t#:0] <bucket> got 558
[   25380 t#:0] <bucket> got 659
[   25410 t#:0] <bucket> got 560
[   25460 t#:0] <bucket> got 661
[   25490 t#:0] <bucket> got 562
[   25540 t#:0] <bucket> got 663
[   25570 t#:0] <bucket> got 564
[   25620 t#:0] <bucket> got 665
[   25650 t#:0] <bucket> got 566
[   25700 t#:0] <bucket> got 667
[   25730 t#:0] <bucket> got 568
[   25780 t#:0] <bucket> got 669
[   25810 t#:0] <bucket> got 570
[   25860 t#:0] <bucket> got 671
[   25890 t#:0] <bucket> got 572
[   25940 t#:0] <bucket> got 673
[   25970 t#:0] <bucket> got 574
[   26020 t#:0] <bucket> got 675
[   26050 t#:0] <bucket> got 576
[   26100 t#:0] <bucket> got 677
[   26130 t#:0] <bucket> got 578
[   26180 t#:0] <bucket> got 679
[   26210 t#:0] <bucket> got 580
[   26260 t#:0] <bucket> got 681
[   26290 t#:0] <bucket> got 582
[   26340 t#:0] <bucket> got 683
[   26370 t#:0] <bucket> got 584
[   26420 t#:0] <bucket> got 685
[   26450 t#:0] <bucket> got 586
[   26500 t#:0] <bucket> got 687
[   26530 t#:0] <bucket> got 588
[   26580 t#:0] <bucket> got 689
[   26610 t#:0] <bucket> got 590
[   26660 t#:0] <bucket> got 691
[   26690 t#:0] <bucket> got 592
[   26740 t#:0] <bucket> got 693
[   26770 t#:0] <bucket> got 594
[   26820 t#:0] <bucket> got 695
[   26850 t#:0] <bucket> got 596
[   26900 t#:0] <bucket> got 697
[   26930 t#:0] <bucket> got 598
[   26980 t#:0] <bucket> got 699
[   27010 t#:0] <bucket> got 600
[   27060 t#:0] <bucket> got 701
[   27090 t#:0] <bucket> got 602
[   27140 t#:0] <bucket> got 703
[   27170 t#:0] <bucket> got 604
[   27220 t#:0] <bucket> got 705
[   27250 t#:0] <bucket> got 606
[   27300 t#:0] <bucket> got 707
[   27330 t#:0] <bucket> got 608
[   27380 t#:0] <bucket> got 709
[   27410 t#:0] <bucket> got 610
[   27460 t#:0] <bucket> got 711
[   27490 t#:0] <bucket> got 612
[   27540 t#:0] <bucket> got 713
[   27570 t#:0] <bucket> got 614
[   27620 t#:0] <bucket> got 715
[   27650 t#:0] <bucket> got 616
[   27700 t#:0] <bucket> got 717
[   27730 t#:0] <bucket> got 618
[   27780 t#:0] <bucket> got 719
[   27810 t#:0] <bucket> got 620
[   27860 t#:0] <bucket> got 721
[   27890 t#:0] <bucket> got 622
[   27940 t#:0] <bucket> got 723
[   27970 t#:0] <bucket> got 624
[   28020 t#:0] <bucket> got 725
[   28050 t#:0] <bucket> got 626
[   28100 t#:0] <bucket> got 727
[   28130 t#:0] <bucket> got 628
[   28180 t#:0] <bucket> got 729
[   28210 t#:0] <bucket> got 630
[   28260 t#:0] <bucket> got 731
[   28290 t#:0] <bucket> got 632
[   28340 t#:0] <bucket> got 733
[   28370 t#:0] <bucket> got 634
[   28420 t#:0] <bucket> got 735
[   28450 t#:0] <bucket> got 636
[   28500 t#:0] <bucket> got 737
[   28530 t#:0] <bucket> got 638
[   28580 t#:0] <bucket> got 739
[   28610 t#:0] <bucket> got 640
[   28660 t#:0] <bucket> got 741
[   28690 t#:0] <bucket> got 642
[   28740 t#:0] <bucket> got 743
[   28770 t#:0] <bucket> got 644
[   28820 t#:0] <bucket> got 745
[   28850 t#:0] <bucket> got 646
[   28900 t#:0] <bucket> got 747
[   28930 t#:0] <bucket> got 648
[   28980 t#:0] <bucket> got 749
[   29010 t#:0] <bucket> got 650
[   29060 t#:0] <bucket> got 751
[   29090 t#:0] <bucket> got 652
[   29140 t#:0] <bucket> got 753
[   29170 t#:0] <bucket> got 654
[   29220 t#:0] <bucket> got 755
[   29250 t#:0] <bucket> got 656
[   29300 t#:0] <bucket> got 757
[   29330 t#:0] <bucket> got 658
[   29380 t#:0] <bucket> got 759
[   29410 t#:0] <bucket> got 660
[   29460 t#:0] <bucket> got 761
[   29490 t#:0] <bucket> got 662
[   29540 t#:0] <bucket> got 763
[   29570 t#:0] <bucket> got 664
[   29620 t#:0] <bucket> got 765
[   29650 t#:0] <bucket> got 666
[   29700 t#:0] <bucket> got 767
[   29730 t#:0] <bucket> got 668
[   29780 t#:0] <bucket> got 769
[   29810 t#:0] <bucket> got 670
[   29860 t#:0] <bucket> got 771
[   29890 t#:0] <bucket> got 672
[   29940 t#:0] <bucket> got 773
[   29970 t#:0] <bucket> got 674
[   30020 t#:0] <bucket> got 775
[   30050 t#:0] <bucket> got 676
[   30100 t#:0] <bucket> got 777
[   30130 t#:0] <bucket> got 678
[   30180 t#:0] <bucket> got 779
[   30210 t#:0] <bucket> got 680
[   30260 t#:0] <bucket> got 781
[   30290 t#:0] <bucket> got 682
[   30340 t#:0] <bucket> got 783
[   30370 t#:0] <bucket> got 684
[   30420 t#:0] <bucket> got 785
[   30450 t#:0] <bucket> got 686
[   30500 t#:0] <bucket> got 787
[   30530 t#:0] <bucket> got 688
[   30580 t#:0] <bucket> got 789
[   30610 t#:0] <bucket> got 690
[   30660 t#:0] <bucket> got 791
[   30690 t#:0] <bucket> got 692
[   30740 t#:0] <bucket> got 793
[   30770 t#:0] <bucket> got 694
[   30820 t#:0] <bucket> got 795
[   30850 t#:0] <bucket> got 696
[   30900 t#:0] <bucket> got 797
[   30930 t#:0] <bucket> got 698
[   30980 t#:0] <bucket> got 799
[   31010 t#:0] <bucket> got 700
[   31060 t#:0] <bucket> got 801
[   31090 t#:0] <bucket> got 702
[   31140 t#:0] <bucket> got 803
[   31170 t#:0] <bucket> got 704
[   31220 t#:0] <bucket> got 805
[   31250 t#:0] <bucket> got 706
[   31300 t#:0] <bucket> got 807
[   31330 t#:0] <bucket> got 708
[   31380 t#:0] <bucket> got 809
[   31410 t#:0] <bucket> got 710
[   31460 t#:0] <bucket> got 811
[   31490 t#:0] <bucket> got 712
[   31540 t#:0] <bucket> got 813
[   31570 t#:0] <bucket> got 714
[   31620 t#:0] <bucket> got 815
[   31650 t#:0] <bucket> got 716
[   31700 t#:0] <bucket> got 817
[   31730 t#:0] <bucket> got 718
[   31780 t#:0] <bucket> got 819
[   31810 t#:0] <bucket> got 720
[   31860 t#:0] <bucket> got 821
[   31890 t#:0] <bucket> got 722
[   31940 t#:0] <bucket> got 823
[   31970 t#:0] <bucket> got 724
[   32020 t#:0] <bucket> got 825
[   32050 t#:0] <bucket> got 726
[   32100 t#:0] <bucket> got 827
[   32130 t#:0] <bucket> got 728
[   32180 t#:0] <bucket> got 829
[   32210 t#:0] <bucket> got 730
[   32260 t#:0] <bucket> got 831
[   32290 t#:0] <bucket> got 732
[   32340 t#:0] <bucket> got 833
[   32370 t#:0] <bucket> got 734
[   32420 t#:0] <bucket> got 835
[   32450 t#:0] <bucket> got 736
[   32500 t#:0] <bucket> got 837
[   32530 t#:0] <bucket> got 738
[   32580 t#:0] <bucket> got 839
[   32610 t#:0] <bucket> got 740
[   32660 t#:0] <bucket> got 841
[   32690 t#:0] <bucket> got 742
[   32740 t#:0] <bucket> got 843
[   32770 t#:0] <bucket> got 744
[   32820 t#:0] <bucket> got 845
[   32850 t#:0] <bucket> got 746
[   32900 t#:0] <bucket> got 847
[   32930 t#:0] <bucket> got 748
[   32980 t#:0] <bucket> got 849
[   33010 t#:0] <bucket> got 750
[   33060 t#:0] <bucket> got 851
[   33090 t#:0] <bucket> got 752
[   33140 t#:0] <bucket> got 853
[   33170 t#:0] <bucket> got 754
[   33220 t#:0] <bucket> got 855
[   33250 t#:0] <bucket> got 756
[   33300 t#:0] <bucket> got 857
[   33330 t#:0] <bucket> got 758
[   33380 t#:0] <bucket> got 859
[   33410 t#:0] <bucket> got 760
[   33460 t#:0] <bucket> got 861
[   33490 t#:0] <bucket> got 762
[   33540 t#:0] <bucket> got 863
[   33570 t#:0] <bucket> got 764
[   33620 t#:0] <bucket> got 865
[   33650 t#:0] <bucket> got 766
[   33700 t#:0] <bucket> got 867
[   33730 t#:0] <bucket> got 768
[   33780 t#:0] <bucket> got 869
[   33810 t#:0] <bucket> got 770
[   33860 t#:0] <bucket> got 871
[   33890 t#:0] <bucket> got 772
[   33940 t#:0] <bucket> got 873
[   33970 t#:0] <bucket> got 774
[   34020 t#:0] <bucket> got 875
[   34050 t#:0] <bucket> got 776
[   34100 t#:0] <bucket> got 877
[   34130 t#:0] <bucket> got 778
[   34180 t#:0] <bucket> got 879
[   34210 t#:0] <bucket> got 780
[   34260 t#:0] <bucket> got 881
[   34290 t#:0] <bucket> got 782
[   34340 t#:0] <bucket> got 883
[   34370 t#:0] <bucket> got 784
[   34420 t#:0] <bucket> got 885
[   34450 t#:0] <bucket> got 786
[   34500 t#:0] <bucket> got 887
[   34530 t#:0] <bucket> got 788
[   34580 t#:0] <bucket> got 889
[   34610 t#:0] <bucket> got 790
[   34660 t#:0] <bucket> got 891
[   34690 t#:0] <bucket> got 792
[   34740 t#:0] <bucket> got 893
[   34770 t#:0] <bucket> got 794
[   34820 t#:0] <bucket> got 895
[   34850 t#:0] <bucket> got 796
[   34900 t#:0] <bucket> got 897
[   34930 t#:0] <bucket> got 798
[   34980 t#:0] <bucket> got 899
[   35010 t#:0] <bucket> got 800
[   35060 t#:0] <bucket> got 901
[   35090 t#:0] <bucket> got 802
[   35140 t#:0] <bucket> got 903
[   35170 t#:0] <bucket> got 804
[   35220 t#:0] <bucket> got 905
[   35250 t#:0] <bucket> got 806
[   35300 t#:0] <bucket> got 907
[   35330 t#:0] <bucket> got 808
[   35380 t#:0] <bucket> got 909
[   35410 t#:0] <bucket> got 810
[   35460 t#:0] <bucket> got 911
[   35490 t#:0] <bucket> got 812
[   35540 t#:0] <bucket> got 913
[   35570 t#:0] <bucket> got 814
[   35620 t#:0] <bucket> got 915
[   35650 t#:0] <bucket> got 816
[   35700 t#:0] <bucket> got 917
[   35730 t#:0] <bucket> got 818
[   35780 t#:0] <bucket> got 919
[   35810 t#:0] <bucket> got 820
[   35860 t#:0] <bucket> got 921
[   35890 t#:0] <bucket> got 822
[   35940 t#:0] <bucket> got 923
[   35970 t#:0] <bucket> got 824
[   36020 t#:0] <bucket> got 925
[   36050 t#:0] <bucket> got 826
[   36100 t#:0] <bucket> got 927
[   36130 t#:0] <bucket> got 828
[   36180 t#:0] <bucket> got 929
[   36210 t#:0] <bucket> got 830
[   36260 t#:0] <bucket> got 931
[   36290 t#:0] <bucket> got 832
[   36340 t#:0] <bucket> got 933
[   36370 t#:0] <bucket> got 834
[   36420 t#:0] <bucket> got 935
[   36450 t#:0] <bucket> got 836
[   36500 t#:0] <bucket> got 937
[   36530 t#:0] <bucket> got 838
[   36580 t#:0] <bucket> got 939
[   36610 t#:0] <bucket> got 840
[   36660 t#:0] <bucket> got 941
[   36690 t#:0] <bucket> got 842
[   36740 t#:0] <bucket> got 943
[   36770 t#:0] <bucket> got 844
[   36820 t#:0] <bucket> got 945
[   36850 t#:0] <bucket> got 846
[   36900 t#:0] <bucket> got 947
[   36930 t#:0] <bucket> got 848
[   36980 t#:0] <bucket> got 949
[   37010 t#:0] <bucket> got 850
[   37060 t#:0] <bucket> got 951
[   37090 t#:0] <bucket> got 852
[   37140 t#:0] <bucket> got 953
[   37170 t#:0] <bucket> got 854
[   37220 t#:0] <bucket> got 955
[   37250 t#:0] <bucket> got 856
[   37300 t#:0] <bucket> got 957
[   37330 t#:0] <bucket> got 858
[   37380 t#:0] <bucket> got 959
[   37410 t#:0] <bucket> got 860
[   37460 t#:0] <bucket> got 961
[   37490 t#:0] <bucket> got 862
[   37540 t#:0] <bucket> got 963
[   37570 t#:0] <bucket> got 864
[   37620 t#:0] <bucket> got 965
[   37650 t#:0] <bucket> got 866
[   37700 t#:0] <bucket> got 967
[   37730 t#:0] <bucket> got 868
[   37780 t#:0] <bucket> got 969
[   37810 t#:0] <bucket> got 870
[   37860 t#:0] <bucket> got 971
[   37890 t#:0] <bucket> got 872
[   37940 t#:0] <bucket> got 973
[   37970 t#:0] <bucket> got 874
[   38020 t#:0] <bucket> got 975
[   38050 t#:0] <bucket> got 876
[   38100 t#:0] <bucket> got 977
[   38130 t#:0] <bucket> got 878
[   38180 t#:0] <bucket> got 979
[   38210 t#:0] <bucket> got 880
[   38260 t#:0] <bucket> got 981
[   38290 t#:0] <bucket> got 882
[   38340 t#:0] <bucket> got 983
[   38370 t#:0] <bucket> got 884
[   38420 t#:0] <bucket> got 985
[   38450 t#:0] <bucket> got 886
[   38500 t#:0] <bucket> got 987
[   38530 t#:0] <bucket> got 888
[   38580 t#:0] <bucket> got 989
[   38610 t#:0] <bucket> got 890
[   38660 t#:0] <bucket> got 991
[   38690 t#:0] <bucket> got 892
[   38740 t#:0] <bucket> got 993
[   38770 t#:0] <bucket> got 894
[   38820 t#:0] <bucket> got 995
[   38850 t#:0] <bucket> got 896
[   38900 t#:0] <bucket> got 997
[   38930 t#:0] <bucket> got 898
[   38980 t#:0] <bucket> got 999
[   39010 t#:0] <bucket> got 900
[   39060 t#:0] <bucket> got 1001
[   39090 t#:0] <bucket> got 902
[   39140 t#:0] <bucket> got 1003
[   39170 t#:0] <bucket> got 904
[   39220 t#:0] <bucket> got 1005
[   39250 t#:0] <bucket> got 906
[   39300 t#:0] <bucket> got 1007
[   39330 t#:0] <bucket> got 908
[   39380 t#:0] <bucket> got 1009
[   39410 t#:0] <bucket> got 910
[   39460 t#:0] <bucket> got 1011
[   39490 t#:0] <bucket> got 912
[   39540 t#:0] <bucket> got 1013
[   39570 t#:0] <bucket> got 914
[   39620 t#:0] <bucket> got 1015
[   39650 t#:0] <bucket> got 916
[   39700 t#:0] <bucket> got 1017
[   39730 t#:0] <bucket> got 918
[   39780 t#:0] <bucket> got 1019
[   39810 t#:0] <bucket> got 920
[   39860 t#:0] <bucket> got 1021
[   39890 t#:0] <bucket> got 922
[   39940 t#:0] <bucket> got 1023
[   39970 t#:0] <bucket> got 924
[   40020 t#:0] <bucket> got 1025
[   40050 t#:0] <bucket> got 926
[   40100 t#:0] <bucket> got 1027
[   40130 t#:0] <bucket> got 928
[   40180 t#:0] <bucket> got 1029
[   40210 t#:0] <bucket> got 930
[   40260 t#:0] <bucket> got 1031
[   40290 t#:0] <bucket> got 932
[   40340 t#:0] <bucket> got 1033
[   40370 t#:0] <bucket> got 934
[   40420 t#:0] <bucket> got 1035
[   40450 t#:0] <bucket> got 936
[   40500 t#:0] <bucket> got 1037
[   40530 t#:0] <bucket> got 938
[   40580 t#:0] <bucket> got 1039
[   40610 t#:0] <bucket> got 940
[   40660 t#:0] <bucket> got 1041
[   40690 t#:0] <bucket> got 942
[   40740 t#:0] <bucket> got 1043
[   40770 t#:0] <bucket> got 944
[   40820 t#:0] <bucket> got 1045
[   40850 t#:0] <bucket> got 946
[   40900 t#:0] <bucket> got 1047
[   40930 t#:0] <bucket> got 948
[   40980 t#:0] <bucket> got 1049
[   41010 t#:0] <bucket> got 950
[   41060 t#:0] <bucket> got 1051
[   41090 t#:0] <bucket> got 952
[   41140 t#:0] <bucket> got 1053
[   41170 t#:0] <bucket> got 954
[   41220 t#:0] <bucket> got 1055
[   41250 t#:0] <bucket> got 956
[   41300 t#:0] <bucket> got 1057
[   41330 t#:0] <bucket> got 958
[   41380 t#:0] <bucket> got 1059
[   41410 t#:0] <bucket> got 960
[   41460 t#:0] <bucket> got 1061
[   41490 t#:0] <bucket> got 962
[   41540 t#:0] <bucket> got 1063
[   41570 t#:0] <bucket> got 964
[   41620 t#:0] <bucket> got 1065
[   41650 t#:0] <bucket> got 966
[   41700 t#:0] <bucket> got 1067
[   41730 t#:0] <bucket> got 968
[   41780 t#:0] <bucket> got 1069
[   41810 t#:0] <bucket> got 970
[   41860 t#:0] <bucket> got 1071
[   41890 t#:0] <bucket> got 972
[   41940 t#:0] <bucket> got 1073
[   41970 t#:0] <bucket> got 974
[   42020 t#:0] <bucket> got 1075
[   42050 t#:0] <bucket> got 976
[   42100 t#:0] <bucket> got 1077
[   42130 t#:0] <bucket> got 978
[   42180 t#:0] <bucket> got 1079
[   42210 t#:0] <bucket> got 980
[   42260 t#:0] <bucket> got 1081
[   42290 t#:0] <bucket> got 982
[   42340 t#:0] <bucket> got 1083
[   42370 t#:0] <bucket> got 984
[   42420 t#:0] <bucket> got 1085
[   42450 t#:0] <bucket> got 986
[   42500 t#:0] <bucket> got 1087
[   42530 t#:0] <bucket> got 988
[   42580 t#:0] <bucket> got 1089
[   42610 t#:0] <bucket> got 990
[   42660 t#:0] <bucket> got 1091
[   42690 t#:0] <bucket> got 992
[   42740 t#:0] <bucket> got 1093
[   42770 t#:0] <bucket> got 994
[   42820 t#:0] <bucket> got 1095
[   42850 t#:0] <bucket> got 996
[   42900 t#:0] <bucket> got 1097
[   42930 t#:0] <bucket> got 998
[   42980 t#:0] <bucket> got 1099
