[      50 t#:0] <m> I am here
[      70 t#:0] <bucket> got 2
[     110 t#:0] <bucket> got 3
[     150 t#:0] <bucket> got 5
[     190 t#:0] <bucket> got 7
[     230 t#:0] <bucket> got 9
[     270 t#:0] <bucket> got 11
[     310 t#:0] <bucket> got 13
[     350 t#:0] <bucket> got 15
[     390 t#:0] <bucket> got 17
[     430 t#:0] <bucket> got 19
[     470 t#:0] <bucket> got 21
[     510 t#:0] <bucket> got 23
[     550 t#:0] <bucket> got 25
[     590 t#:0] <bucket> got 27
[     630 t#:0] <bucket> got 29
[     670 t#:0] <bucket> got 31
[     710 t#:0] <bucket> got 33
[     750 t#:0] <bucket> got 35
[     790 t#:0] <bucket> got 37
[     830 t#:0] <bucket> got 39
[     870 t#:0] <bucket> got 41
[     910 t#:0] <bucket> got 43
[     950 t#:0] <bucket> got 45
[     990 t#:0] <bucket> got 47
[    1030 t#:0] <bucket> got 49
[    1070 t#:0] <bucket> got 51
[    1110 t#:0] <bucket> got 53
[    1150 t#:0] <bucket> got 55
[    1190 t#:0] <bucket> got 57
[    1230 t#:0] <bucket> got 59
[    1270 t#:0] <bucket> got 61
[    1310 t#:0] <bucket> got 63
[    1350 t#:0] <bucket> got 65
[    1390 t#:0] <bucket> got 67
[    1430 t#:0] <bucket> got 69
[    1470 t#:0] <bucket> got 71
[    1510 t#:0] <bucket> got 73
[    1550 t#:0] <bucket> got 75
[    1590 t#:0] <bucket> got 77
[    1630 t#:0] <bucket> got 79
[    1670 t#:0] <bucket> got 81
[    1710 t#:0] <bucket> got 83
[    1750 t#:0] <bucket> got 85
[    1790 t#:0] <bucket> got 87
[    1830 t#:0] <bucket> got 89
[    1870 t#:0] <bucket> got 91
[    1910 t#:0] <bucket> got 93
[    1950 t#:0] <bucket> got 95
[    1990 t#:0] <bucket> got 97
[    2030 t#:0] <bucket> got 99
[    2070 t#:0] <bucket> got 101
[    2110 t#:0] <bucket> got 103
[    2150 t#:0] <bucket> got 105
[    2190 t#:0] <bucket> got 107
[    2230 t#:0] <bucket> got 109
[    2270 t#:0] <bucket> got 111
[    2310 t#:0] <bucket> got 113
[    2350 t#:0] <bucket> got 115
[    2390 t#:0] <bucket> got 117
[    2430 t#:0] <bucket> got 119
[    2470 t#:0] <bucket> got 121
[    2510 t#:0] <bucket> got 123
[    2550 t#:0] <bucket> got 125
[    2590 t#:0] <bucket> got 127
[    2630 t#:0] <bucket> got 129
[    2670 t#:0] <bucket> got 131
[    2710 t#:0] <bucket> got 133
[    2750 t#:0] <bucket> got 135
[    2790 t#:0] <bucket> got 137
[    2830 t#:0] <bucket> got 139
[    2870 t#:0] <bucket> got 141
[    2910 t#:0] <bucket> got 143
[    2950 t#:0] <bucket> got 145
[    2990 t#:0] <bucket> got 147
[    3030 t#:0] <bucket> got 149
[    3070 t#:0] <bucket> got 151
[    3110 t#:0] <bucket> got 153
[    3150 t#:0] <bucket> got 155
[    3190 t#:0] <bucket> got 157
[    3230 t#:0] <bucket> got 159
[    3270 t#:0] <bucket> got 161
[    3310 t#:0] <bucket> got 163
[    3350 t#:0] <bucket> got 165
[    3390 t#:0] <bucket> got 167
[    3430 t#:0] <bucket> got 169
[    3470 t#:0] <bucket> got 171
[    3510 t#:0] <bucket> got 173
[    3550 t#:0] <bucket> got 175
[    3590 t#:0] <bucket> got 177
[    3630 t#:0] <bucket> got 179
[    3670 t#:0] <bucket> got 181
[    3710 t#:0] <bucket> got 183
[    3750 t#:0] <bucket> got 185
[    3790 t#:0] <bucket> got 187
[    3830 t#:0] <bucket> got 189
[    3870 t#:0] <bucket> got 191
[    3910 t#:0] <bucket> got 193
[    3950 t#:0] <bucket> got 195
[    3990 t#:0] <bucket> got 197
[    4030 t#:0] <bucket> got 199
[    4070 t#:0] <bucket> got 201
[    4110 t#:0] <bucket> got 203
[    4150 t#:0] <bucket> got 205
[    4190 t#:0] <bucket> got 207
[    4230 t#:0] <bucket> got 209
[    4270 t#:0] <bucket> got 211
[    4310 t#:0] <bucket> got 213
[    4350 t#:0] <bucket> got 215
[    4390 t#:0] <bucket> got 217
[    4430 t#:0] <bucket> got 219
[    4470 t#:0] <bucket> got 221
[    4510 t#:0] <bucket> got 223
[    4550 t#:0] <bucket> got 225
[    4590 t#:0] <bucket> got 227
[    4630 t#:0] <bucket> got 229
[    4670 t#:0] <bucket> got 231
[    4710 t#:0] <bucket> got 233
[    4750 t#:0] <bucket> got 235
[    4790 t#:0] <bucket> got 237
[    4830 t#:0] <bucket> got 239
[    4870 t#:0] <bucket> got 241
[    4910 t#:0] <bucket> got 243
[    4950 t#:0] <bucket> got 245
[    4990 t#:0] <bucket> got 247
[    5030 t#:0] <bucket> got 249
[    5070 t#:0] <bucket> got 251
[    5110 t#:0] <bucket> got 253
[    5150 t#:0] <bucket> got 255
[    5190 t#:0] <bucket> got 257
[    5230 t#:0] <bucket> got 259
[    5270 t#:0] <bucket> got 261
[    5310 t#:0] <bucket> got 263
[    5350 t#:0] <bucket> got 265
[    5390 t#:0] <bucket> got 267
[    5430 t#:0] <bucket> got 269
[    5470 t#:0] <bucket> got 271
[    5510 t#:0] <bucket> got 273
[    5550 t#:0] <bucket> got 275
[    5590 t#:0] <bucket> got 277
[    5630 t#:0] <bucket> got 279
[    5670 t#:0] <bucket> got 281
[    5710 t#:0] <bucket> got 283
[    5750 t#:0] <bucket> got 285
[    5790 t#:0] <bucket> got 287
[    5830 t#:0] <bucket> got 289
[    5870 t#:0] <bucket> got 291
[    5910 t#:0] <bucket> got 293
[    5950 t#:0] <bucket> got 295
[    5990 t#:0] <bucket> got 297
[    6030 t#:0] <bucket> got 299
[    6070 t#:0] <bucket> got 301
[    6110 t#:0] <bucket> got 303
[    6150 t#:0] <bucket> got 305
[    6190 t#:0] <bucket> got 307
[    6230 t#:0] <bucket> got 309
[    6270 t#:0] <bucket> got 311
[    6310 t#:0] <bucket> got 313
[    6350 t#:0] <bucket> got 315
[    6390 t#:0] <bucket> got 317
[    6430 t#:0] <bucket> got 319
[    6470 t#:0] <bucket> got 321
[    6510 t#:0] <bucket> got 323
[    6550 t#:0] <bucket> got 325
[    6590 t#:0] <bucket> got 327
[    6630 t#:0] <bucket> got 329
[    6670 t#:0] <bucket> got 331
[    6710 t#:0] <bucket> got 333
[    6750 t#:0] <bucket> got 335
[    6790 t#:0] <bucket> got 337
[    6830 t#:0] <bucket> got 339
[    6870 t#:0] <bucket> got 341
[    6910 t#:0] <bucket> got 343
[    6950 t#:0] <bucket> got 345
[    6990 t#:0] <bucket> got 347
[    7030 t#:0] <bucket> got 349
[    7070 t#:0] <bucket> got 351
[    7110 t#:0] <bucket> got 353
[    7150 t#:0] <bucket> got 355
[    7190 t#:0] <bucket> got 357
[    7230 t#:0] <bucket> got 359
[    7270 t#:0] <bucket> got 361
[    7310 t#:0] <bucket> got 363
[    7350 t#:0] <bucket> got 365
[    7390 t#:0] <bucket> got 367
[    7430 t#:0] <bucket> got 369
[    7470 t#:0] <bucket> got 371
[    7510 t#:0] <bucket> got 373
[    7550 t#:0] <bucket> got 375
[    7590 t#:0] <bucket> got 377
[    7630 t#:0] <bucket> got 379
[    7670 t#:0] <bucket> got 381
[    7710 t#:0] <bucket> got 383
[    7750 t#:0] <bucket> got 385
[    7790 t#:0] <bucket> got 387
[    7830 t#:0] <bucket> got 389
[    7870 t#:0] <bucket> got 391
[    7910 t#:0] <bucket> got 393
[    7950 t#:0] <bucket> got 395
[    7990 t#:0] <bucket> got 397
[    8030 t#:0] <bucket> got 399
[    8070 t#:0] <bucket> got 401
[    8110 t#:0] <bucket> got 403
[    8150 t#:0] <bucket> got 405
[    8190 t#:0] <bucket> got 407
[    8230 t#:0] <bucket> got 409
[    8270 t#:0] <bucket> got 411
[    8310 t#:0] <bucket> got 413
[    8350 t#:0] <bucket> got 415
[    8390 t#:0] <bucket> got 417
[    8430 t#:0] <bucket> got 419
[    8470 t#:0] <bucket> got 421
[    8510 t#:0] <bucket> got 423
[    8550 t#:0] <bucket> got 425
[    8590 t#:0] <bucket> got 427
[    8630 t#:0] <bucket> got 429
[    8670 t#:0] <bucket> got 431
[    8710 t#:0] <bucket> got 433
[    8750 t#:0] <bucket> got 435
[    8790 t#:0] <bucket> got 437
[    8830 t#:0] <bucket> got 439
[    8870 t#:0] <bucket> got 441
[    8910 t#:0] <bucket> got 443
[    8950 t#:0] <bucket> got 445
[    8990 t#:0] <bucket> got 447
[    9030 t#:0] <bucket> got 449
[    9070 t#:0] <bucket> got 451
[    9110 t#:0] <bucket> got 453
[    9150 t#:0] <bucket> got 455
[    9190 t#:0] <bucket> got 457
[    9230 t#:0] <bucket> got 459
[    9270 t#:0] <bucket> got 461
[    9310 t#:0] <bucket> got 463
[    9350 t#:0] <bucket> got 465
[    9390 t#:0] <bucket> got 467
[    9430 t#:0] <bucket> got 469
[    9470 t#:0] <bucket> got 471
[    9510 t#:0] <bucket> got 473
[    9550 t#:0] <bucket> got 475
[    9590 t#:0] <bucket> got 477
[    9630 t#:0] <bucket> got 479
[    9670 t#:0] <bucket> got 481
[    9710 t#:0] <bucket> got 483
[    9750 t#:0] <bucket> got 485
[    9790 t#:0] <bucket> got 487
[    9830 t#:0] <bucket> got 489
[    9870 t#:0] <bucket> got 491
[    9910 t#:0] <bucket> got 493
[    9950 t#:0] <bucket> got 495
[    9990 t#:0] <bucket> got 497
[   10030 t#:0] <bucket> got 499
[   10070 t#:0] <bucket> got 501
[   10110 t#:0] <bucket> got 503
[   10150 t#:0] <bucket> got 505
[   10190 t#:0] <bucket> got 507
[   10230 t#:0] <bucket> got 509
[   10270 t#:0] <bucket> got 511
[   10310 t#:0] <bucket> got 513
[   10350 t#:0] <bucket> got 515
[   10390 t#:0] <bucket> got 517
[   10430 t#:0] <bucket> got 519
[   10470 t#:0] <bucket> got 521
[   10510 t#:0] <bucket> got 523
[   10550 t#:0] <bucket> got 525
[   10590 t#:0] <bucket> got 527
[   10630 t#:0] <bucket> got 529
[   10670 t#:0] <bucket> got 531
[   10710 t#:0] <bucket> got 533
[   10750 t#:0] <bucket> got 535
[   10790 t#:0] <bucket> got 537
[   10830 t#:0] <bucket> got 539
[   10870 t#:0] <bucket> got 541
[   10910 t#:0] <bucket> got 543
[   10950 t#:0] <bucket> got 545
[   10990 t#:0] <bucket> got 547
[   11030 t#:0] <bucket> got 549
[   11070 t#:0] <bucket> got 551
[   11110 t#:0] <bucket> got 553
[   11150 t#:0] <bucket> got 555
[   11190 t#:0] <bucket> got 557
[   11230 t#:0] <bucket> got 559
[   11270 t#:0] <bucket> got 561
[   11310 t#:0] <bucket> got 563
[   11350 t#:0] <bucket> got 565
[   11390 t#:0] <bucket> got 567
[   11430 t#:0] <bucket> got 569
[   11470 t#:0] <bucket> got 571
[   11510 t#:0] <bucket> got 573
[   11550 t#:0] <bucket> got 575
[   11590 t#:0] <bucket> got 577
[   11630 t#:0] <bucket> got 579
[   11670 t#:0] <bucket> got 581
[   11710 t#:0] <bucket> got 583
[   11750 t#:0] <bucket> got 585
[   11790 t#:0] <bucket> got 587
[   11830 t#:0] <bucket> got 589
[   11870 t#:0] <bucket> got 591
[   11910 t#:0] <bucket> got 593
[   11950 t#:0] <bucket> got 595
[   11990 t#:0] <bucket> got 597
[   12030 t#:0] <bucket> got 599
[   12070 t#:0] <bucket> got 601
[   12110 t#:0] <bucket> got 603
[   12150 t#:0] <bucket> got 605
[   12190 t#:0] <bucket> got 607
[   12230 t#:0] <bucket> got 609
[   12270 t#:0] <bucket> got 611
[   12310 t#:0] <bucket> got 613
[   12350 t#:0] <bucket> got 615
[   12390 t#:0] <bucket> got 617
[   12430 t#:0] <bucket> got 619
[   12470 t#:0] <bucket> got 621
[   12510 t#:0] <bucket> got 623
[   12550 t#:0] <bucket> got 625
[   12590 t#:0] <bucket> got 627
[   12630 t#:0] <bucket> got 629
[   12670 t#:0] <bucket> got 631
[   12710 t#:0] <bucket> got 633
[   12750 t#:0] <bucket> got 635
[   12790 t#:0] <bucket> got 637
[   12830 t#:0] <bucket> got 639
[   12870 t#:0] <bucket> got 641
[   12910 t#:0] <bucket> got 643
[   12950 t#:0] <bucket> got 645
[   12990 t#:0] <bucket> got 647
[   13030 t#:0] <bucket> got 649
[   13070 t#:0] <bucket> got 651
[   13110 t#:0] <bucket> got 653
[   13150 t#:0] <bucket> got 655
[   13190 t#:0] <bucket> got 657
[   13230 t#:0] <bucket> got 659
[   13270 t#:0] <bucket> got 661
[   13310 t#:0] <bucket> got 663
[   13350 t#:0] <bucket> got 665
[   13390 t#:0] <bucket> got 667
[   13430 t#:0] <bucket> got 669
[   13470 t#:0] <bucket> got 671
[   13510 t#:0] <bucket> got 673
[   13550 t#:0] <bucket> got 675
[   13590 t#:0] <bucket> got 677
[   13630 t#:0] <bucket> got 679
[   13670 t#:0] <bucket> got 681
[   13710 t#:0] <bucket> got 683
[   13750 t#:0] <bucket> got 685
[   13790 t#:0] <bucket> got 687
[   13830 t#:0] <bucket> got 689
[   13870 t#:0] <bucket> got 691
[   13910 t#:0] <bucket> got 693
[   13950 t#:0] <bucket> got 695
[   13990 t#:0] <bucket> got 697
[   14030 t#:0] <bucket> got 699
[   14070 t#:0] <bucket> got 701
[   14110 t#:0] <bucket> got 703
[   14150 t#:0] <bucket> got 705
[   14190 t#:0] <bucket> got 707
[   14230 t#:0] <bucket> got 709
[   14270 t#:0] <bucket> got 711
[   14310 t#:0] <bucket> got 713
[   14350 t#:0] <bucket> got 715
[   14390 t#:0] <bucket> got 717
[   14430 t#:0] <bucket> got 719
[   14470 t#:0] <bucket> got 721
[   14510 t#:0] <bucket> got 723
[   14550 t#:0] <bucket> got 725
[   14590 t#:0] <bucket> got 727
[   14630 t#:0] <bucket> got 729
[   14670 t#:0] <bucket> got 731
[   14710 t#:0] <bucket> got 733
[   14750 t#:0] <bucket> got 735
[   14790 t#:0] <bucket> got 737
[   14830 t#:0] <bucket> got 739
[   14870 t#:0] <bucket> got 741
[   14910 t#:0] <bucket> got 743
[   14950 t#:0] <bucket> got 745
[   14990 t#:0] <bucket> got 747
[   15030 t#:0] <bucket> got 749
[   15070 t#:0] <bucket> got 751
[   15110 t#:0] <bucket> got 753
[   15150 t#:0] <bucket> got 755
[   15190 t#:0] <bucket> got 757
[   15230 t#:0] <bucket> got 759
[   15270 t#:0] <bucket> got 761
[   15310 t#:0] <bucket> got 763
[   15350 t#:0] <bucket> got 765
[   15390 t#:0] <bucket> got 767
[   15430 t#:0] <bucket> got 769
[   15470 t#:0] <bucket> got 771
[   15510 t#:0] <bucket> got 773
[   15550 t#:0] <bucket> got 775
[   15590 t#:0] <bucket> got 777
[   15630 t#:0] <bucket> got 779
[   15670 t#:0] <bucket> got 781
[   15710 t#:0] <bucket> got 783
[   15750 t#:0] <bucket> got 785
[   15790 t#:0] <bucket> got 787
[   15830 t#:0] <bucket> got 789
[   15870 t#:0] <bucket> got 791
[   15910 t#:0] <bucket> got 793
[   15950 t#:0] <bucket> got 795
[   15990 t#:0] <bucket> got 797
[   16030 t#:0] <bucket> got 799
[   16070 t#:0] <bucket> got 801
[   16110 t#:0] <bucket> got 803
[   16150 t#:0] <bucket> got 805
[   16190 t#:0] <bucket> got 807
[   16230 t#:0] <bucket> got 809
[   16270 t#:0] <bucket> got 811
[   16310 t#:0] <bucket> got 813
[   16350 t#:0] <bucket> got 815
[   16390 t#:0] <bucket> got 817
[   16430 t#:0] <bucket> got 819
[   16470 t#:0] <bucket> got 821
[   16510 t#:0] <bucket> got 823
[   16550 t#:0] <bucket> got 825
[   16590 t#:0] <bucket> got 827
[   16630 t#:0] <bucket> got 829
[   16670 t#:0] <bucket> got 831
[   16710 t#:0] <bucket> got 833
[   16750 t#:0] <bucket> got 835
[   16790 t#:0] <bucket> got 837
[   16830 t#:0] <bucket> got 839
[   16870 t#:0] <bucket> got 841
[   16910 t#:0] <bucket> got 843
[   16950 t#:0] <bucket> got 845
[   16990 t#:0] <bucket> got 847
[   17030 t#:0] <bucket> got 849
[   17070 t#:0] <bucket> got 851
[   17110 t#:0] <bucket> got 853
[   17150 t#:0] <bucket> got 855
[   17190 t#:0] <bucket> got 857
[   17230 t#:0] <bucket> got 859
[   17270 t#:0] <bucket> got 861
[   17310 t#:0] <bucket> got 863
[   17350 t#:0] <bucket> got 865
[   17390 t#:0] <bucket> got 867
[   17430 t#:0] <bucket> got 869
[   17470 t#:0] <bucket> got 871
[   17510 t#:0] <bucket> got 873
[   17550 t#:0] <bucket> got 875
[   17590 t#:0] <bucket> got 877
[   17630 t#:0] <bucket> got 879
[   17670 t#:0] <bucket> got 881
[   17710 t#:0] <bucket> got 883
[   17750 t#:0] <bucket> got 885
[   17790 t#:0] <bucket> got 887
[   17830 t#:0] <bucket> got 889
[   17870 t#:0] <bucket> got 891
[   17910 t#:0] <bucket> got 893
[   17950 t#:0] <bucket> got 895
[   17990 t#:0] <bucket> got 897
[   18030 t#:0] <bucket> got 899
[   18070 t#:0] <bucket> got 901
[   18110 t#:0] <bucket> got 903
[   18150 t#:0] <bucket> got 905
[   18190 t#:0] <bucket> got 907
[   18230 t#:0] <bucket> got 909
[   18270 t#:0] <bucket> got 911
[   18310 t#:0] <bucket> got 913
[   18350 t#:0] <bucket> got 915
[   18390 t#:0] <bucket> got 917
[   18430 t#:0] <bucket> got 919
[   18470 t#:0] <bucket> got 921
[   18510 t#:0] <bucket> got 923
[   18550 t#:0] <bucket> got 925
[   18590 t#:0] <bucket> got 927
[   18630 t#:0] <bucket> got 929
[   18670 t#:0] <bucket> got 931
[   18710 t#:0] <bucket> got 933
[   18750 t#:0] <bucket> got 935
[   18790 t#:0] <bucket> got 937
[   18830 t#:0] <bucket> got 939
[   18870 t#:0] <bucket> got 941
[   18910 t#:0] <bucket> got 943
[   18950 t#:0] <bucket> got 945
[   18990 t#:0] <bucket> got 947
[   19030 t#:0] <bucket> got 949
[   19070 t#:0] <bucket> got 951
[   19110 t#:0] <bucket> got 953
[   19150 t#:0] <bucket> got 955
[   19190 t#:0] <bucket> got 957
[   19230 t#:0] <bucket> got 959
[   19270 t#:0] <bucket> got 961
[   19310 t#:0] <bucket> got 963
[   19350 t#:0] <bucket> got 965
[   19390 t#:0] <bucket> got 967
[   19430 t#:0] <bucket> got 969
[   19470 t#:0] <bucket> got 971
[   19510 t#:0] <bucket> got 973
[   19550 t#:0] <bucket> got 975
[   19590 t#:0] <bucket> got 977
[   19630 t#:0] <bucket> got 979
[   19670 t#:0] <bucket> got 981
[   19710 t#:0] <bucket> got 983
[   19750 t#:0] <bucket> got 985
[   19790 t#:0] <bucket> got 987
[   19830 t#:0] <bucket> got 989
[   19870 t#:0] <bucket> got 991
[   19910 t#:0] <bucket> got 993
[   19950 t#:0] <bucket> got 995
[   19990 t#:0] <bucket> got 997
[   20030 t#:0] <bucket> got 999
[   20070 t#:0] <bucket> got 1001
