Identifier `qe' used, but not used in the design hierarchy selected.
FATAL: Error in initializer block?
