[      10 t#:0] <> 2
[      20 t#:0] <> 4294967294
[      30 t#:0] <> 4294967294
[      40 t#:0] <> 2
