WARNING: test<>: substituting chp model (requested prs, not found)
FATAL: What type is this (9) in ~ChpSimGraph()?
