[      40 t#:0] <t> got: 0 1
[      90 t#:0] <t> got: 1 0
[     140 t#:0] <t> got: 0 1
[     190 t#:0] <t> got: 1 0
[     240 t#:0] <t> got: 0 1
[     290 t#:0] <t> got: 1 0
[     340 t#:0] <t> got: 0 1
[     390 t#:0] <t> got: 1 0
[     440 t#:0] <t> got: 0 1
[     490 t#:0] <t> got: 1 0
[     540 t#:0] <t> got: 0 1
[     590 t#:0] <t> got: 1 0
[     640 t#:0] <t> got: 0 1
[     690 t#:0] <t> got: 1 0
[     740 t#:0] <t> got: 0 1
[     790 t#:0] <t> got: 1 0
[     840 t#:0] <t> got: 0 1
[     890 t#:0] <t> got: 1 0
[     940 t#:0] <t> got: 0 1
[     990 t#:0] <t> got: 1 0
[    1040 t#:0] <t> got: 0 1
[    1090 t#:0] <t> got: 1 0
[    1140 t#:0] <t> got: 0 1
[    1190 t#:0] <t> got: 1 0
[    1240 t#:0] <t> got: 0 1
[    1290 t#:0] <t> got: 1 0
[    1340 t#:0] <t> got: 0 1
[    1390 t#:0] <t> got: 1 0
[    1440 t#:0] <t> got: 0 1
[    1490 t#:0] <t> got: 1 0
[    1540 t#:0] <t> got: 0 1
[    1590 t#:0] <t> got: 1 0
[    1640 t#:0] <t> got: 0 1
[    1690 t#:0] <t> got: 1 0
[    1740 t#:0] <t> got: 0 1
[    1790 t#:0] <t> got: 1 0
[    1840 t#:0] <t> got: 0 1
[    1890 t#:0] <t> got: 1 0
[    1940 t#:0] <t> got: 0 1
[    1990 t#:0] <t> got: 1 0
[    2040 t#:0] <t> got: 0 1
[    2090 t#:0] <t> got: 1 0
[    2140 t#:0] <t> got: 0 1
[    2190 t#:0] <t> got: 1 0
[    2240 t#:0] <t> got: 0 1
[    2290 t#:0] <t> got: 1 0
[    2340 t#:0] <t> got: 0 1
[    2390 t#:0] <t> got: 1 0
[    2440 t#:0] <t> got: 0 1
[    2490 t#:0] <t> got: 1 0
[    2540 t#:0] <t> got: 0 1
[    2590 t#:0] <t> got: 1 0
[    2640 t#:0] <t> got: 0 1
[    2690 t#:0] <t> got: 1 0
[    2740 t#:0] <t> got: 0 1
[    2790 t#:0] <t> got: 1 0
[    2840 t#:0] <t> got: 0 1
[    2890 t#:0] <t> got: 1 0
[    2940 t#:0] <t> got: 0 1
[    2990 t#:0] <t> got: 1 0
[    3040 t#:0] <t> got: 0 1
[    3090 t#:0] <t> got: 1 0
[    3140 t#:0] <t> got: 0 1
[    3190 t#:0] <t> got: 1 0
[    3240 t#:0] <t> got: 0 1
[    3290 t#:0] <t> got: 1 0
[    3340 t#:0] <t> got: 0 1
[    3390 t#:0] <t> got: 1 0
[    3440 t#:0] <t> got: 0 1
[    3490 t#:0] <t> got: 1 0
[    3540 t#:0] <t> got: 0 1
[    3590 t#:0] <t> got: 1 0
[    3640 t#:0] <t> got: 0 1
[    3690 t#:0] <t> got: 1 0
[    3740 t#:0] <t> got: 0 1
[    3790 t#:0] <t> got: 1 0
[    3840 t#:0] <t> got: 0 1
[    3890 t#:0] <t> got: 1 0
[    3940 t#:0] <t> got: 0 1
[    3990 t#:0] <t> got: 1 0
[    4040 t#:0] <t> got: 0 1
[    4090 t#:0] <t> got: 1 0
[    4140 t#:0] <t> got: 0 1
[    4190 t#:0] <t> got: 1 0
[    4240 t#:0] <t> got: 0 1
[    4290 t#:0] <t> got: 1 0
[    4340 t#:0] <t> got: 0 1
[    4390 t#:0] <t> got: 1 0
[    4440 t#:0] <t> got: 0 1
[    4490 t#:0] <t> got: 1 0
[    4540 t#:0] <t> got: 0 1
[    4590 t#:0] <t> got: 1 0
[    4640 t#:0] <t> got: 0 1
[    4690 t#:0] <t> got: 1 0
[    4740 t#:0] <t> got: 0 1
[    4790 t#:0] <t> got: 1 0
[    4840 t#:0] <t> got: 0 1
[    4890 t#:0] <t> got: 1 0
[    4940 t#:0] <t> got: 0 1
[    4990 t#:0] <t> got: 1 0
[    5040 t#:0] <t> got: 0 1
[    5090 t#:0] <t> got: 1 0
[    5140 t#:0] <t> got: 0 1
[    5190 t#:0] <t> got: 1 0
[    5240 t#:0] <t> got: 0 1
[    5290 t#:0] <t> got: 1 0
[    5340 t#:0] <t> got: 0 1
[    5390 t#:0] <t> got: 1 0
[    5440 t#:0] <t> got: 0 1
[    5490 t#:0] <t> got: 1 0
[    5540 t#:0] <t> got: 0 1
[    5590 t#:0] <t> got: 1 0
[    5640 t#:0] <t> got: 0 1
[    5690 t#:0] <t> got: 1 0
[    5740 t#:0] <t> got: 0 1
[    5790 t#:0] <t> got: 1 0
[    5840 t#:0] <t> got: 0 1
[    5890 t#:0] <t> got: 1 0
[    5940 t#:0] <t> got: 0 1
[    5990 t#:0] <t> got: 1 0
[    6040 t#:0] <t> got: 0 1
[    6090 t#:0] <t> got: 1 0
[    6140 t#:0] <t> got: 0 1
[    6190 t#:0] <t> got: 1 0
[    6240 t#:0] <t> got: 0 1
[    6290 t#:0] <t> got: 1 0
[    6340 t#:0] <t> got: 0 1
[    6390 t#:0] <t> got: 1 0
[    6440 t#:0] <t> got: 0 1
[    6490 t#:0] <t> got: 1 0
[    6540 t#:0] <t> got: 0 1
[    6590 t#:0] <t> got: 1 0
[    6640 t#:0] <t> got: 0 1
[    6690 t#:0] <t> got: 1 0
[    6740 t#:0] <t> got: 0 1
[    6790 t#:0] <t> got: 1 0
[    6840 t#:0] <t> got: 0 1
[    6890 t#:0] <t> got: 1 0
[    6940 t#:0] <t> got: 0 1
[    6990 t#:0] <t> got: 1 0
[    7040 t#:0] <t> got: 0 1
[    7090 t#:0] <t> got: 1 0
[    7140 t#:0] <t> got: 0 1
[    7190 t#:0] <t> got: 1 0
[    7240 t#:0] <t> got: 0 1
[    7290 t#:0] <t> got: 1 0
[    7340 t#:0] <t> got: 0 1
[    7390 t#:0] <t> got: 1 0
[    7440 t#:0] <t> got: 0 1
[    7490 t#:0] <t> got: 1 0
[    7540 t#:0] <t> got: 0 1
[    7590 t#:0] <t> got: 1 0
[    7640 t#:0] <t> got: 0 1
[    7690 t#:0] <t> got: 1 0
[    7740 t#:0] <t> got: 0 1
[    7790 t#:0] <t> got: 1 0
[    7840 t#:0] <t> got: 0 1
[    7890 t#:0] <t> got: 1 0
[    7940 t#:0] <t> got: 0 1
[    7990 t#:0] <t> got: 1 0
[    8040 t#:0] <t> got: 0 1
[    8090 t#:0] <t> got: 1 0
[    8140 t#:0] <t> got: 0 1
[    8190 t#:0] <t> got: 1 0
[    8240 t#:0] <t> got: 0 1
[    8290 t#:0] <t> got: 1 0
[    8340 t#:0] <t> got: 0 1
[    8390 t#:0] <t> got: 1 0
[    8440 t#:0] <t> got: 0 1
[    8490 t#:0] <t> got: 1 0
[    8540 t#:0] <t> got: 0 1
[    8590 t#:0] <t> got: 1 0
[    8640 t#:0] <t> got: 0 1
[    8690 t#:0] <t> got: 1 0
[    8740 t#:0] <t> got: 0 1
[    8790 t#:0] <t> got: 1 0
[    8840 t#:0] <t> got: 0 1
[    8890 t#:0] <t> got: 1 0
[    8940 t#:0] <t> got: 0 1
[    8990 t#:0] <t> got: 1 0
[    9040 t#:0] <t> got: 0 1
[    9090 t#:0] <t> got: 1 0
[    9140 t#:0] <t> got: 0 1
[    9190 t#:0] <t> got: 1 0
[    9240 t#:0] <t> got: 0 1
[    9290 t#:0] <t> got: 1 0
[    9340 t#:0] <t> got: 0 1
[    9390 t#:0] <t> got: 1 0
[    9440 t#:0] <t> got: 0 1
[    9490 t#:0] <t> got: 1 0
[    9540 t#:0] <t> got: 0 1
[    9590 t#:0] <t> got: 1 0
[    9640 t#:0] <t> got: 0 1
[    9690 t#:0] <t> got: 1 0
[    9740 t#:0] <t> got: 0 1
[    9790 t#:0] <t> got: 1 0
[    9840 t#:0] <t> got: 0 1
[    9890 t#:0] <t> got: 1 0
[    9940 t#:0] <t> got: 0 1
[    9990 t#:0] <t> got: 1 0
[   10040 t#:0] <t> got: 0 1
[   10090 t#:0] <t> got: 1 0
[   10140 t#:0] <t> got: 0 1
[   10190 t#:0] <t> got: 1 0
[   10240 t#:0] <t> got: 0 1
[   10290 t#:0] <t> got: 1 0
[   10340 t#:0] <t> got: 0 1
[   10390 t#:0] <t> got: 1 0
[   10440 t#:0] <t> got: 0 1
[   10490 t#:0] <t> got: 1 0
[   10540 t#:0] <t> got: 0 1
[   10590 t#:0] <t> got: 1 0
[   10640 t#:0] <t> got: 0 1
[   10690 t#:0] <t> got: 1 0
[   10740 t#:0] <t> got: 0 1
[   10790 t#:0] <t> got: 1 0
[   10840 t#:0] <t> got: 0 1
[   10890 t#:0] <t> got: 1 0
[   10940 t#:0] <t> got: 0 1
[   10990 t#:0] <t> got: 1 0
[   11040 t#:0] <t> got: 0 1
[   11090 t#:0] <t> got: 1 0
[   11140 t#:0] <t> got: 0 1
[   11190 t#:0] <t> got: 1 0
[   11240 t#:0] <t> got: 0 1
[   11290 t#:0] <t> got: 1 0
[   11340 t#:0] <t> got: 0 1
[   11390 t#:0] <t> got: 1 0
[   11440 t#:0] <t> got: 0 1
[   11490 t#:0] <t> got: 1 0
[   11540 t#:0] <t> got: 0 1
[   11590 t#:0] <t> got: 1 0
[   11640 t#:0] <t> got: 0 1
[   11690 t#:0] <t> got: 1 0
[   11740 t#:0] <t> got: 0 1
[   11790 t#:0] <t> got: 1 0
[   11840 t#:0] <t> got: 0 1
[   11890 t#:0] <t> got: 1 0
[   11940 t#:0] <t> got: 0 1
[   11990 t#:0] <t> got: 1 0
[   12040 t#:0] <t> got: 0 1
[   12090 t#:0] <t> got: 1 0
[   12140 t#:0] <t> got: 0 1
[   12190 t#:0] <t> got: 1 0
[   12240 t#:0] <t> got: 0 1
[   12290 t#:0] <t> got: 1 0
[   12340 t#:0] <t> got: 0 1
[   12390 t#:0] <t> got: 1 0
[   12440 t#:0] <t> got: 0 1
[   12490 t#:0] <t> got: 1 0
[   12540 t#:0] <t> got: 0 1
[   12590 t#:0] <t> got: 1 0
[   12640 t#:0] <t> got: 0 1
[   12690 t#:0] <t> got: 1 0
[   12740 t#:0] <t> got: 0 1
[   12790 t#:0] <t> got: 1 0
[   12840 t#:0] <t> got: 0 1
[   12890 t#:0] <t> got: 1 0
[   12940 t#:0] <t> got: 0 1
[   12990 t#:0] <t> got: 1 0
[   13040 t#:0] <t> got: 0 1
[   13090 t#:0] <t> got: 1 0
[   13140 t#:0] <t> got: 0 1
[   13190 t#:0] <t> got: 1 0
[   13240 t#:0] <t> got: 0 1
[   13290 t#:0] <t> got: 1 0
[   13340 t#:0] <t> got: 0 1
[   13390 t#:0] <t> got: 1 0
[   13440 t#:0] <t> got: 0 1
[   13490 t#:0] <t> got: 1 0
[   13540 t#:0] <t> got: 0 1
[   13590 t#:0] <t> got: 1 0
[   13640 t#:0] <t> got: 0 1
[   13690 t#:0] <t> got: 1 0
[   13740 t#:0] <t> got: 0 1
[   13790 t#:0] <t> got: 1 0
[   13840 t#:0] <t> got: 0 1
[   13890 t#:0] <t> got: 1 0
[   13940 t#:0] <t> got: 0 1
[   13990 t#:0] <t> got: 1 0
[   14040 t#:0] <t> got: 0 1
[   14090 t#:0] <t> got: 1 0
[   14140 t#:0] <t> got: 0 1
[   14190 t#:0] <t> got: 1 0
[   14240 t#:0] <t> got: 0 1
[   14290 t#:0] <t> got: 1 0
[   14340 t#:0] <t> got: 0 1
[   14390 t#:0] <t> got: 1 0
[   14440 t#:0] <t> got: 0 1
[   14490 t#:0] <t> got: 1 0
[   14540 t#:0] <t> got: 0 1
[   14590 t#:0] <t> got: 1 0
[   14640 t#:0] <t> got: 0 1
[   14690 t#:0] <t> got: 1 0
[   14740 t#:0] <t> got: 0 1
[   14790 t#:0] <t> got: 1 0
[   14840 t#:0] <t> got: 0 1
[   14890 t#:0] <t> got: 1 0
[   14940 t#:0] <t> got: 0 1
[   14990 t#:0] <t> got: 1 0
[   15040 t#:0] <t> got: 0 1
[   15090 t#:0] <t> got: 1 0
[   15140 t#:0] <t> got: 0 1
[   15190 t#:0] <t> got: 1 0
[   15240 t#:0] <t> got: 0 1
[   15290 t#:0] <t> got: 1 0
[   15340 t#:0] <t> got: 0 1
[   15390 t#:0] <t> got: 1 0
[   15440 t#:0] <t> got: 0 1
[   15490 t#:0] <t> got: 1 0
[   15540 t#:0] <t> got: 0 1
[   15590 t#:0] <t> got: 1 0
[   15640 t#:0] <t> got: 0 1
[   15690 t#:0] <t> got: 1 0
[   15740 t#:0] <t> got: 0 1
[   15790 t#:0] <t> got: 1 0
[   15840 t#:0] <t> got: 0 1
[   15890 t#:0] <t> got: 1 0
[   15940 t#:0] <t> got: 0 1
[   15990 t#:0] <t> got: 1 0
[   16040 t#:0] <t> got: 0 1
[   16090 t#:0] <t> got: 1 0
[   16140 t#:0] <t> got: 0 1
[   16190 t#:0] <t> got: 1 0
[   16240 t#:0] <t> got: 0 1
[   16290 t#:0] <t> got: 1 0
[   16340 t#:0] <t> got: 0 1
[   16390 t#:0] <t> got: 1 0
[   16440 t#:0] <t> got: 0 1
[   16490 t#:0] <t> got: 1 0
[   16540 t#:0] <t> got: 0 1
[   16590 t#:0] <t> got: 1 0
[   16640 t#:0] <t> got: 0 1
[   16690 t#:0] <t> got: 1 0
[   16740 t#:0] <t> got: 0 1
[   16790 t#:0] <t> got: 1 0
[   16840 t#:0] <t> got: 0 1
[   16890 t#:0] <t> got: 1 0
[   16940 t#:0] <t> got: 0 1
[   16990 t#:0] <t> got: 1 0
[   17040 t#:0] <t> got: 0 1
[   17090 t#:0] <t> got: 1 0
[   17140 t#:0] <t> got: 0 1
[   17190 t#:0] <t> got: 1 0
[   17240 t#:0] <t> got: 0 1
[   17290 t#:0] <t> got: 1 0
[   17340 t#:0] <t> got: 0 1
[   17390 t#:0] <t> got: 1 0
[   17440 t#:0] <t> got: 0 1
[   17490 t#:0] <t> got: 1 0
[   17540 t#:0] <t> got: 0 1
[   17590 t#:0] <t> got: 1 0
[   17640 t#:0] <t> got: 0 1
[   17690 t#:0] <t> got: 1 0
[   17740 t#:0] <t> got: 0 1
[   17790 t#:0] <t> got: 1 0
[   17840 t#:0] <t> got: 0 1
[   17890 t#:0] <t> got: 1 0
[   17940 t#:0] <t> got: 0 1
[   17990 t#:0] <t> got: 1 0
[   18040 t#:0] <t> got: 0 1
[   18090 t#:0] <t> got: 1 0
[   18140 t#:0] <t> got: 0 1
[   18190 t#:0] <t> got: 1 0
[   18240 t#:0] <t> got: 0 1
[   18290 t#:0] <t> got: 1 0
[   18340 t#:0] <t> got: 0 1
[   18390 t#:0] <t> got: 1 0
[   18440 t#:0] <t> got: 0 1
[   18490 t#:0] <t> got: 1 0
[   18540 t#:0] <t> got: 0 1
[   18590 t#:0] <t> got: 1 0
[   18640 t#:0] <t> got: 0 1
[   18690 t#:0] <t> got: 1 0
[   18740 t#:0] <t> got: 0 1
[   18790 t#:0] <t> got: 1 0
[   18840 t#:0] <t> got: 0 1
[   18890 t#:0] <t> got: 1 0
[   18940 t#:0] <t> got: 0 1
[   18990 t#:0] <t> got: 1 0
[   19040 t#:0] <t> got: 0 1
[   19090 t#:0] <t> got: 1 0
[   19140 t#:0] <t> got: 0 1
[   19190 t#:0] <t> got: 1 0
[   19240 t#:0] <t> got: 0 1
[   19290 t#:0] <t> got: 1 0
[   19340 t#:0] <t> got: 0 1
[   19390 t#:0] <t> got: 1 0
[   19440 t#:0] <t> got: 0 1
[   19490 t#:0] <t> got: 1 0
[   19540 t#:0] <t> got: 0 1
[   19590 t#:0] <t> got: 1 0
[   19640 t#:0] <t> got: 0 1
[   19690 t#:0] <t> got: 1 0
[   19740 t#:0] <t> got: 0 1
[   19790 t#:0] <t> got: 1 0
[   19840 t#:0] <t> got: 0 1
[   19890 t#:0] <t> got: 1 0
[   19940 t#:0] <t> got: 0 1
[   19990 t#:0] <t> got: 1 0
[   20040 t#:0] <t> got: 0 1
[   20090 t#:0] <t> got: 1 0
[   20140 t#:0] <t> got: 0 1
[   20190 t#:0] <t> got: 1 0
[   20240 t#:0] <t> got: 0 1
[   20290 t#:0] <t> got: 1 0
[   20340 t#:0] <t> got: 0 1
[   20390 t#:0] <t> got: 1 0
[   20440 t#:0] <t> got: 0 1
[   20490 t#:0] <t> got: 1 0
[   20540 t#:0] <t> got: 0 1
[   20590 t#:0] <t> got: 1 0
[   20640 t#:0] <t> got: 0 1
[   20690 t#:0] <t> got: 1 0
[   20740 t#:0] <t> got: 0 1
[   20790 t#:0] <t> got: 1 0
[   20840 t#:0] <t> got: 0 1
[   20890 t#:0] <t> got: 1 0
[   20940 t#:0] <t> got: 0 1
[   20990 t#:0] <t> got: 1 0
[   21040 t#:0] <t> got: 0 1
[   21090 t#:0] <t> got: 1 0
[   21140 t#:0] <t> got: 0 1
[   21190 t#:0] <t> got: 1 0
[   21240 t#:0] <t> got: 0 1
[   21290 t#:0] <t> got: 1 0
[   21340 t#:0] <t> got: 0 1
[   21390 t#:0] <t> got: 1 0
[   21440 t#:0] <t> got: 0 1
[   21490 t#:0] <t> got: 1 0
[   21540 t#:0] <t> got: 0 1
[   21590 t#:0] <t> got: 1 0
[   21640 t#:0] <t> got: 0 1
[   21690 t#:0] <t> got: 1 0
[   21740 t#:0] <t> got: 0 1
[   21790 t#:0] <t> got: 1 0
[   21840 t#:0] <t> got: 0 1
[   21890 t#:0] <t> got: 1 0
[   21940 t#:0] <t> got: 0 1
[   21990 t#:0] <t> got: 1 0
[   22040 t#:0] <t> got: 0 1
[   22090 t#:0] <t> got: 1 0
[   22140 t#:0] <t> got: 0 1
[   22190 t#:0] <t> got: 1 0
[   22240 t#:0] <t> got: 0 1
[   22290 t#:0] <t> got: 1 0
[   22340 t#:0] <t> got: 0 1
[   22390 t#:0] <t> got: 1 0
[   22440 t#:0] <t> got: 0 1
[   22490 t#:0] <t> got: 1 0
[   22540 t#:0] <t> got: 0 1
[   22590 t#:0] <t> got: 1 0
[   22640 t#:0] <t> got: 0 1
[   22690 t#:0] <t> got: 1 0
[   22740 t#:0] <t> got: 0 1
[   22790 t#:0] <t> got: 1 0
[   22840 t#:0] <t> got: 0 1
[   22890 t#:0] <t> got: 1 0
[   22940 t#:0] <t> got: 0 1
[   22990 t#:0] <t> got: 1 0
[   23040 t#:0] <t> got: 0 1
[   23090 t#:0] <t> got: 1 0
[   23140 t#:0] <t> got: 0 1
[   23190 t#:0] <t> got: 1 0
[   23240 t#:0] <t> got: 0 1
[   23290 t#:0] <t> got: 1 0
[   23340 t#:0] <t> got: 0 1
[   23390 t#:0] <t> got: 1 0
[   23440 t#:0] <t> got: 0 1
[   23490 t#:0] <t> got: 1 0
[   23540 t#:0] <t> got: 0 1
[   23590 t#:0] <t> got: 1 0
[   23640 t#:0] <t> got: 0 1
[   23690 t#:0] <t> got: 1 0
[   23740 t#:0] <t> got: 0 1
[   23790 t#:0] <t> got: 1 0
[   23840 t#:0] <t> got: 0 1
[   23890 t#:0] <t> got: 1 0
[   23940 t#:0] <t> got: 0 1
[   23990 t#:0] <t> got: 1 0
[   24040 t#:0] <t> got: 0 1
[   24090 t#:0] <t> got: 1 0
[   24140 t#:0] <t> got: 0 1
[   24190 t#:0] <t> got: 1 0
[   24240 t#:0] <t> got: 0 1
[   24290 t#:0] <t> got: 1 0
[   24340 t#:0] <t> got: 0 1
[   24390 t#:0] <t> got: 1 0
[   24440 t#:0] <t> got: 0 1
[   24490 t#:0] <t> got: 1 0
[   24540 t#:0] <t> got: 0 1
[   24590 t#:0] <t> got: 1 0
[   24640 t#:0] <t> got: 0 1
[   24690 t#:0] <t> got: 1 0
[   24740 t#:0] <t> got: 0 1
[   24790 t#:0] <t> got: 1 0
[   24840 t#:0] <t> got: 0 1
[   24890 t#:0] <t> got: 1 0
[   24940 t#:0] <t> got: 0 1
[   24990 t#:0] <t> got: 1 0
[   25040 t#:0] <t> got: 0 1
[   25090 t#:0] <t> got: 1 0
[   25140 t#:0] <t> got: 0 1
[   25190 t#:0] <t> got: 1 0
[   25240 t#:0] <t> got: 0 1
[   25290 t#:0] <t> got: 1 0
[   25340 t#:0] <t> got: 0 1
[   25390 t#:0] <t> got: 1 0
[   25440 t#:0] <t> got: 0 1
[   25490 t#:0] <t> got: 1 0
[   25540 t#:0] <t> got: 0 1
[   25590 t#:0] <t> got: 1 0
[   25640 t#:0] <t> got: 0 1
[   25690 t#:0] <t> got: 1 0
[   25740 t#:0] <t> got: 0 1
[   25790 t#:0] <t> got: 1 0
[   25840 t#:0] <t> got: 0 1
[   25890 t#:0] <t> got: 1 0
[   25940 t#:0] <t> got: 0 1
[   25990 t#:0] <t> got: 1 0
[   26040 t#:0] <t> got: 0 1
[   26090 t#:0] <t> got: 1 0
[   26140 t#:0] <t> got: 0 1
[   26190 t#:0] <t> got: 1 0
[   26240 t#:0] <t> got: 0 1
[   26290 t#:0] <t> got: 1 0
[   26340 t#:0] <t> got: 0 1
[   26390 t#:0] <t> got: 1 0
[   26440 t#:0] <t> got: 0 1
[   26490 t#:0] <t> got: 1 0
[   26540 t#:0] <t> got: 0 1
[   26590 t#:0] <t> got: 1 0
[   26640 t#:0] <t> got: 0 1
[   26690 t#:0] <t> got: 1 0
[   26740 t#:0] <t> got: 0 1
[   26790 t#:0] <t> got: 1 0
[   26840 t#:0] <t> got: 0 1
[   26890 t#:0] <t> got: 1 0
[   26940 t#:0] <t> got: 0 1
[   26990 t#:0] <t> got: 1 0
[   27040 t#:0] <t> got: 0 1
[   27090 t#:0] <t> got: 1 0
[   27140 t#:0] <t> got: 0 1
[   27190 t#:0] <t> got: 1 0
[   27240 t#:0] <t> got: 0 1
[   27290 t#:0] <t> got: 1 0
[   27340 t#:0] <t> got: 0 1
[   27390 t#:0] <t> got: 1 0
[   27440 t#:0] <t> got: 0 1
[   27490 t#:0] <t> got: 1 0
[   27540 t#:0] <t> got: 0 1
[   27590 t#:0] <t> got: 1 0
[   27640 t#:0] <t> got: 0 1
[   27690 t#:0] <t> got: 1 0
[   27740 t#:0] <t> got: 0 1
[   27790 t#:0] <t> got: 1 0
[   27840 t#:0] <t> got: 0 1
[   27890 t#:0] <t> got: 1 0
[   27940 t#:0] <t> got: 0 1
[   27990 t#:0] <t> got: 1 0
[   28040 t#:0] <t> got: 0 1
[   28090 t#:0] <t> got: 1 0
[   28140 t#:0] <t> got: 0 1
[   28190 t#:0] <t> got: 1 0
[   28240 t#:0] <t> got: 0 1
[   28290 t#:0] <t> got: 1 0
[   28340 t#:0] <t> got: 0 1
[   28390 t#:0] <t> got: 1 0
[   28440 t#:0] <t> got: 0 1
[   28490 t#:0] <t> got: 1 0
[   28540 t#:0] <t> got: 0 1
[   28590 t#:0] <t> got: 1 0
[   28640 t#:0] <t> got: 0 1
[   28690 t#:0] <t> got: 1 0
[   28740 t#:0] <t> got: 0 1
[   28790 t#:0] <t> got: 1 0
[   28840 t#:0] <t> got: 0 1
[   28890 t#:0] <t> got: 1 0
[   28940 t#:0] <t> got: 0 1
[   28990 t#:0] <t> got: 1 0
[   29040 t#:0] <t> got: 0 1
[   29090 t#:0] <t> got: 1 0
[   29140 t#:0] <t> got: 0 1
[   29190 t#:0] <t> got: 1 0
[   29240 t#:0] <t> got: 0 1
[   29290 t#:0] <t> got: 1 0
[   29340 t#:0] <t> got: 0 1
[   29390 t#:0] <t> got: 1 0
[   29440 t#:0] <t> got: 0 1
[   29490 t#:0] <t> got: 1 0
[   29540 t#:0] <t> got: 0 1
[   29590 t#:0] <t> got: 1 0
[   29640 t#:0] <t> got: 0 1
[   29690 t#:0] <t> got: 1 0
[   29740 t#:0] <t> got: 0 1
[   29790 t#:0] <t> got: 1 0
[   29840 t#:0] <t> got: 0 1
[   29890 t#:0] <t> got: 1 0
[   29940 t#:0] <t> got: 0 1
[   29990 t#:0] <t> got: 1 0
[   30040 t#:0] <t> got: 0 1
[   30090 t#:0] <t> got: 1 0
[   30140 t#:0] <t> got: 0 1
[   30190 t#:0] <t> got: 1 0
[   30240 t#:0] <t> got: 0 1
[   30290 t#:0] <t> got: 1 0
[   30340 t#:0] <t> got: 0 1
[   30390 t#:0] <t> got: 1 0
[   30440 t#:0] <t> got: 0 1
[   30490 t#:0] <t> got: 1 0
[   30540 t#:0] <t> got: 0 1
[   30590 t#:0] <t> got: 1 0
[   30640 t#:0] <t> got: 0 1
[   30690 t#:0] <t> got: 1 0
[   30740 t#:0] <t> got: 0 1
[   30790 t#:0] <t> got: 1 0
[   30840 t#:0] <t> got: 0 1
[   30890 t#:0] <t> got: 1 0
[   30940 t#:0] <t> got: 0 1
[   30990 t#:0] <t> got: 1 0
[   31040 t#:0] <t> got: 0 1
[   31090 t#:0] <t> got: 1 0
[   31140 t#:0] <t> got: 0 1
[   31190 t#:0] <t> got: 1 0
[   31240 t#:0] <t> got: 0 1
[   31290 t#:0] <t> got: 1 0
[   31340 t#:0] <t> got: 0 1
[   31390 t#:0] <t> got: 1 0
[   31440 t#:0] <t> got: 0 1
[   31490 t#:0] <t> got: 1 0
[   31540 t#:0] <t> got: 0 1
[   31590 t#:0] <t> got: 1 0
[   31640 t#:0] <t> got: 0 1
[   31690 t#:0] <t> got: 1 0
[   31740 t#:0] <t> got: 0 1
[   31790 t#:0] <t> got: 1 0
[   31840 t#:0] <t> got: 0 1
[   31890 t#:0] <t> got: 1 0
[   31940 t#:0] <t> got: 0 1
[   31990 t#:0] <t> got: 1 0
[   32040 t#:0] <t> got: 0 1
[   32090 t#:0] <t> got: 1 0
[   32140 t#:0] <t> got: 0 1
[   32190 t#:0] <t> got: 1 0
[   32240 t#:0] <t> got: 0 1
[   32290 t#:0] <t> got: 1 0
[   32340 t#:0] <t> got: 0 1
[   32390 t#:0] <t> got: 1 0
[   32440 t#:0] <t> got: 0 1
[   32490 t#:0] <t> got: 1 0
[   32540 t#:0] <t> got: 0 1
[   32590 t#:0] <t> got: 1 0
[   32640 t#:0] <t> got: 0 1
[   32690 t#:0] <t> got: 1 0
[   32740 t#:0] <t> got: 0 1
[   32790 t#:0] <t> got: 1 0
[   32840 t#:0] <t> got: 0 1
[   32890 t#:0] <t> got: 1 0
[   32940 t#:0] <t> got: 0 1
[   32990 t#:0] <t> got: 1 0
[   33040 t#:0] <t> got: 0 1
[   33090 t#:0] <t> got: 1 0
[   33140 t#:0] <t> got: 0 1
[   33190 t#:0] <t> got: 1 0
[   33240 t#:0] <t> got: 0 1
[   33290 t#:0] <t> got: 1 0
[   33340 t#:0] <t> got: 0 1
[   33390 t#:0] <t> got: 1 0
[   33440 t#:0] <t> got: 0 1
[   33490 t#:0] <t> got: 1 0
[   33540 t#:0] <t> got: 0 1
[   33590 t#:0] <t> got: 1 0
[   33640 t#:0] <t> got: 0 1
[   33690 t#:0] <t> got: 1 0
[   33740 t#:0] <t> got: 0 1
[   33790 t#:0] <t> got: 1 0
[   33840 t#:0] <t> got: 0 1
[   33890 t#:0] <t> got: 1 0
[   33940 t#:0] <t> got: 0 1
[   33990 t#:0] <t> got: 1 0
[   34040 t#:0] <t> got: 0 1
[   34090 t#:0] <t> got: 1 0
[   34140 t#:0] <t> got: 0 1
[   34190 t#:0] <t> got: 1 0
[   34240 t#:0] <t> got: 0 1
[   34290 t#:0] <t> got: 1 0
[   34340 t#:0] <t> got: 0 1
[   34390 t#:0] <t> got: 1 0
[   34440 t#:0] <t> got: 0 1
[   34490 t#:0] <t> got: 1 0
[   34540 t#:0] <t> got: 0 1
[   34590 t#:0] <t> got: 1 0
[   34640 t#:0] <t> got: 0 1
[   34690 t#:0] <t> got: 1 0
[   34740 t#:0] <t> got: 0 1
[   34790 t#:0] <t> got: 1 0
[   34840 t#:0] <t> got: 0 1
[   34890 t#:0] <t> got: 1 0
[   34940 t#:0] <t> got: 0 1
[   34990 t#:0] <t> got: 1 0
[   35040 t#:0] <t> got: 0 1
[   35090 t#:0] <t> got: 1 0
[   35140 t#:0] <t> got: 0 1
[   35190 t#:0] <t> got: 1 0
[   35240 t#:0] <t> got: 0 1
[   35290 t#:0] <t> got: 1 0
[   35340 t#:0] <t> got: 0 1
[   35390 t#:0] <t> got: 1 0
[   35440 t#:0] <t> got: 0 1
[   35490 t#:0] <t> got: 1 0
[   35540 t#:0] <t> got: 0 1
[   35590 t#:0] <t> got: 1 0
[   35640 t#:0] <t> got: 0 1
[   35690 t#:0] <t> got: 1 0
[   35740 t#:0] <t> got: 0 1
[   35790 t#:0] <t> got: 1 0
[   35840 t#:0] <t> got: 0 1
[   35890 t#:0] <t> got: 1 0
[   35940 t#:0] <t> got: 0 1
[   35990 t#:0] <t> got: 1 0
[   36040 t#:0] <t> got: 0 1
[   36090 t#:0] <t> got: 1 0
[   36140 t#:0] <t> got: 0 1
[   36190 t#:0] <t> got: 1 0
[   36240 t#:0] <t> got: 0 1
[   36290 t#:0] <t> got: 1 0
[   36340 t#:0] <t> got: 0 1
[   36390 t#:0] <t> got: 1 0
[   36440 t#:0] <t> got: 0 1
[   36490 t#:0] <t> got: 1 0
[   36540 t#:0] <t> got: 0 1
[   36590 t#:0] <t> got: 1 0
[   36640 t#:0] <t> got: 0 1
[   36690 t#:0] <t> got: 1 0
[   36740 t#:0] <t> got: 0 1
[   36790 t#:0] <t> got: 1 0
[   36840 t#:0] <t> got: 0 1
[   36890 t#:0] <t> got: 1 0
[   36940 t#:0] <t> got: 0 1
[   36990 t#:0] <t> got: 1 0
[   37040 t#:0] <t> got: 0 1
[   37090 t#:0] <t> got: 1 0
[   37140 t#:0] <t> got: 0 1
[   37190 t#:0] <t> got: 1 0
[   37240 t#:0] <t> got: 0 1
[   37290 t#:0] <t> got: 1 0
[   37340 t#:0] <t> got: 0 1
[   37390 t#:0] <t> got: 1 0
[   37440 t#:0] <t> got: 0 1
[   37490 t#:0] <t> got: 1 0
[   37540 t#:0] <t> got: 0 1
[   37590 t#:0] <t> got: 1 0
[   37640 t#:0] <t> got: 0 1
[   37690 t#:0] <t> got: 1 0
[   37740 t#:0] <t> got: 0 1
[   37790 t#:0] <t> got: 1 0
[   37840 t#:0] <t> got: 0 1
[   37890 t#:0] <t> got: 1 0
[   37940 t#:0] <t> got: 0 1
[   37990 t#:0] <t> got: 1 0
[   38040 t#:0] <t> got: 0 1
[   38090 t#:0] <t> got: 1 0
[   38140 t#:0] <t> got: 0 1
[   38190 t#:0] <t> got: 1 0
[   38240 t#:0] <t> got: 0 1
[   38290 t#:0] <t> got: 1 0
[   38340 t#:0] <t> got: 0 1
[   38390 t#:0] <t> got: 1 0
[   38440 t#:0] <t> got: 0 1
[   38490 t#:0] <t> got: 1 0
[   38540 t#:0] <t> got: 0 1
[   38590 t#:0] <t> got: 1 0
[   38640 t#:0] <t> got: 0 1
[   38690 t#:0] <t> got: 1 0
[   38740 t#:0] <t> got: 0 1
[   38790 t#:0] <t> got: 1 0
[   38840 t#:0] <t> got: 0 1
[   38890 t#:0] <t> got: 1 0
[   38940 t#:0] <t> got: 0 1
[   38990 t#:0] <t> got: 1 0
[   39040 t#:0] <t> got: 0 1
[   39090 t#:0] <t> got: 1 0
[   39140 t#:0] <t> got: 0 1
[   39190 t#:0] <t> got: 1 0
[   39240 t#:0] <t> got: 0 1
[   39290 t#:0] <t> got: 1 0
[   39340 t#:0] <t> got: 0 1
[   39390 t#:0] <t> got: 1 0
[   39440 t#:0] <t> got: 0 1
[   39490 t#:0] <t> got: 1 0
[   39540 t#:0] <t> got: 0 1
[   39590 t#:0] <t> got: 1 0
[   39640 t#:0] <t> got: 0 1
[   39690 t#:0] <t> got: 1 0
[   39740 t#:0] <t> got: 0 1
[   39790 t#:0] <t> got: 1 0
[   39840 t#:0] <t> got: 0 1
[   39890 t#:0] <t> got: 1 0
[   39940 t#:0] <t> got: 0 1
[   39990 t#:0] <t> got: 1 0
[   40040 t#:0] <t> got: 0 1
[   40090 t#:0] <t> got: 1 0
[   40140 t#:0] <t> got: 0 1
[   40190 t#:0] <t> got: 1 0
[   40240 t#:0] <t> got: 0 1
[   40290 t#:0] <t> got: 1 0
[   40340 t#:0] <t> got: 0 1
[   40390 t#:0] <t> got: 1 0
[   40440 t#:0] <t> got: 0 1
[   40490 t#:0] <t> got: 1 0
[   40540 t#:0] <t> got: 0 1
[   40590 t#:0] <t> got: 1 0
[   40640 t#:0] <t> got: 0 1
[   40690 t#:0] <t> got: 1 0
[   40740 t#:0] <t> got: 0 1
[   40790 t#:0] <t> got: 1 0
[   40840 t#:0] <t> got: 0 1
[   40890 t#:0] <t> got: 1 0
[   40940 t#:0] <t> got: 0 1
[   40990 t#:0] <t> got: 1 0
[   41040 t#:0] <t> got: 0 1
[   41090 t#:0] <t> got: 1 0
[   41140 t#:0] <t> got: 0 1
[   41190 t#:0] <t> got: 1 0
[   41240 t#:0] <t> got: 0 1
[   41290 t#:0] <t> got: 1 0
[   41340 t#:0] <t> got: 0 1
[   41390 t#:0] <t> got: 1 0
[   41440 t#:0] <t> got: 0 1
[   41490 t#:0] <t> got: 1 0
[   41540 t#:0] <t> got: 0 1
[   41590 t#:0] <t> got: 1 0
[   41640 t#:0] <t> got: 0 1
[   41690 t#:0] <t> got: 1 0
[   41740 t#:0] <t> got: 0 1
[   41790 t#:0] <t> got: 1 0
[   41840 t#:0] <t> got: 0 1
[   41890 t#:0] <t> got: 1 0
[   41940 t#:0] <t> got: 0 1
[   41990 t#:0] <t> got: 1 0
[   42040 t#:0] <t> got: 0 1
[   42090 t#:0] <t> got: 1 0
[   42140 t#:0] <t> got: 0 1
[   42190 t#:0] <t> got: 1 0
[   42240 t#:0] <t> got: 0 1
[   42290 t#:0] <t> got: 1 0
[   42340 t#:0] <t> got: 0 1
[   42390 t#:0] <t> got: 1 0
[   42440 t#:0] <t> got: 0 1
[   42490 t#:0] <t> got: 1 0
[   42540 t#:0] <t> got: 0 1
[   42590 t#:0] <t> got: 1 0
[   42640 t#:0] <t> got: 0 1
[   42690 t#:0] <t> got: 1 0
[   42740 t#:0] <t> got: 0 1
[   42790 t#:0] <t> got: 1 0
[   42840 t#:0] <t> got: 0 1
[   42890 t#:0] <t> got: 1 0
[   42940 t#:0] <t> got: 0 1
[   42990 t#:0] <t> got: 1 0
[   43040 t#:0] <t> got: 0 1
[   43090 t#:0] <t> got: 1 0
[   43140 t#:0] <t> got: 0 1
[   43190 t#:0] <t> got: 1 0
[   43240 t#:0] <t> got: 0 1
[   43290 t#:0] <t> got: 1 0
[   43340 t#:0] <t> got: 0 1
[   43390 t#:0] <t> got: 1 0
[   43440 t#:0] <t> got: 0 1
[   43490 t#:0] <t> got: 1 0
[   43540 t#:0] <t> got: 0 1
[   43590 t#:0] <t> got: 1 0
[   43640 t#:0] <t> got: 0 1
[   43690 t#:0] <t> got: 1 0
[   43740 t#:0] <t> got: 0 1
[   43790 t#:0] <t> got: 1 0
[   43840 t#:0] <t> got: 0 1
[   43890 t#:0] <t> got: 1 0
[   43940 t#:0] <t> got: 0 1
[   43990 t#:0] <t> got: 1 0
[   44040 t#:0] <t> got: 0 1
[   44090 t#:0] <t> got: 1 0
[   44140 t#:0] <t> got: 0 1
[   44190 t#:0] <t> got: 1 0
[   44240 t#:0] <t> got: 0 1
[   44290 t#:0] <t> got: 1 0
[   44340 t#:0] <t> got: 0 1
[   44390 t#:0] <t> got: 1 0
[   44440 t#:0] <t> got: 0 1
[   44490 t#:0] <t> got: 1 0
[   44540 t#:0] <t> got: 0 1
[   44590 t#:0] <t> got: 1 0
[   44640 t#:0] <t> got: 0 1
[   44690 t#:0] <t> got: 1 0
[   44740 t#:0] <t> got: 0 1
[   44790 t#:0] <t> got: 1 0
[   44840 t#:0] <t> got: 0 1
[   44890 t#:0] <t> got: 1 0
[   44940 t#:0] <t> got: 0 1
[   44990 t#:0] <t> got: 1 0
[   45040 t#:0] <t> got: 0 1
[   45090 t#:0] <t> got: 1 0
[   45140 t#:0] <t> got: 0 1
[   45190 t#:0] <t> got: 1 0
[   45240 t#:0] <t> got: 0 1
[   45290 t#:0] <t> got: 1 0
[   45340 t#:0] <t> got: 0 1
[   45390 t#:0] <t> got: 1 0
[   45440 t#:0] <t> got: 0 1
[   45490 t#:0] <t> got: 1 0
[   45540 t#:0] <t> got: 0 1
[   45590 t#:0] <t> got: 1 0
[   45640 t#:0] <t> got: 0 1
[   45690 t#:0] <t> got: 1 0
[   45740 t#:0] <t> got: 0 1
[   45790 t#:0] <t> got: 1 0
[   45840 t#:0] <t> got: 0 1
[   45890 t#:0] <t> got: 1 0
[   45940 t#:0] <t> got: 0 1
[   45990 t#:0] <t> got: 1 0
[   46040 t#:0] <t> got: 0 1
[   46090 t#:0] <t> got: 1 0
[   46140 t#:0] <t> got: 0 1
[   46190 t#:0] <t> got: 1 0
[   46240 t#:0] <t> got: 0 1
[   46290 t#:0] <t> got: 1 0
[   46340 t#:0] <t> got: 0 1
[   46390 t#:0] <t> got: 1 0
[   46440 t#:0] <t> got: 0 1
[   46490 t#:0] <t> got: 1 0
[   46540 t#:0] <t> got: 0 1
[   46590 t#:0] <t> got: 1 0
[   46640 t#:0] <t> got: 0 1
[   46690 t#:0] <t> got: 1 0
[   46740 t#:0] <t> got: 0 1
[   46790 t#:0] <t> got: 1 0
[   46840 t#:0] <t> got: 0 1
[   46890 t#:0] <t> got: 1 0
[   46940 t#:0] <t> got: 0 1
[   46990 t#:0] <t> got: 1 0
[   47040 t#:0] <t> got: 0 1
[   47090 t#:0] <t> got: 1 0
[   47140 t#:0] <t> got: 0 1
[   47190 t#:0] <t> got: 1 0
[   47240 t#:0] <t> got: 0 1
[   47290 t#:0] <t> got: 1 0
[   47340 t#:0] <t> got: 0 1
[   47390 t#:0] <t> got: 1 0
[   47440 t#:0] <t> got: 0 1
[   47490 t#:0] <t> got: 1 0
[   47540 t#:0] <t> got: 0 1
[   47590 t#:0] <t> got: 1 0
[   47640 t#:0] <t> got: 0 1
[   47690 t#:0] <t> got: 1 0
[   47740 t#:0] <t> got: 0 1
[   47790 t#:0] <t> got: 1 0
[   47840 t#:0] <t> got: 0 1
[   47890 t#:0] <t> got: 1 0
[   47940 t#:0] <t> got: 0 1
[   47990 t#:0] <t> got: 1 0
[   48040 t#:0] <t> got: 0 1
[   48090 t#:0] <t> got: 1 0
[   48140 t#:0] <t> got: 0 1
[   48190 t#:0] <t> got: 1 0
[   48240 t#:0] <t> got: 0 1
[   48290 t#:0] <t> got: 1 0
[   48340 t#:0] <t> got: 0 1
[   48390 t#:0] <t> got: 1 0
[   48440 t#:0] <t> got: 0 1
[   48490 t#:0] <t> got: 1 0
[   48540 t#:0] <t> got: 0 1
[   48590 t#:0] <t> got: 1 0
[   48640 t#:0] <t> got: 0 1
[   48690 t#:0] <t> got: 1 0
[   48740 t#:0] <t> got: 0 1
[   48790 t#:0] <t> got: 1 0
[   48840 t#:0] <t> got: 0 1
[   48890 t#:0] <t> got: 1 0
[   48940 t#:0] <t> got: 0 1
[   48990 t#:0] <t> got: 1 0
[   49040 t#:0] <t> got: 0 1
[   49090 t#:0] <t> got: 1 0
[   49140 t#:0] <t> got: 0 1
[   49190 t#:0] <t> got: 1 0
[   49240 t#:0] <t> got: 0 1
[   49290 t#:0] <t> got: 1 0
[   49340 t#:0] <t> got: 0 1
[   49390 t#:0] <t> got: 1 0
[   49440 t#:0] <t> got: 0 1
[   49490 t#:0] <t> got: 1 0
[   49540 t#:0] <t> got: 0 1
[   49590 t#:0] <t> got: 1 0
[   49640 t#:0] <t> got: 0 1
[   49690 t#:0] <t> got: 1 0
[   49740 t#:0] <t> got: 0 1
[   49790 t#:0] <t> got: 1 0
[   49840 t#:0] <t> got: 0 1
[   49890 t#:0] <t> got: 1 0
[   49940 t#:0] <t> got: 0 1
[   49990 t#:0] <t> got: 1 0
