WARNING: test<>: substituting chp model (requested prs, not found)
WARNING: recv<>: substituting chp model (requested prs, not found)
WARNING: recv<>: substituting chp model (requested prs, not found)
WARNING: recv<>: substituting chp model (requested prs, not found)
WARNING: recv<>: substituting chp model (requested prs, not found)
