[      20 t#:0] <> emm2_high: 16843009 emm2_low: 269488144
[      20 t#:0] <> emm1: 72340173090721808
[      30 t#:0] <> emm2_high: 16843009 emm2_low: 269488144
[      40 t#:0] <> emm2_high: 16843009 emm2_low: 269488144
