WARNING: src<>: substituting chp model (requested prs, not found)
