WARNING: timing constraint in [ -top-:test<> ]  b- : c+ < [0] d+ violated!
>> time: 240
