[                  10] <>  iter:00000000000000001
[                  10] <>  iterbin: 1
[                  20] <>  iter:00000000000000002
[                  20] <>  iterbin: 2
[                  30] <>  iter:00000000000000004
[                  30] <>  iterbin: 4
[                  40] <>  iter:00000000000000008
[                  40] <>  iterbin: 8
[                  50] <>  iter:00000000000000010
[                  50] <>  iterbin: 16
[                  60] <>  iter:00000000000000020
[                  60] <>  iterbin: 32
[                  70] <>  iter:00000000000000040
[                  70] <>  iterbin: 64
[                  80] <>  iter:00000000000000080
[                  80] <>  iterbin: 128
[                  90] <>  iter:00000000000000100
[                  90] <>  iterbin: 256
[                 100] <>  iter:00000000000000200
[                 100] <>  iterbin: 512
[                 110] <>  iter:00000000000000400
[                 110] <>  iterbin: 1024
[                 120] <>  iter:00000000000000800
[                 120] <>  iterbin: 2048
[                 130] <>  iter:00000000000001000
[                 130] <>  iterbin: 4096
[                 140] <>  iter:00000000000002000
[                 140] <>  iterbin: 8192
[                 150] <>  iter:00000000000004000
[                 150] <>  iterbin: 16384
[                 160] <>  iter:00000000000008000
[                 160] <>  iterbin: 32768
[                 170] <>  iter:00000000000010000
[                 170] <>  iterbin: 65536
[                 180] <>  iter:00000000000020000
[                 180] <>  iterbin: 131072
[                 190] <>  iter:00000000000040000
[                 190] <>  iterbin: 262144
[                 200] <>  iter:00000000000080000
[                 200] <>  iterbin: 524288
[                 210] <>  iter:00000000000100000
[                 210] <>  iterbin: 1048576
[                 220] <>  iter:00000000000200000
[                 220] <>  iterbin: 2097152
[                 230] <>  iter:00000000000400000
[                 230] <>  iterbin: 4194304
[                 240] <>  iter:00000000000800000
[                 240] <>  iterbin: 8388608
[                 250] <>  iter:00000000001000000
[                 250] <>  iterbin: 16777216
[                 260] <>  iter:00000000002000000
[                 260] <>  iterbin: 33554432
[                 270] <>  iter:00000000004000000
[                 270] <>  iterbin: 67108864
[                 280] <>  iter:00000000008000000
[                 280] <>  iterbin: 134217728
[                 290] <>  iter:00000000010000000
[                 290] <>  iterbin: 268435456
[                 300] <>  iter:00000000020000000
[                 300] <>  iterbin: 536870912
[                 310] <>  iter:00000000040000000
[                 310] <>  iterbin: 1073741824
[                 320] <>  iter:00000000080000000
[                 320] <>  iterbin: 2147483648
[                 330] <>  iter:00000000100000000
[                 330] <>  iterbin: 4294967296
[                 340] <>  iter:00000000200000000
[                 340] <>  iterbin: 8589934592
[                 350] <>  iter:00000000400000000
[                 350] <>  iterbin: 17179869184
[                 360] <>  iter:00000000800000000
[                 360] <>  iterbin: 34359738368
[                 370] <>  iter:00000001000000000
[                 370] <>  iterbin: 68719476736
[                 380] <>  iter:00000002000000000
[                 380] <>  iterbin: 137438953472
[                 390] <>  iter:00000004000000000
[                 390] <>  iterbin: 274877906944
[                 400] <>  iter:00000008000000000
[                 400] <>  iterbin: 549755813888
[                 410] <>  iter:00000010000000000
[                 410] <>  iterbin: 1099511627776
[                 420] <>  iter:00000020000000000
[                 420] <>  iterbin: 2199023255552
[                 430] <>  iter:00000040000000000
[                 430] <>  iterbin: 4398046511104
[                 440] <>  iter:00000080000000000
[                 440] <>  iterbin: 8796093022208
[                 450] <>  iter:00000100000000000
[                 450] <>  iterbin: 17592186044416
[                 460] <>  iter:00000200000000000
[                 460] <>  iterbin: 35184372088832
[                 470] <>  iter:00000400000000000
[                 470] <>  iterbin: 70368744177664
[                 480] <>  iter:00000800000000000
[                 480] <>  iterbin: 140737488355328
[                 490] <>  iter:00001000000000000
[                 490] <>  iterbin: 281474976710656
[                 500] <>  iter:00002000000000000
[                 500] <>  iterbin: 562949953421312
[                 510] <>  iter:00004000000000000
[                 510] <>  iterbin: 1125899906842624
[                 520] <>  iter:00008000000000000
[                 520] <>  iterbin: 2251799813685248
[                 530] <>  iter:00010000000000000
[                 530] <>  iterbin: 4503599627370496
[                 540] <>  iter:00020000000000000
[                 540] <>  iterbin: 9007199254740992
[                 550] <>  iter:00040000000000000
[                 550] <>  iterbin: 18014398509481984
[                 560] <>  iter:00080000000000000
[                 560] <>  iterbin: 36028797018963968
[                 570] <>  iter:00100000000000000
[                 570] <>  iterbin: 72057594037927936
[                 580] <>  iter:00200000000000000
[                 580] <>  iterbin: 144115188075855872
[                 590] <>  iter:00400000000000000
[                 590] <>  iterbin: 288230376151711744
[                 600] <>  iter:00800000000000000
[                 600] <>  iterbin: 576460752303423488
[                 610] <>  iter:01000000000000000
[                 610] <>  iterbin: 1152921504606846976
[                 620] <>  iter:02000000000000000
[                 620] <>  iterbin: 2305843009213693952
[                 630] <>  iter:04000000000000000
[                 630] <>  iterbin: 4611686018427387904
[                 640] <>  iter:08000000000000000
[                 640] <>  iterbin: 9223372036854775808
[                 650] <>  iter:10000000000000000
[                 650] <>  iterbin: 18446744073709551616
[                 660] <>  iter:20000000000000000
[                 660] <>  iterbin: 36893488147419103232
[                 670] <>  iter:40000000000000000
[                 670] <>  iterbin: 73786976294838206464
[                 680] <>  iter:80000000000000000
[                 680] <>  iterbin: 147573952589676412928
[                 690] <>  iter:100000000000000000
[                 690] <>  iterbin: 295147905179352825856
[                 700] <>  iter:200000000000000000
[                 700] <>  iterbin: 590295810358705651712
[                 710] <>  iter:400000000000000000
[                 710] <>  iterbin: 1180591620717411303424
