In expanding test<> (60.act:1)
WARNING: Process `test<>': chp local variable `x': no driver
WARNING: test<>: substituting chp model (requested prs, not found)
