In expanding test<> (61.act:1)
WARNING: Process `test<>': local variable `x': no driver
