[                  30] <b>  got a value 1
[                  40] <bucket>  got 1
[                  60] <b>  got a value 1
[                  70] <bucket>  got 1
[                  90] <b>  got a value 1
[                 100] <bucket>  got 1
[                 120] <b>  got a value 1
[                 130] <bucket>  got 1
[                 150] <b>  got a value 1
[                 160] <bucket>  got 1
[                 180] <b>  got a value 1
[                 190] <bucket>  got 1
[                 210] <b>  got a value 1
[                 220] <bucket>  got 1
[                 240] <b>  got a value 1
[                 250] <bucket>  got 1
[                 270] <b>  got a value 1
[                 280] <bucket>  got 1
[                 300] <b>  got a value 1
[                 310] <bucket>  got 1
[                 330] <b>  got a value 1
[                 340] <bucket>  got 1
[                 360] <b>  got a value 1
[                 370] <bucket>  got 1
[                 390] <b>  got a value 1
[                 400] <bucket>  got 1
[                 420] <b>  got a value 1
[                 430] <bucket>  got 1
[                 450] <b>  got a value 1
[                 460] <bucket>  got 1
[                 480] <b>  got a value 1
[                 490] <bucket>  got 1
[                 510] <b>  got a value 1
[                 520] <bucket>  got 1
[                 540] <b>  got a value 1
[                 550] <bucket>  got 1
[                 570] <b>  got a value 1
[                 580] <bucket>  got 1
[                 600] <b>  got a value 1
[                 610] <bucket>  got 1
[                 630] <b>  got a value 1
[                 640] <bucket>  got 1
[                 660] <b>  got a value 1
[                 670] <bucket>  got 1
[                 690] <b>  got a value 1
[                 700] <bucket>  got 1
[                 720] <b>  got a value 1
[                 730] <bucket>  got 1
[                 750] <b>  got a value 1
[                 760] <bucket>  got 1
[                 780] <b>  got a value 1
[                 790] <bucket>  got 1
[                 810] <b>  got a value 1
[                 820] <bucket>  got 1
[                 840] <b>  got a value 1
[                 850] <bucket>  got 1
[                 870] <b>  got a value 1
[                 880] <bucket>  got 1
[                 900] <b>  got a value 1
[                 910] <bucket>  got 1
[                 930] <b>  got a value 1
[                 940] <bucket>  got 1
[                 960] <b>  got a value 1
[                 970] <bucket>  got 1
[                 990] <b>  got a value 1
[                1000] <bucket>  got 1
[                1020] <b>  got a value 1
[                1030] <bucket>  got 1
[                1050] <b>  got a value 1
[                1060] <bucket>  got 1
[                1080] <b>  got a value 1
[                1090] <bucket>  got 1
[                1110] <b>  got a value 1
[                1120] <bucket>  got 1
[                1140] <b>  got a value 1
[                1150] <bucket>  got 1
[                1170] <b>  got a value 1
[                1180] <bucket>  got 1
[                1200] <b>  got a value 1
[                1210] <bucket>  got 1
[                1230] <b>  got a value 1
[                1240] <bucket>  got 1
[                1260] <b>  got a value 1
[                1270] <bucket>  got 1
[                1290] <b>  got a value 1
[                1300] <bucket>  got 1
[                1320] <b>  got a value 1
[                1330] <bucket>  got 1
[                1350] <b>  got a value 1
[                1360] <bucket>  got 1
[                1380] <b>  got a value 1
[                1390] <bucket>  got 1
[                1410] <b>  got a value 1
[                1420] <bucket>  got 1
[                1440] <b>  got a value 1
[                1450] <bucket>  got 1
[                1470] <b>  got a value 1
[                1480] <bucket>  got 1
[                1500] <b>  got a value 1
[                1510] <bucket>  got 1
[                1530] <b>  got a value 1
[                1540] <bucket>  got 1
[                1560] <b>  got a value 1
[                1570] <bucket>  got 1
[                1590] <b>  got a value 1
[                1600] <bucket>  got 1
[                1620] <b>  got a value 1
[                1630] <bucket>  got 1
[                1650] <b>  got a value 1
[                1660] <bucket>  got 1
[                1680] <b>  got a value 1
[                1690] <bucket>  got 1
[                1710] <b>  got a value 1
[                1720] <bucket>  got 1
[                1740] <b>  got a value 1
[                1750] <bucket>  got 1
[                1770] <b>  got a value 1
[                1780] <bucket>  got 1
[                1800] <b>  got a value 1
[                1810] <bucket>  got 1
[                1830] <b>  got a value 1
[                1840] <bucket>  got 1
[                1860] <b>  got a value 1
[                1870] <bucket>  got 1
[                1890] <b>  got a value 1
[                1900] <bucket>  got 1
[                1920] <b>  got a value 1
[                1930] <bucket>  got 1
[                1950] <b>  got a value 1
[                1960] <bucket>  got 1
[                1980] <b>  got a value 1
[                1990] <bucket>  got 1
[                2010] <b>  got a value 1
[                2020] <bucket>  got 1
[                2040] <b>  got a value 1
[                2050] <bucket>  got 1
[                2070] <b>  got a value 1
[                2080] <bucket>  got 1
[                2100] <b>  got a value 1
[                2110] <bucket>  got 1
[                2130] <b>  got a value 1
[                2140] <bucket>  got 1
[                2160] <b>  got a value 1
[                2170] <bucket>  got 1
[                2190] <b>  got a value 1
[                2200] <bucket>  got 1
[                2220] <b>  got a value 1
[                2230] <bucket>  got 1
[                2250] <b>  got a value 1
[                2260] <bucket>  got 1
[                2280] <b>  got a value 1
[                2290] <bucket>  got 1
[                2310] <b>  got a value 1
[                2320] <bucket>  got 1
[                2340] <b>  got a value 1
[                2350] <bucket>  got 1
[                2370] <b>  got a value 1
[                2380] <bucket>  got 1
[                2400] <b>  got a value 1
[                2410] <bucket>  got 1
[                2430] <b>  got a value 1
[                2440] <bucket>  got 1
[                2460] <b>  got a value 1
[                2470] <bucket>  got 1
[                2490] <b>  got a value 1
[                2500] <bucket>  got 1
[                2520] <b>  got a value 1
[                2530] <bucket>  got 1
[                2550] <b>  got a value 1
[                2560] <bucket>  got 1
[                2580] <b>  got a value 1
[                2590] <bucket>  got 1
[                2610] <b>  got a value 1
[                2620] <bucket>  got 1
[                2640] <b>  got a value 1
[                2650] <bucket>  got 1
[                2670] <b>  got a value 1
[                2680] <bucket>  got 1
[                2700] <b>  got a value 1
[                2710] <bucket>  got 1
[                2730] <b>  got a value 1
[                2740] <bucket>  got 1
[                2760] <b>  got a value 1
[                2770] <bucket>  got 1
[                2790] <b>  got a value 1
[                2800] <bucket>  got 1
[                2820] <b>  got a value 1
[                2830] <bucket>  got 1
[                2850] <b>  got a value 1
[                2860] <bucket>  got 1
[                2880] <b>  got a value 1
[                2890] <bucket>  got 1
[                2910] <b>  got a value 1
[                2920] <bucket>  got 1
[                2940] <b>  got a value 1
[                2950] <bucket>  got 1
[                2970] <b>  got a value 1
[                2980] <bucket>  got 1
[                3000] <b>  got a value 1
[                3010] <bucket>  got 1
