WARNING: sink_R<>: substituting chp model (requested prs, not found)
WARNING: testme<>: substituting chp model (requested prs, not found)
