[                  30] <t>  0
[                  50] <t>  1
[                  70] <t>  2
[                  90] <t>  3
[                 110] <t>  4
[                 130] <t>  5
[                 150] <t>  6
[                 170] <t>  7
[                 190] <t>  8
[                 210] <t>  9
