[                  50] <>  0 a.m
[                  50] <>  0 a.m
[                  50] <>  1 10000000000000 f.m = 10000000000000
[                  50] <>  1
[                  50] <>  2
