[                  10] <>  bit-field {0..1} is invalid; using one-bit result
