WARNING: buffer<>: substituting chp model (requested prs, not found)
WARNING: src<>: substituting chp model (requested prs, not found)
