[                   0] <>  was: 0
[                  20] <>  got: 1
