WARNING: one_buffer<>: substituting chp model (requested prs, not found)
WARNING: sink<t,32>: substituting chp model (requested prs, not found)
WARNING: file_source<0,f,32>: substituting chp model (requested prs, not found)
