[                  20] <>  got 2
[                  40] <>  got 4
[                  60] <>  got 6
[                  80] <>  got 8
[                 100] <>  got 10
[                 110] <>  Warning: all guards false; no probes/shared vars
