[                  20] <>  0 got: 7304
[                  30] <>  1 got: aa1f
[                  40] <>  2 got: 775a
[                  50] <>  3 got: 95ac
[                  60] <>  4 got: 7a5f
[                  70] <>  5 got: c279
[                  80] <>  6 got: f410
[                  90] <>  7 got: 67af
[                 100] <>  8 got: 7504
[                 110] <>  9 got: d21d
