[      20 t#:0] <dn> in dend
[     110 t#:0] <dn> Recv w v:2 0
[     110 t#:0] <dv> Send w v:2 0
[     150 t#:0] <dn> got tick
[     160 t#:0] <dn> Send S:0
[     220 t#:0] <dn> Recv w v:2 1
[     220 t#:0] <dv> Send w v:2 1
[     260 t#:0] <dn> got tick
[     270 t#:0] <dn> Send S:2
[     330 t#:0] <dn> Recv w v:2 2
[     330 t#:0] <dv> Send w v:2 2
[     370 t#:0] <dn> got tick
[     380 t#:0] <dn> Send S:4
[     440 t#:0] <dn> Recv w v:2 3
[     440 t#:0] <dv> Send w v:2 3
[     480 t#:0] <dn> got tick
[     490 t#:0] <dn> Send S:6
[     550 t#:0] <dn> Recv w v:2 4
[     550 t#:0] <dv> Send w v:2 4
[     590 t#:0] <dn> got tick
[     600 t#:0] <dn> Send S:8
