[                  40] <>  x is 34
[                  50] <s>  got: 34 3 17 1
[                  70] <s>  got2: 35 3 17 1
