[                  40] <>  got 0 1
[                  40] <>  got 0
[                  80] <>  got 1 3
[                  80] <>  got 1
