[      30 t#:0] <t> got: 0 1
[      70 t#:0] <t> got: 1 0
[     110 t#:0] <t> got: 0 1
[     150 t#:0] <t> got: 1 0
[     190 t#:0] <t> got: 0 1
[     230 t#:0] <t> got: 1 0
[     270 t#:0] <t> got: 0 1
[     310 t#:0] <t> got: 1 0
[     350 t#:0] <t> got: 0 1
[     390 t#:0] <t> got: 1 0
[     430 t#:0] <t> got: 0 1
[     470 t#:0] <t> got: 1 0
[     510 t#:0] <t> got: 0 1
[     550 t#:0] <t> got: 1 0
[     590 t#:0] <t> got: 0 1
[     630 t#:0] <t> got: 1 0
[     670 t#:0] <t> got: 0 1
[     710 t#:0] <t> got: 1 0
[     750 t#:0] <t> got: 0 1
[     790 t#:0] <t> got: 1 0
[     830 t#:0] <t> got: 0 1
[     870 t#:0] <t> got: 1 0
[     910 t#:0] <t> got: 0 1
[     950 t#:0] <t> got: 1 0
[     990 t#:0] <t> got: 0 1
[    1030 t#:0] <t> got: 1 0
[    1070 t#:0] <t> got: 0 1
[    1110 t#:0] <t> got: 1 0
[    1150 t#:0] <t> got: 0 1
[    1190 t#:0] <t> got: 1 0
[    1230 t#:0] <t> got: 0 1
[    1270 t#:0] <t> got: 1 0
[    1310 t#:0] <t> got: 0 1
[    1350 t#:0] <t> got: 1 0
[    1390 t#:0] <t> got: 0 1
[    1430 t#:0] <t> got: 1 0
[    1470 t#:0] <t> got: 0 1
[    1510 t#:0] <t> got: 1 0
[    1550 t#:0] <t> got: 0 1
[    1590 t#:0] <t> got: 1 0
[    1630 t#:0] <t> got: 0 1
[    1670 t#:0] <t> got: 1 0
[    1710 t#:0] <t> got: 0 1
[    1750 t#:0] <t> got: 1 0
[    1790 t#:0] <t> got: 0 1
[    1830 t#:0] <t> got: 1 0
[    1870 t#:0] <t> got: 0 1
[    1910 t#:0] <t> got: 1 0
[    1950 t#:0] <t> got: 0 1
[    1990 t#:0] <t> got: 1 0
[    2030 t#:0] <t> got: 0 1
[    2070 t#:0] <t> got: 1 0
[    2110 t#:0] <t> got: 0 1
[    2150 t#:0] <t> got: 1 0
[    2190 t#:0] <t> got: 0 1
[    2230 t#:0] <t> got: 1 0
[    2270 t#:0] <t> got: 0 1
[    2310 t#:0] <t> got: 1 0
[    2350 t#:0] <t> got: 0 1
[    2390 t#:0] <t> got: 1 0
[    2430 t#:0] <t> got: 0 1
[    2470 t#:0] <t> got: 1 0
[    2510 t#:0] <t> got: 0 1
[    2550 t#:0] <t> got: 1 0
[    2590 t#:0] <t> got: 0 1
[    2630 t#:0] <t> got: 1 0
[    2670 t#:0] <t> got: 0 1
[    2710 t#:0] <t> got: 1 0
[    2750 t#:0] <t> got: 0 1
[    2790 t#:0] <t> got: 1 0
[    2830 t#:0] <t> got: 0 1
[    2870 t#:0] <t> got: 1 0
[    2910 t#:0] <t> got: 0 1
[    2950 t#:0] <t> got: 1 0
[    2990 t#:0] <t> got: 0 1
[    3030 t#:0] <t> got: 1 0
[    3070 t#:0] <t> got: 0 1
[    3110 t#:0] <t> got: 1 0
[    3150 t#:0] <t> got: 0 1
[    3190 t#:0] <t> got: 1 0
[    3230 t#:0] <t> got: 0 1
[    3270 t#:0] <t> got: 1 0
[    3310 t#:0] <t> got: 0 1
[    3350 t#:0] <t> got: 1 0
[    3390 t#:0] <t> got: 0 1
[    3430 t#:0] <t> got: 1 0
[    3470 t#:0] <t> got: 0 1
[    3510 t#:0] <t> got: 1 0
[    3550 t#:0] <t> got: 0 1
[    3590 t#:0] <t> got: 1 0
[    3630 t#:0] <t> got: 0 1
[    3670 t#:0] <t> got: 1 0
[    3710 t#:0] <t> got: 0 1
[    3750 t#:0] <t> got: 1 0
[    3790 t#:0] <t> got: 0 1
[    3830 t#:0] <t> got: 1 0
[    3870 t#:0] <t> got: 0 1
[    3910 t#:0] <t> got: 1 0
[    3950 t#:0] <t> got: 0 1
[    3990 t#:0] <t> got: 1 0
[    4030 t#:0] <t> got: 0 1
[    4070 t#:0] <t> got: 1 0
[    4110 t#:0] <t> got: 0 1
[    4150 t#:0] <t> got: 1 0
[    4190 t#:0] <t> got: 0 1
[    4230 t#:0] <t> got: 1 0
[    4270 t#:0] <t> got: 0 1
[    4310 t#:0] <t> got: 1 0
[    4350 t#:0] <t> got: 0 1
[    4390 t#:0] <t> got: 1 0
[    4430 t#:0] <t> got: 0 1
[    4470 t#:0] <t> got: 1 0
[    4510 t#:0] <t> got: 0 1
[    4550 t#:0] <t> got: 1 0
[    4590 t#:0] <t> got: 0 1
[    4630 t#:0] <t> got: 1 0
[    4670 t#:0] <t> got: 0 1
[    4710 t#:0] <t> got: 1 0
[    4750 t#:0] <t> got: 0 1
[    4790 t#:0] <t> got: 1 0
[    4830 t#:0] <t> got: 0 1
[    4870 t#:0] <t> got: 1 0
[    4910 t#:0] <t> got: 0 1
[    4950 t#:0] <t> got: 1 0
[    4990 t#:0] <t> got: 0 1
[    5030 t#:0] <t> got: 1 0
[    5070 t#:0] <t> got: 0 1
[    5110 t#:0] <t> got: 1 0
[    5150 t#:0] <t> got: 0 1
[    5190 t#:0] <t> got: 1 0
[    5230 t#:0] <t> got: 0 1
[    5270 t#:0] <t> got: 1 0
[    5310 t#:0] <t> got: 0 1
[    5350 t#:0] <t> got: 1 0
[    5390 t#:0] <t> got: 0 1
[    5430 t#:0] <t> got: 1 0
[    5470 t#:0] <t> got: 0 1
[    5510 t#:0] <t> got: 1 0
[    5550 t#:0] <t> got: 0 1
[    5590 t#:0] <t> got: 1 0
[    5630 t#:0] <t> got: 0 1
[    5670 t#:0] <t> got: 1 0
[    5710 t#:0] <t> got: 0 1
[    5750 t#:0] <t> got: 1 0
[    5790 t#:0] <t> got: 0 1
[    5830 t#:0] <t> got: 1 0
[    5870 t#:0] <t> got: 0 1
[    5910 t#:0] <t> got: 1 0
[    5950 t#:0] <t> got: 0 1
[    5990 t#:0] <t> got: 1 0
[    6030 t#:0] <t> got: 0 1
[    6070 t#:0] <t> got: 1 0
[    6110 t#:0] <t> got: 0 1
[    6150 t#:0] <t> got: 1 0
[    6190 t#:0] <t> got: 0 1
[    6230 t#:0] <t> got: 1 0
[    6270 t#:0] <t> got: 0 1
[    6310 t#:0] <t> got: 1 0
[    6350 t#:0] <t> got: 0 1
[    6390 t#:0] <t> got: 1 0
[    6430 t#:0] <t> got: 0 1
[    6470 t#:0] <t> got: 1 0
[    6510 t#:0] <t> got: 0 1
[    6550 t#:0] <t> got: 1 0
[    6590 t#:0] <t> got: 0 1
[    6630 t#:0] <t> got: 1 0
[    6670 t#:0] <t> got: 0 1
[    6710 t#:0] <t> got: 1 0
[    6750 t#:0] <t> got: 0 1
[    6790 t#:0] <t> got: 1 0
[    6830 t#:0] <t> got: 0 1
[    6870 t#:0] <t> got: 1 0
[    6910 t#:0] <t> got: 0 1
[    6950 t#:0] <t> got: 1 0
[    6990 t#:0] <t> got: 0 1
[    7030 t#:0] <t> got: 1 0
[    7070 t#:0] <t> got: 0 1
[    7110 t#:0] <t> got: 1 0
[    7150 t#:0] <t> got: 0 1
[    7190 t#:0] <t> got: 1 0
[    7230 t#:0] <t> got: 0 1
[    7270 t#:0] <t> got: 1 0
[    7310 t#:0] <t> got: 0 1
[    7350 t#:0] <t> got: 1 0
[    7390 t#:0] <t> got: 0 1
[    7430 t#:0] <t> got: 1 0
[    7470 t#:0] <t> got: 0 1
[    7510 t#:0] <t> got: 1 0
[    7550 t#:0] <t> got: 0 1
[    7590 t#:0] <t> got: 1 0
[    7630 t#:0] <t> got: 0 1
[    7670 t#:0] <t> got: 1 0
[    7710 t#:0] <t> got: 0 1
[    7750 t#:0] <t> got: 1 0
[    7790 t#:0] <t> got: 0 1
[    7830 t#:0] <t> got: 1 0
[    7870 t#:0] <t> got: 0 1
[    7910 t#:0] <t> got: 1 0
[    7950 t#:0] <t> got: 0 1
[    7990 t#:0] <t> got: 1 0
[    8030 t#:0] <t> got: 0 1
[    8070 t#:0] <t> got: 1 0
[    8110 t#:0] <t> got: 0 1
[    8150 t#:0] <t> got: 1 0
[    8190 t#:0] <t> got: 0 1
[    8230 t#:0] <t> got: 1 0
[    8270 t#:0] <t> got: 0 1
[    8310 t#:0] <t> got: 1 0
[    8350 t#:0] <t> got: 0 1
[    8390 t#:0] <t> got: 1 0
[    8430 t#:0] <t> got: 0 1
[    8470 t#:0] <t> got: 1 0
[    8510 t#:0] <t> got: 0 1
[    8550 t#:0] <t> got: 1 0
[    8590 t#:0] <t> got: 0 1
[    8630 t#:0] <t> got: 1 0
[    8670 t#:0] <t> got: 0 1
[    8710 t#:0] <t> got: 1 0
[    8750 t#:0] <t> got: 0 1
[    8790 t#:0] <t> got: 1 0
[    8830 t#:0] <t> got: 0 1
[    8870 t#:0] <t> got: 1 0
[    8910 t#:0] <t> got: 0 1
[    8950 t#:0] <t> got: 1 0
[    8990 t#:0] <t> got: 0 1
[    9030 t#:0] <t> got: 1 0
[    9070 t#:0] <t> got: 0 1
[    9110 t#:0] <t> got: 1 0
[    9150 t#:0] <t> got: 0 1
[    9190 t#:0] <t> got: 1 0
[    9230 t#:0] <t> got: 0 1
[    9270 t#:0] <t> got: 1 0
[    9310 t#:0] <t> got: 0 1
[    9350 t#:0] <t> got: 1 0
[    9390 t#:0] <t> got: 0 1
[    9430 t#:0] <t> got: 1 0
[    9470 t#:0] <t> got: 0 1
[    9510 t#:0] <t> got: 1 0
[    9550 t#:0] <t> got: 0 1
[    9590 t#:0] <t> got: 1 0
[    9630 t#:0] <t> got: 0 1
[    9670 t#:0] <t> got: 1 0
[    9710 t#:0] <t> got: 0 1
[    9750 t#:0] <t> got: 1 0
[    9790 t#:0] <t> got: 0 1
[    9830 t#:0] <t> got: 1 0
[    9870 t#:0] <t> got: 0 1
[    9910 t#:0] <t> got: 1 0
[    9950 t#:0] <t> got: 0 1
[    9990 t#:0] <t> got: 1 0
[   10030 t#:0] <t> got: 0 1
[   10070 t#:0] <t> got: 1 0
[   10110 t#:0] <t> got: 0 1
[   10150 t#:0] <t> got: 1 0
[   10190 t#:0] <t> got: 0 1
[   10230 t#:0] <t> got: 1 0
[   10270 t#:0] <t> got: 0 1
[   10310 t#:0] <t> got: 1 0
[   10350 t#:0] <t> got: 0 1
[   10390 t#:0] <t> got: 1 0
[   10430 t#:0] <t> got: 0 1
[   10470 t#:0] <t> got: 1 0
[   10510 t#:0] <t> got: 0 1
[   10550 t#:0] <t> got: 1 0
[   10590 t#:0] <t> got: 0 1
[   10630 t#:0] <t> got: 1 0
[   10670 t#:0] <t> got: 0 1
[   10710 t#:0] <t> got: 1 0
[   10750 t#:0] <t> got: 0 1
[   10790 t#:0] <t> got: 1 0
[   10830 t#:0] <t> got: 0 1
[   10870 t#:0] <t> got: 1 0
[   10910 t#:0] <t> got: 0 1
[   10950 t#:0] <t> got: 1 0
[   10990 t#:0] <t> got: 0 1
[   11030 t#:0] <t> got: 1 0
[   11070 t#:0] <t> got: 0 1
[   11110 t#:0] <t> got: 1 0
[   11150 t#:0] <t> got: 0 1
[   11190 t#:0] <t> got: 1 0
[   11230 t#:0] <t> got: 0 1
[   11270 t#:0] <t> got: 1 0
[   11310 t#:0] <t> got: 0 1
[   11350 t#:0] <t> got: 1 0
[   11390 t#:0] <t> got: 0 1
[   11430 t#:0] <t> got: 1 0
[   11470 t#:0] <t> got: 0 1
[   11510 t#:0] <t> got: 1 0
[   11550 t#:0] <t> got: 0 1
[   11590 t#:0] <t> got: 1 0
[   11630 t#:0] <t> got: 0 1
[   11670 t#:0] <t> got: 1 0
[   11710 t#:0] <t> got: 0 1
[   11750 t#:0] <t> got: 1 0
[   11790 t#:0] <t> got: 0 1
[   11830 t#:0] <t> got: 1 0
[   11870 t#:0] <t> got: 0 1
[   11910 t#:0] <t> got: 1 0
[   11950 t#:0] <t> got: 0 1
[   11990 t#:0] <t> got: 1 0
[   12030 t#:0] <t> got: 0 1
[   12070 t#:0] <t> got: 1 0
[   12110 t#:0] <t> got: 0 1
[   12150 t#:0] <t> got: 1 0
[   12190 t#:0] <t> got: 0 1
[   12230 t#:0] <t> got: 1 0
[   12270 t#:0] <t> got: 0 1
[   12310 t#:0] <t> got: 1 0
[   12350 t#:0] <t> got: 0 1
[   12390 t#:0] <t> got: 1 0
[   12430 t#:0] <t> got: 0 1
[   12470 t#:0] <t> got: 1 0
[   12510 t#:0] <t> got: 0 1
[   12550 t#:0] <t> got: 1 0
[   12590 t#:0] <t> got: 0 1
[   12630 t#:0] <t> got: 1 0
[   12670 t#:0] <t> got: 0 1
[   12710 t#:0] <t> got: 1 0
[   12750 t#:0] <t> got: 0 1
[   12790 t#:0] <t> got: 1 0
[   12830 t#:0] <t> got: 0 1
[   12870 t#:0] <t> got: 1 0
[   12910 t#:0] <t> got: 0 1
[   12950 t#:0] <t> got: 1 0
[   12990 t#:0] <t> got: 0 1
[   13030 t#:0] <t> got: 1 0
[   13070 t#:0] <t> got: 0 1
[   13110 t#:0] <t> got: 1 0
[   13150 t#:0] <t> got: 0 1
[   13190 t#:0] <t> got: 1 0
[   13230 t#:0] <t> got: 0 1
[   13270 t#:0] <t> got: 1 0
[   13310 t#:0] <t> got: 0 1
[   13350 t#:0] <t> got: 1 0
[   13390 t#:0] <t> got: 0 1
[   13430 t#:0] <t> got: 1 0
[   13470 t#:0] <t> got: 0 1
[   13510 t#:0] <t> got: 1 0
[   13550 t#:0] <t> got: 0 1
[   13590 t#:0] <t> got: 1 0
[   13630 t#:0] <t> got: 0 1
[   13670 t#:0] <t> got: 1 0
[   13710 t#:0] <t> got: 0 1
[   13750 t#:0] <t> got: 1 0
[   13790 t#:0] <t> got: 0 1
[   13830 t#:0] <t> got: 1 0
[   13870 t#:0] <t> got: 0 1
[   13910 t#:0] <t> got: 1 0
[   13950 t#:0] <t> got: 0 1
[   13990 t#:0] <t> got: 1 0
[   14030 t#:0] <t> got: 0 1
[   14070 t#:0] <t> got: 1 0
[   14110 t#:0] <t> got: 0 1
[   14150 t#:0] <t> got: 1 0
[   14190 t#:0] <t> got: 0 1
[   14230 t#:0] <t> got: 1 0
[   14270 t#:0] <t> got: 0 1
[   14310 t#:0] <t> got: 1 0
[   14350 t#:0] <t> got: 0 1
[   14390 t#:0] <t> got: 1 0
[   14430 t#:0] <t> got: 0 1
[   14470 t#:0] <t> got: 1 0
[   14510 t#:0] <t> got: 0 1
[   14550 t#:0] <t> got: 1 0
[   14590 t#:0] <t> got: 0 1
[   14630 t#:0] <t> got: 1 0
[   14670 t#:0] <t> got: 0 1
[   14710 t#:0] <t> got: 1 0
[   14750 t#:0] <t> got: 0 1
[   14790 t#:0] <t> got: 1 0
[   14830 t#:0] <t> got: 0 1
[   14870 t#:0] <t> got: 1 0
[   14910 t#:0] <t> got: 0 1
[   14950 t#:0] <t> got: 1 0
[   14990 t#:0] <t> got: 0 1
[   15030 t#:0] <t> got: 1 0
[   15070 t#:0] <t> got: 0 1
[   15110 t#:0] <t> got: 1 0
[   15150 t#:0] <t> got: 0 1
[   15190 t#:0] <t> got: 1 0
[   15230 t#:0] <t> got: 0 1
[   15270 t#:0] <t> got: 1 0
[   15310 t#:0] <t> got: 0 1
[   15350 t#:0] <t> got: 1 0
[   15390 t#:0] <t> got: 0 1
[   15430 t#:0] <t> got: 1 0
[   15470 t#:0] <t> got: 0 1
[   15510 t#:0] <t> got: 1 0
[   15550 t#:0] <t> got: 0 1
[   15590 t#:0] <t> got: 1 0
[   15630 t#:0] <t> got: 0 1
[   15670 t#:0] <t> got: 1 0
[   15710 t#:0] <t> got: 0 1
[   15750 t#:0] <t> got: 1 0
[   15790 t#:0] <t> got: 0 1
[   15830 t#:0] <t> got: 1 0
[   15870 t#:0] <t> got: 0 1
[   15910 t#:0] <t> got: 1 0
[   15950 t#:0] <t> got: 0 1
[   15990 t#:0] <t> got: 1 0
[   16030 t#:0] <t> got: 0 1
[   16070 t#:0] <t> got: 1 0
[   16110 t#:0] <t> got: 0 1
[   16150 t#:0] <t> got: 1 0
[   16190 t#:0] <t> got: 0 1
[   16230 t#:0] <t> got: 1 0
[   16270 t#:0] <t> got: 0 1
[   16310 t#:0] <t> got: 1 0
[   16350 t#:0] <t> got: 0 1
[   16390 t#:0] <t> got: 1 0
[   16430 t#:0] <t> got: 0 1
[   16470 t#:0] <t> got: 1 0
[   16510 t#:0] <t> got: 0 1
[   16550 t#:0] <t> got: 1 0
[   16590 t#:0] <t> got: 0 1
[   16630 t#:0] <t> got: 1 0
[   16670 t#:0] <t> got: 0 1
[   16710 t#:0] <t> got: 1 0
[   16750 t#:0] <t> got: 0 1
[   16790 t#:0] <t> got: 1 0
[   16830 t#:0] <t> got: 0 1
[   16870 t#:0] <t> got: 1 0
[   16910 t#:0] <t> got: 0 1
[   16950 t#:0] <t> got: 1 0
[   16990 t#:0] <t> got: 0 1
[   17030 t#:0] <t> got: 1 0
[   17070 t#:0] <t> got: 0 1
[   17110 t#:0] <t> got: 1 0
[   17150 t#:0] <t> got: 0 1
[   17190 t#:0] <t> got: 1 0
[   17230 t#:0] <t> got: 0 1
[   17270 t#:0] <t> got: 1 0
[   17310 t#:0] <t> got: 0 1
[   17350 t#:0] <t> got: 1 0
[   17390 t#:0] <t> got: 0 1
[   17430 t#:0] <t> got: 1 0
[   17470 t#:0] <t> got: 0 1
[   17510 t#:0] <t> got: 1 0
[   17550 t#:0] <t> got: 0 1
[   17590 t#:0] <t> got: 1 0
[   17630 t#:0] <t> got: 0 1
[   17670 t#:0] <t> got: 1 0
[   17710 t#:0] <t> got: 0 1
[   17750 t#:0] <t> got: 1 0
[   17790 t#:0] <t> got: 0 1
[   17830 t#:0] <t> got: 1 0
[   17870 t#:0] <t> got: 0 1
[   17910 t#:0] <t> got: 1 0
[   17950 t#:0] <t> got: 0 1
[   17990 t#:0] <t> got: 1 0
[   18030 t#:0] <t> got: 0 1
[   18070 t#:0] <t> got: 1 0
[   18110 t#:0] <t> got: 0 1
[   18150 t#:0] <t> got: 1 0
[   18190 t#:0] <t> got: 0 1
[   18230 t#:0] <t> got: 1 0
[   18270 t#:0] <t> got: 0 1
[   18310 t#:0] <t> got: 1 0
[   18350 t#:0] <t> got: 0 1
[   18390 t#:0] <t> got: 1 0
[   18430 t#:0] <t> got: 0 1
[   18470 t#:0] <t> got: 1 0
[   18510 t#:0] <t> got: 0 1
[   18550 t#:0] <t> got: 1 0
[   18590 t#:0] <t> got: 0 1
[   18630 t#:0] <t> got: 1 0
[   18670 t#:0] <t> got: 0 1
[   18710 t#:0] <t> got: 1 0
[   18750 t#:0] <t> got: 0 1
[   18790 t#:0] <t> got: 1 0
[   18830 t#:0] <t> got: 0 1
[   18870 t#:0] <t> got: 1 0
[   18910 t#:0] <t> got: 0 1
[   18950 t#:0] <t> got: 1 0
[   18990 t#:0] <t> got: 0 1
[   19030 t#:0] <t> got: 1 0
[   19070 t#:0] <t> got: 0 1
[   19110 t#:0] <t> got: 1 0
[   19150 t#:0] <t> got: 0 1
[   19190 t#:0] <t> got: 1 0
[   19230 t#:0] <t> got: 0 1
[   19270 t#:0] <t> got: 1 0
[   19310 t#:0] <t> got: 0 1
[   19350 t#:0] <t> got: 1 0
[   19390 t#:0] <t> got: 0 1
[   19430 t#:0] <t> got: 1 0
[   19470 t#:0] <t> got: 0 1
[   19510 t#:0] <t> got: 1 0
[   19550 t#:0] <t> got: 0 1
[   19590 t#:0] <t> got: 1 0
[   19630 t#:0] <t> got: 0 1
[   19670 t#:0] <t> got: 1 0
[   19710 t#:0] <t> got: 0 1
[   19750 t#:0] <t> got: 1 0
[   19790 t#:0] <t> got: 0 1
[   19830 t#:0] <t> got: 1 0
[   19870 t#:0] <t> got: 0 1
[   19910 t#:0] <t> got: 1 0
[   19950 t#:0] <t> got: 0 1
[   19990 t#:0] <t> got: 1 0
[   20030 t#:0] <t> got: 0 1
[   20070 t#:0] <t> got: 1 0
[   20110 t#:0] <t> got: 0 1
[   20150 t#:0] <t> got: 1 0
[   20190 t#:0] <t> got: 0 1
[   20230 t#:0] <t> got: 1 0
[   20270 t#:0] <t> got: 0 1
[   20310 t#:0] <t> got: 1 0
[   20350 t#:0] <t> got: 0 1
[   20390 t#:0] <t> got: 1 0
[   20430 t#:0] <t> got: 0 1
[   20470 t#:0] <t> got: 1 0
[   20510 t#:0] <t> got: 0 1
[   20550 t#:0] <t> got: 1 0
[   20590 t#:0] <t> got: 0 1
[   20630 t#:0] <t> got: 1 0
[   20670 t#:0] <t> got: 0 1
[   20710 t#:0] <t> got: 1 0
[   20750 t#:0] <t> got: 0 1
[   20790 t#:0] <t> got: 1 0
[   20830 t#:0] <t> got: 0 1
[   20870 t#:0] <t> got: 1 0
[   20910 t#:0] <t> got: 0 1
[   20950 t#:0] <t> got: 1 0
[   20990 t#:0] <t> got: 0 1
[   21030 t#:0] <t> got: 1 0
[   21070 t#:0] <t> got: 0 1
[   21110 t#:0] <t> got: 1 0
[   21150 t#:0] <t> got: 0 1
[   21190 t#:0] <t> got: 1 0
[   21230 t#:0] <t> got: 0 1
[   21270 t#:0] <t> got: 1 0
[   21310 t#:0] <t> got: 0 1
[   21350 t#:0] <t> got: 1 0
[   21390 t#:0] <t> got: 0 1
[   21430 t#:0] <t> got: 1 0
[   21470 t#:0] <t> got: 0 1
[   21510 t#:0] <t> got: 1 0
[   21550 t#:0] <t> got: 0 1
[   21590 t#:0] <t> got: 1 0
[   21630 t#:0] <t> got: 0 1
[   21670 t#:0] <t> got: 1 0
[   21710 t#:0] <t> got: 0 1
[   21750 t#:0] <t> got: 1 0
[   21790 t#:0] <t> got: 0 1
[   21830 t#:0] <t> got: 1 0
[   21870 t#:0] <t> got: 0 1
[   21910 t#:0] <t> got: 1 0
[   21950 t#:0] <t> got: 0 1
[   21990 t#:0] <t> got: 1 0
[   22030 t#:0] <t> got: 0 1
[   22070 t#:0] <t> got: 1 0
[   22110 t#:0] <t> got: 0 1
[   22150 t#:0] <t> got: 1 0
[   22190 t#:0] <t> got: 0 1
[   22230 t#:0] <t> got: 1 0
[   22270 t#:0] <t> got: 0 1
[   22310 t#:0] <t> got: 1 0
[   22350 t#:0] <t> got: 0 1
[   22390 t#:0] <t> got: 1 0
[   22430 t#:0] <t> got: 0 1
[   22470 t#:0] <t> got: 1 0
[   22510 t#:0] <t> got: 0 1
[   22550 t#:0] <t> got: 1 0
[   22590 t#:0] <t> got: 0 1
[   22630 t#:0] <t> got: 1 0
[   22670 t#:0] <t> got: 0 1
[   22710 t#:0] <t> got: 1 0
[   22750 t#:0] <t> got: 0 1
[   22790 t#:0] <t> got: 1 0
[   22830 t#:0] <t> got: 0 1
[   22870 t#:0] <t> got: 1 0
[   22910 t#:0] <t> got: 0 1
[   22950 t#:0] <t> got: 1 0
[   22990 t#:0] <t> got: 0 1
[   23030 t#:0] <t> got: 1 0
[   23070 t#:0] <t> got: 0 1
[   23110 t#:0] <t> got: 1 0
[   23150 t#:0] <t> got: 0 1
[   23190 t#:0] <t> got: 1 0
[   23230 t#:0] <t> got: 0 1
[   23270 t#:0] <t> got: 1 0
[   23310 t#:0] <t> got: 0 1
[   23350 t#:0] <t> got: 1 0
[   23390 t#:0] <t> got: 0 1
[   23430 t#:0] <t> got: 1 0
[   23470 t#:0] <t> got: 0 1
[   23510 t#:0] <t> got: 1 0
[   23550 t#:0] <t> got: 0 1
[   23590 t#:0] <t> got: 1 0
[   23630 t#:0] <t> got: 0 1
[   23670 t#:0] <t> got: 1 0
[   23710 t#:0] <t> got: 0 1
[   23750 t#:0] <t> got: 1 0
[   23790 t#:0] <t> got: 0 1
[   23830 t#:0] <t> got: 1 0
[   23870 t#:0] <t> got: 0 1
[   23910 t#:0] <t> got: 1 0
[   23950 t#:0] <t> got: 0 1
[   23990 t#:0] <t> got: 1 0
[   24030 t#:0] <t> got: 0 1
[   24070 t#:0] <t> got: 1 0
[   24110 t#:0] <t> got: 0 1
[   24150 t#:0] <t> got: 1 0
[   24190 t#:0] <t> got: 0 1
[   24230 t#:0] <t> got: 1 0
[   24270 t#:0] <t> got: 0 1
[   24310 t#:0] <t> got: 1 0
[   24350 t#:0] <t> got: 0 1
[   24390 t#:0] <t> got: 1 0
[   24430 t#:0] <t> got: 0 1
[   24470 t#:0] <t> got: 1 0
[   24510 t#:0] <t> got: 0 1
[   24550 t#:0] <t> got: 1 0
[   24590 t#:0] <t> got: 0 1
[   24630 t#:0] <t> got: 1 0
[   24670 t#:0] <t> got: 0 1
[   24710 t#:0] <t> got: 1 0
[   24750 t#:0] <t> got: 0 1
[   24790 t#:0] <t> got: 1 0
[   24830 t#:0] <t> got: 0 1
[   24870 t#:0] <t> got: 1 0
[   24910 t#:0] <t> got: 0 1
[   24950 t#:0] <t> got: 1 0
[   24990 t#:0] <t> got: 0 1
[   25030 t#:0] <t> got: 1 0
[   25070 t#:0] <t> got: 0 1
[   25110 t#:0] <t> got: 1 0
[   25150 t#:0] <t> got: 0 1
[   25190 t#:0] <t> got: 1 0
[   25230 t#:0] <t> got: 0 1
[   25270 t#:0] <t> got: 1 0
[   25310 t#:0] <t> got: 0 1
[   25350 t#:0] <t> got: 1 0
[   25390 t#:0] <t> got: 0 1
[   25430 t#:0] <t> got: 1 0
[   25470 t#:0] <t> got: 0 1
[   25510 t#:0] <t> got: 1 0
[   25550 t#:0] <t> got: 0 1
[   25590 t#:0] <t> got: 1 0
[   25630 t#:0] <t> got: 0 1
[   25670 t#:0] <t> got: 1 0
[   25710 t#:0] <t> got: 0 1
[   25750 t#:0] <t> got: 1 0
[   25790 t#:0] <t> got: 0 1
[   25830 t#:0] <t> got: 1 0
[   25870 t#:0] <t> got: 0 1
[   25910 t#:0] <t> got: 1 0
[   25950 t#:0] <t> got: 0 1
[   25990 t#:0] <t> got: 1 0
[   26030 t#:0] <t> got: 0 1
[   26070 t#:0] <t> got: 1 0
[   26110 t#:0] <t> got: 0 1
[   26150 t#:0] <t> got: 1 0
[   26190 t#:0] <t> got: 0 1
[   26230 t#:0] <t> got: 1 0
[   26270 t#:0] <t> got: 0 1
[   26310 t#:0] <t> got: 1 0
[   26350 t#:0] <t> got: 0 1
[   26390 t#:0] <t> got: 1 0
[   26430 t#:0] <t> got: 0 1
[   26470 t#:0] <t> got: 1 0
[   26510 t#:0] <t> got: 0 1
[   26550 t#:0] <t> got: 1 0
[   26590 t#:0] <t> got: 0 1
[   26630 t#:0] <t> got: 1 0
[   26670 t#:0] <t> got: 0 1
[   26710 t#:0] <t> got: 1 0
[   26750 t#:0] <t> got: 0 1
[   26790 t#:0] <t> got: 1 0
[   26830 t#:0] <t> got: 0 1
[   26870 t#:0] <t> got: 1 0
[   26910 t#:0] <t> got: 0 1
[   26950 t#:0] <t> got: 1 0
[   26990 t#:0] <t> got: 0 1
[   27030 t#:0] <t> got: 1 0
[   27070 t#:0] <t> got: 0 1
[   27110 t#:0] <t> got: 1 0
[   27150 t#:0] <t> got: 0 1
[   27190 t#:0] <t> got: 1 0
[   27230 t#:0] <t> got: 0 1
[   27270 t#:0] <t> got: 1 0
[   27310 t#:0] <t> got: 0 1
[   27350 t#:0] <t> got: 1 0
[   27390 t#:0] <t> got: 0 1
[   27430 t#:0] <t> got: 1 0
[   27470 t#:0] <t> got: 0 1
[   27510 t#:0] <t> got: 1 0
[   27550 t#:0] <t> got: 0 1
[   27590 t#:0] <t> got: 1 0
[   27630 t#:0] <t> got: 0 1
[   27670 t#:0] <t> got: 1 0
[   27710 t#:0] <t> got: 0 1
[   27750 t#:0] <t> got: 1 0
[   27790 t#:0] <t> got: 0 1
[   27830 t#:0] <t> got: 1 0
[   27870 t#:0] <t> got: 0 1
[   27910 t#:0] <t> got: 1 0
[   27950 t#:0] <t> got: 0 1
[   27990 t#:0] <t> got: 1 0
[   28030 t#:0] <t> got: 0 1
[   28070 t#:0] <t> got: 1 0
[   28110 t#:0] <t> got: 0 1
[   28150 t#:0] <t> got: 1 0
[   28190 t#:0] <t> got: 0 1
[   28230 t#:0] <t> got: 1 0
[   28270 t#:0] <t> got: 0 1
[   28310 t#:0] <t> got: 1 0
[   28350 t#:0] <t> got: 0 1
[   28390 t#:0] <t> got: 1 0
[   28430 t#:0] <t> got: 0 1
[   28470 t#:0] <t> got: 1 0
[   28510 t#:0] <t> got: 0 1
[   28550 t#:0] <t> got: 1 0
[   28590 t#:0] <t> got: 0 1
[   28630 t#:0] <t> got: 1 0
[   28670 t#:0] <t> got: 0 1
[   28710 t#:0] <t> got: 1 0
[   28750 t#:0] <t> got: 0 1
[   28790 t#:0] <t> got: 1 0
[   28830 t#:0] <t> got: 0 1
[   28870 t#:0] <t> got: 1 0
[   28910 t#:0] <t> got: 0 1
[   28950 t#:0] <t> got: 1 0
[   28990 t#:0] <t> got: 0 1
[   29030 t#:0] <t> got: 1 0
[   29070 t#:0] <t> got: 0 1
[   29110 t#:0] <t> got: 1 0
[   29150 t#:0] <t> got: 0 1
[   29190 t#:0] <t> got: 1 0
[   29230 t#:0] <t> got: 0 1
[   29270 t#:0] <t> got: 1 0
[   29310 t#:0] <t> got: 0 1
[   29350 t#:0] <t> got: 1 0
[   29390 t#:0] <t> got: 0 1
[   29430 t#:0] <t> got: 1 0
[   29470 t#:0] <t> got: 0 1
[   29510 t#:0] <t> got: 1 0
[   29550 t#:0] <t> got: 0 1
[   29590 t#:0] <t> got: 1 0
[   29630 t#:0] <t> got: 0 1
[   29670 t#:0] <t> got: 1 0
[   29710 t#:0] <t> got: 0 1
[   29750 t#:0] <t> got: 1 0
[   29790 t#:0] <t> got: 0 1
[   29830 t#:0] <t> got: 1 0
[   29870 t#:0] <t> got: 0 1
[   29910 t#:0] <t> got: 1 0
[   29950 t#:0] <t> got: 0 1
[   29990 t#:0] <t> got: 1 0
[   30030 t#:0] <t> got: 0 1
[   30070 t#:0] <t> got: 1 0
[   30110 t#:0] <t> got: 0 1
[   30150 t#:0] <t> got: 1 0
[   30190 t#:0] <t> got: 0 1
[   30230 t#:0] <t> got: 1 0
[   30270 t#:0] <t> got: 0 1
[   30310 t#:0] <t> got: 1 0
[   30350 t#:0] <t> got: 0 1
[   30390 t#:0] <t> got: 1 0
[   30430 t#:0] <t> got: 0 1
[   30470 t#:0] <t> got: 1 0
[   30510 t#:0] <t> got: 0 1
[   30550 t#:0] <t> got: 1 0
[   30590 t#:0] <t> got: 0 1
[   30630 t#:0] <t> got: 1 0
[   30670 t#:0] <t> got: 0 1
[   30710 t#:0] <t> got: 1 0
[   30750 t#:0] <t> got: 0 1
[   30790 t#:0] <t> got: 1 0
[   30830 t#:0] <t> got: 0 1
[   30870 t#:0] <t> got: 1 0
[   30910 t#:0] <t> got: 0 1
[   30950 t#:0] <t> got: 1 0
[   30990 t#:0] <t> got: 0 1
[   31030 t#:0] <t> got: 1 0
[   31070 t#:0] <t> got: 0 1
[   31110 t#:0] <t> got: 1 0
[   31150 t#:0] <t> got: 0 1
[   31190 t#:0] <t> got: 1 0
[   31230 t#:0] <t> got: 0 1
[   31270 t#:0] <t> got: 1 0
[   31310 t#:0] <t> got: 0 1
[   31350 t#:0] <t> got: 1 0
[   31390 t#:0] <t> got: 0 1
[   31430 t#:0] <t> got: 1 0
[   31470 t#:0] <t> got: 0 1
[   31510 t#:0] <t> got: 1 0
[   31550 t#:0] <t> got: 0 1
[   31590 t#:0] <t> got: 1 0
[   31630 t#:0] <t> got: 0 1
[   31670 t#:0] <t> got: 1 0
[   31710 t#:0] <t> got: 0 1
[   31750 t#:0] <t> got: 1 0
[   31790 t#:0] <t> got: 0 1
[   31830 t#:0] <t> got: 1 0
[   31870 t#:0] <t> got: 0 1
[   31910 t#:0] <t> got: 1 0
[   31950 t#:0] <t> got: 0 1
[   31990 t#:0] <t> got: 1 0
[   32030 t#:0] <t> got: 0 1
[   32070 t#:0] <t> got: 1 0
[   32110 t#:0] <t> got: 0 1
[   32150 t#:0] <t> got: 1 0
[   32190 t#:0] <t> got: 0 1
[   32230 t#:0] <t> got: 1 0
[   32270 t#:0] <t> got: 0 1
[   32310 t#:0] <t> got: 1 0
[   32350 t#:0] <t> got: 0 1
[   32390 t#:0] <t> got: 1 0
[   32430 t#:0] <t> got: 0 1
[   32470 t#:0] <t> got: 1 0
[   32510 t#:0] <t> got: 0 1
[   32550 t#:0] <t> got: 1 0
[   32590 t#:0] <t> got: 0 1
[   32630 t#:0] <t> got: 1 0
[   32670 t#:0] <t> got: 0 1
[   32710 t#:0] <t> got: 1 0
[   32750 t#:0] <t> got: 0 1
[   32790 t#:0] <t> got: 1 0
[   32830 t#:0] <t> got: 0 1
[   32870 t#:0] <t> got: 1 0
[   32910 t#:0] <t> got: 0 1
[   32950 t#:0] <t> got: 1 0
[   32990 t#:0] <t> got: 0 1
[   33030 t#:0] <t> got: 1 0
[   33070 t#:0] <t> got: 0 1
[   33110 t#:0] <t> got: 1 0
[   33150 t#:0] <t> got: 0 1
[   33190 t#:0] <t> got: 1 0
[   33230 t#:0] <t> got: 0 1
[   33270 t#:0] <t> got: 1 0
[   33310 t#:0] <t> got: 0 1
[   33350 t#:0] <t> got: 1 0
[   33390 t#:0] <t> got: 0 1
[   33430 t#:0] <t> got: 1 0
[   33470 t#:0] <t> got: 0 1
[   33510 t#:0] <t> got: 1 0
[   33550 t#:0] <t> got: 0 1
[   33590 t#:0] <t> got: 1 0
[   33630 t#:0] <t> got: 0 1
[   33670 t#:0] <t> got: 1 0
[   33710 t#:0] <t> got: 0 1
[   33750 t#:0] <t> got: 1 0
[   33790 t#:0] <t> got: 0 1
[   33830 t#:0] <t> got: 1 0
[   33870 t#:0] <t> got: 0 1
[   33910 t#:0] <t> got: 1 0
[   33950 t#:0] <t> got: 0 1
[   33990 t#:0] <t> got: 1 0
[   34030 t#:0] <t> got: 0 1
[   34070 t#:0] <t> got: 1 0
[   34110 t#:0] <t> got: 0 1
[   34150 t#:0] <t> got: 1 0
[   34190 t#:0] <t> got: 0 1
[   34230 t#:0] <t> got: 1 0
[   34270 t#:0] <t> got: 0 1
[   34310 t#:0] <t> got: 1 0
[   34350 t#:0] <t> got: 0 1
[   34390 t#:0] <t> got: 1 0
[   34430 t#:0] <t> got: 0 1
[   34470 t#:0] <t> got: 1 0
[   34510 t#:0] <t> got: 0 1
[   34550 t#:0] <t> got: 1 0
[   34590 t#:0] <t> got: 0 1
[   34630 t#:0] <t> got: 1 0
[   34670 t#:0] <t> got: 0 1
[   34710 t#:0] <t> got: 1 0
[   34750 t#:0] <t> got: 0 1
[   34790 t#:0] <t> got: 1 0
[   34830 t#:0] <t> got: 0 1
[   34870 t#:0] <t> got: 1 0
[   34910 t#:0] <t> got: 0 1
[   34950 t#:0] <t> got: 1 0
[   34990 t#:0] <t> got: 0 1
[   35030 t#:0] <t> got: 1 0
[   35070 t#:0] <t> got: 0 1
[   35110 t#:0] <t> got: 1 0
[   35150 t#:0] <t> got: 0 1
[   35190 t#:0] <t> got: 1 0
[   35230 t#:0] <t> got: 0 1
[   35270 t#:0] <t> got: 1 0
[   35310 t#:0] <t> got: 0 1
[   35350 t#:0] <t> got: 1 0
[   35390 t#:0] <t> got: 0 1
[   35430 t#:0] <t> got: 1 0
[   35470 t#:0] <t> got: 0 1
[   35510 t#:0] <t> got: 1 0
[   35550 t#:0] <t> got: 0 1
[   35590 t#:0] <t> got: 1 0
[   35630 t#:0] <t> got: 0 1
[   35670 t#:0] <t> got: 1 0
[   35710 t#:0] <t> got: 0 1
[   35750 t#:0] <t> got: 1 0
[   35790 t#:0] <t> got: 0 1
[   35830 t#:0] <t> got: 1 0
[   35870 t#:0] <t> got: 0 1
[   35910 t#:0] <t> got: 1 0
[   35950 t#:0] <t> got: 0 1
[   35990 t#:0] <t> got: 1 0
[   36030 t#:0] <t> got: 0 1
[   36070 t#:0] <t> got: 1 0
[   36110 t#:0] <t> got: 0 1
[   36150 t#:0] <t> got: 1 0
[   36190 t#:0] <t> got: 0 1
[   36230 t#:0] <t> got: 1 0
[   36270 t#:0] <t> got: 0 1
[   36310 t#:0] <t> got: 1 0
[   36350 t#:0] <t> got: 0 1
[   36390 t#:0] <t> got: 1 0
[   36430 t#:0] <t> got: 0 1
[   36470 t#:0] <t> got: 1 0
[   36510 t#:0] <t> got: 0 1
[   36550 t#:0] <t> got: 1 0
[   36590 t#:0] <t> got: 0 1
[   36630 t#:0] <t> got: 1 0
[   36670 t#:0] <t> got: 0 1
[   36710 t#:0] <t> got: 1 0
[   36750 t#:0] <t> got: 0 1
[   36790 t#:0] <t> got: 1 0
[   36830 t#:0] <t> got: 0 1
[   36870 t#:0] <t> got: 1 0
[   36910 t#:0] <t> got: 0 1
[   36950 t#:0] <t> got: 1 0
[   36990 t#:0] <t> got: 0 1
[   37030 t#:0] <t> got: 1 0
[   37070 t#:0] <t> got: 0 1
[   37110 t#:0] <t> got: 1 0
[   37150 t#:0] <t> got: 0 1
[   37190 t#:0] <t> got: 1 0
[   37230 t#:0] <t> got: 0 1
[   37270 t#:0] <t> got: 1 0
[   37310 t#:0] <t> got: 0 1
[   37350 t#:0] <t> got: 1 0
[   37390 t#:0] <t> got: 0 1
[   37430 t#:0] <t> got: 1 0
[   37470 t#:0] <t> got: 0 1
[   37510 t#:0] <t> got: 1 0
[   37550 t#:0] <t> got: 0 1
[   37590 t#:0] <t> got: 1 0
[   37630 t#:0] <t> got: 0 1
[   37670 t#:0] <t> got: 1 0
[   37710 t#:0] <t> got: 0 1
[   37750 t#:0] <t> got: 1 0
[   37790 t#:0] <t> got: 0 1
[   37830 t#:0] <t> got: 1 0
[   37870 t#:0] <t> got: 0 1
[   37910 t#:0] <t> got: 1 0
[   37950 t#:0] <t> got: 0 1
[   37990 t#:0] <t> got: 1 0
[   38030 t#:0] <t> got: 0 1
[   38070 t#:0] <t> got: 1 0
[   38110 t#:0] <t> got: 0 1
[   38150 t#:0] <t> got: 1 0
[   38190 t#:0] <t> got: 0 1
[   38230 t#:0] <t> got: 1 0
[   38270 t#:0] <t> got: 0 1
[   38310 t#:0] <t> got: 1 0
[   38350 t#:0] <t> got: 0 1
[   38390 t#:0] <t> got: 1 0
[   38430 t#:0] <t> got: 0 1
[   38470 t#:0] <t> got: 1 0
[   38510 t#:0] <t> got: 0 1
[   38550 t#:0] <t> got: 1 0
[   38590 t#:0] <t> got: 0 1
[   38630 t#:0] <t> got: 1 0
[   38670 t#:0] <t> got: 0 1
[   38710 t#:0] <t> got: 1 0
[   38750 t#:0] <t> got: 0 1
[   38790 t#:0] <t> got: 1 0
[   38830 t#:0] <t> got: 0 1
[   38870 t#:0] <t> got: 1 0
[   38910 t#:0] <t> got: 0 1
[   38950 t#:0] <t> got: 1 0
[   38990 t#:0] <t> got: 0 1
[   39030 t#:0] <t> got: 1 0
[   39070 t#:0] <t> got: 0 1
[   39110 t#:0] <t> got: 1 0
[   39150 t#:0] <t> got: 0 1
[   39190 t#:0] <t> got: 1 0
[   39230 t#:0] <t> got: 0 1
[   39270 t#:0] <t> got: 1 0
[   39310 t#:0] <t> got: 0 1
[   39350 t#:0] <t> got: 1 0
[   39390 t#:0] <t> got: 0 1
[   39430 t#:0] <t> got: 1 0
[   39470 t#:0] <t> got: 0 1
[   39510 t#:0] <t> got: 1 0
[   39550 t#:0] <t> got: 0 1
[   39590 t#:0] <t> got: 1 0
[   39630 t#:0] <t> got: 0 1
[   39670 t#:0] <t> got: 1 0
[   39710 t#:0] <t> got: 0 1
[   39750 t#:0] <t> got: 1 0
[   39790 t#:0] <t> got: 0 1
[   39830 t#:0] <t> got: 1 0
[   39870 t#:0] <t> got: 0 1
[   39910 t#:0] <t> got: 1 0
[   39950 t#:0] <t> got: 0 1
[   39990 t#:0] <t> got: 1 0
[   40030 t#:0] <t> got: 0 1
[   40070 t#:0] <t> got: 1 0
[   40110 t#:0] <t> got: 0 1
[   40150 t#:0] <t> got: 1 0
[   40190 t#:0] <t> got: 0 1
[   40230 t#:0] <t> got: 1 0
[   40270 t#:0] <t> got: 0 1
[   40310 t#:0] <t> got: 1 0
[   40350 t#:0] <t> got: 0 1
[   40390 t#:0] <t> got: 1 0
[   40430 t#:0] <t> got: 0 1
[   40470 t#:0] <t> got: 1 0
[   40510 t#:0] <t> got: 0 1
[   40550 t#:0] <t> got: 1 0
[   40590 t#:0] <t> got: 0 1
[   40630 t#:0] <t> got: 1 0
[   40670 t#:0] <t> got: 0 1
[   40710 t#:0] <t> got: 1 0
[   40750 t#:0] <t> got: 0 1
[   40790 t#:0] <t> got: 1 0
[   40830 t#:0] <t> got: 0 1
[   40870 t#:0] <t> got: 1 0
[   40910 t#:0] <t> got: 0 1
[   40950 t#:0] <t> got: 1 0
[   40990 t#:0] <t> got: 0 1
[   41030 t#:0] <t> got: 1 0
[   41070 t#:0] <t> got: 0 1
[   41110 t#:0] <t> got: 1 0
[   41150 t#:0] <t> got: 0 1
[   41190 t#:0] <t> got: 1 0
[   41230 t#:0] <t> got: 0 1
[   41270 t#:0] <t> got: 1 0
[   41310 t#:0] <t> got: 0 1
[   41350 t#:0] <t> got: 1 0
[   41390 t#:0] <t> got: 0 1
[   41430 t#:0] <t> got: 1 0
[   41470 t#:0] <t> got: 0 1
[   41510 t#:0] <t> got: 1 0
[   41550 t#:0] <t> got: 0 1
[   41590 t#:0] <t> got: 1 0
[   41630 t#:0] <t> got: 0 1
[   41670 t#:0] <t> got: 1 0
[   41710 t#:0] <t> got: 0 1
[   41750 t#:0] <t> got: 1 0
[   41790 t#:0] <t> got: 0 1
[   41830 t#:0] <t> got: 1 0
[   41870 t#:0] <t> got: 0 1
[   41910 t#:0] <t> got: 1 0
[   41950 t#:0] <t> got: 0 1
[   41990 t#:0] <t> got: 1 0
[   42030 t#:0] <t> got: 0 1
[   42070 t#:0] <t> got: 1 0
[   42110 t#:0] <t> got: 0 1
[   42150 t#:0] <t> got: 1 0
[   42190 t#:0] <t> got: 0 1
[   42230 t#:0] <t> got: 1 0
[   42270 t#:0] <t> got: 0 1
[   42310 t#:0] <t> got: 1 0
[   42350 t#:0] <t> got: 0 1
[   42390 t#:0] <t> got: 1 0
[   42430 t#:0] <t> got: 0 1
[   42470 t#:0] <t> got: 1 0
[   42510 t#:0] <t> got: 0 1
[   42550 t#:0] <t> got: 1 0
[   42590 t#:0] <t> got: 0 1
[   42630 t#:0] <t> got: 1 0
[   42670 t#:0] <t> got: 0 1
[   42710 t#:0] <t> got: 1 0
[   42750 t#:0] <t> got: 0 1
[   42790 t#:0] <t> got: 1 0
[   42830 t#:0] <t> got: 0 1
[   42870 t#:0] <t> got: 1 0
[   42910 t#:0] <t> got: 0 1
[   42950 t#:0] <t> got: 1 0
[   42990 t#:0] <t> got: 0 1
[   43030 t#:0] <t> got: 1 0
[   43070 t#:0] <t> got: 0 1
[   43110 t#:0] <t> got: 1 0
[   43150 t#:0] <t> got: 0 1
[   43190 t#:0] <t> got: 1 0
[   43230 t#:0] <t> got: 0 1
[   43270 t#:0] <t> got: 1 0
[   43310 t#:0] <t> got: 0 1
[   43350 t#:0] <t> got: 1 0
[   43390 t#:0] <t> got: 0 1
[   43430 t#:0] <t> got: 1 0
[   43470 t#:0] <t> got: 0 1
[   43510 t#:0] <t> got: 1 0
[   43550 t#:0] <t> got: 0 1
[   43590 t#:0] <t> got: 1 0
[   43630 t#:0] <t> got: 0 1
[   43670 t#:0] <t> got: 1 0
[   43710 t#:0] <t> got: 0 1
[   43750 t#:0] <t> got: 1 0
[   43790 t#:0] <t> got: 0 1
[   43830 t#:0] <t> got: 1 0
[   43870 t#:0] <t> got: 0 1
[   43910 t#:0] <t> got: 1 0
[   43950 t#:0] <t> got: 0 1
[   43990 t#:0] <t> got: 1 0
[   44030 t#:0] <t> got: 0 1
[   44070 t#:0] <t> got: 1 0
[   44110 t#:0] <t> got: 0 1
[   44150 t#:0] <t> got: 1 0
[   44190 t#:0] <t> got: 0 1
[   44230 t#:0] <t> got: 1 0
[   44270 t#:0] <t> got: 0 1
[   44310 t#:0] <t> got: 1 0
[   44350 t#:0] <t> got: 0 1
[   44390 t#:0] <t> got: 1 0
[   44430 t#:0] <t> got: 0 1
