[                  20] <ix>  got int: 1
[                  50] <ix>  got int: 0
[                  80] <ix>  got int: 1
[                 110] <ix>  got int: 0
[                 140] <ix>  got int: 1
[                 170] <ix>  got int: 0
[                 200] <ix>  got int: 1
[                 230] <ix>  got int: 0
[                 260] <ix>  got int: 1
[                 290] <ix>  got int: 0
[                 320] <ix>  got int: 1
[                 350] <ix>  got int: 0
[                 380] <ix>  got int: 1
[                 410] <ix>  got int: 0
[                 440] <ix>  got int: 1
[                 470] <ix>  got int: 0
[                 500] <ix>  got int: 1
[                 530] <ix>  got int: 0
[                 560] <ix>  got int: 1
[                 590] <ix>  got int: 0
[                 620] <ix>  got int: 1
[                 650] <ix>  got int: 0
[                 680] <ix>  got int: 1
[                 710] <ix>  got int: 0
[                 740] <ix>  got int: 1
[                 770] <ix>  got int: 0
[                 800] <ix>  got int: 1
[                 830] <ix>  got int: 0
[                 860] <ix>  got int: 1
[                 890] <ix>  got int: 0
[                 920] <ix>  got int: 1
[                 950] <ix>  got int: 0
[                 980] <ix>  got int: 1
[                1010] <ix>  got int: 0
[                1040] <ix>  got int: 1
[                1070] <ix>  got int: 0
[                1100] <ix>  got int: 1
[                1130] <ix>  got int: 0
[                1160] <ix>  got int: 1
[                1190] <ix>  got int: 0
[                1220] <ix>  got int: 1
[                1250] <ix>  got int: 0
[                1280] <ix>  got int: 1
[                1310] <ix>  got int: 0
[                1340] <ix>  got int: 1
[                1370] <ix>  got int: 0
[                1400] <ix>  got int: 1
[                1430] <ix>  got int: 0
[                1460] <ix>  got int: 1
[                1490] <ix>  got int: 0
[                1520] <ix>  got int: 1
[                1550] <ix>  got int: 0
[                1580] <ix>  got int: 1
[                1610] <ix>  got int: 0
[                1640] <ix>  got int: 1
[                1670] <ix>  got int: 0
[                1700] <ix>  got int: 1
[                1730] <ix>  got int: 0
[                1760] <ix>  got int: 1
[                1790] <ix>  got int: 0
[                1820] <ix>  got int: 1
[                1850] <ix>  got int: 0
[                1880] <ix>  got int: 1
[                1910] <ix>  got int: 0
[                1940] <ix>  got int: 1
[                1970] <ix>  got int: 0
[                2000] <ix>  got int: 1
[                2030] <ix>  got int: 0
[                2060] <ix>  got int: 1
[                2090] <ix>  got int: 0
[                2120] <ix>  got int: 1
[                2150] <ix>  got int: 0
[                2180] <ix>  got int: 1
[                2210] <ix>  got int: 0
[                2240] <ix>  got int: 1
[                2270] <ix>  got int: 0
[                2300] <ix>  got int: 1
[                2330] <ix>  got int: 0
[                2360] <ix>  got int: 1
[                2390] <ix>  got int: 0
[                2420] <ix>  got int: 1
[                2450] <ix>  got int: 0
[                2480] <ix>  got int: 1
[                2510] <ix>  got int: 0
[                2540] <ix>  got int: 1
[                2570] <ix>  got int: 0
[                2600] <ix>  got int: 1
[                2630] <ix>  got int: 0
[                2660] <ix>  got int: 1
[                2690] <ix>  got int: 0
[                2720] <ix>  got int: 1
[                2750] <ix>  got int: 0
[                2780] <ix>  got int: 1
[                2810] <ix>  got int: 0
[                2840] <ix>  got int: 1
[                2870] <ix>  got int: 0
[                2900] <ix>  got int: 1
[                2930] <ix>  got int: 0
[                2960] <ix>  got int: 1
[                2990] <ix>  got int: 0
[                3020] <ix>  got int: 1
[                3050] <ix>  got int: 0
[                3080] <ix>  got int: 1
[                3110] <ix>  got int: 0
[                3140] <ix>  got int: 1
[                3170] <ix>  got int: 0
[                3200] <ix>  got int: 1
[                3230] <ix>  got int: 0
[                3260] <ix>  got int: 1
[                3290] <ix>  got int: 0
[                3320] <ix>  got int: 1
[                3350] <ix>  got int: 0
[                3380] <ix>  got int: 1
[                3410] <ix>  got int: 0
[                3440] <ix>  got int: 1
[                3470] <ix>  got int: 0
[                3500] <ix>  got int: 1
[                3530] <ix>  got int: 0
[                3560] <ix>  got int: 1
[                3590] <ix>  got int: 0
[                3620] <ix>  got int: 1
[                3650] <ix>  got int: 0
[                3680] <ix>  got int: 1
[                3710] <ix>  got int: 0
[                3740] <ix>  got int: 1
[                3770] <ix>  got int: 0
[                3800] <ix>  got int: 1
[                3830] <ix>  got int: 0
[                3860] <ix>  got int: 1
[                3890] <ix>  got int: 0
[                3920] <ix>  got int: 1
[                3950] <ix>  got int: 0
[                3980] <ix>  got int: 1
[                4010] <ix>  got int: 0
[                4040] <ix>  got int: 1
[                4070] <ix>  got int: 0
[                4100] <ix>  got int: 1
[                4130] <ix>  got int: 0
[                4160] <ix>  got int: 1
[                4190] <ix>  got int: 0
[                4220] <ix>  got int: 1
[                4250] <ix>  got int: 0
[                4280] <ix>  got int: 1
[                4310] <ix>  got int: 0
[                4340] <ix>  got int: 1
[                4370] <ix>  got int: 0
[                4400] <ix>  got int: 1
[                4430] <ix>  got int: 0
[                4460] <ix>  got int: 1
[                4490] <ix>  got int: 0
[                4520] <ix>  got int: 1
[                4550] <ix>  got int: 0
[                4580] <ix>  got int: 1
[                4610] <ix>  got int: 0
[                4640] <ix>  got int: 1
[                4670] <ix>  got int: 0
[                4700] <ix>  got int: 1
[                4730] <ix>  got int: 0
[                4760] <ix>  got int: 1
[                4790] <ix>  got int: 0
[                4820] <ix>  got int: 1
[                4850] <ix>  got int: 0
[                4880] <ix>  got int: 1
[                4910] <ix>  got int: 0
[                4940] <ix>  got int: 1
[                4970] <ix>  got int: 0
[                5000] <ix>  got int: 1
[                5030] <ix>  got int: 0
[                5060] <ix>  got int: 1
[                5090] <ix>  got int: 0
[                5120] <ix>  got int: 1
[                5150] <ix>  got int: 0
[                5180] <ix>  got int: 1
[                5210] <ix>  got int: 0
[                5240] <ix>  got int: 1
[                5270] <ix>  got int: 0
[                5300] <ix>  got int: 1
[                5330] <ix>  got int: 0
[                5360] <ix>  got int: 1
[                5390] <ix>  got int: 0
[                5420] <ix>  got int: 1
[                5450] <ix>  got int: 0
[                5480] <ix>  got int: 1
[                5510] <ix>  got int: 0
[                5540] <ix>  got int: 1
[                5570] <ix>  got int: 0
[                5600] <ix>  got int: 1
[                5630] <ix>  got int: 0
[                5660] <ix>  got int: 1
[                5690] <ix>  got int: 0
[                5720] <ix>  got int: 1
[                5750] <ix>  got int: 0
[                5780] <ix>  got int: 1
[                5810] <ix>  got int: 0
[                5840] <ix>  got int: 1
[                5870] <ix>  got int: 0
[                5900] <ix>  got int: 1
[                5930] <ix>  got int: 0
[                5960] <ix>  got int: 1
[                5990] <ix>  got int: 0
[                6020] <ix>  got int: 1
[                6050] <ix>  got int: 0
[                6080] <ix>  got int: 1
[                6110] <ix>  got int: 0
[                6140] <ix>  got int: 1
[                6170] <ix>  got int: 0
[                6200] <ix>  got int: 1
[                6230] <ix>  got int: 0
[                6260] <ix>  got int: 1
[                6290] <ix>  got int: 0
[                6320] <ix>  got int: 1
[                6350] <ix>  got int: 0
[                6380] <ix>  got int: 1
[                6410] <ix>  got int: 0
[                6440] <ix>  got int: 1
[                6470] <ix>  got int: 0
[                6500] <ix>  got int: 1
[                6530] <ix>  got int: 0
[                6560] <ix>  got int: 1
[                6590] <ix>  got int: 0
[                6620] <ix>  got int: 1
[                6650] <ix>  got int: 0
[                6680] <ix>  got int: 1
[                6710] <ix>  got int: 0
[                6740] <ix>  got int: 1
[                6770] <ix>  got int: 0
[                6800] <ix>  got int: 1
[                6830] <ix>  got int: 0
[                6860] <ix>  got int: 1
[                6890] <ix>  got int: 0
[                6920] <ix>  got int: 1
[                6950] <ix>  got int: 0
[                6980] <ix>  got int: 1
[                7010] <ix>  got int: 0
[                7040] <ix>  got int: 1
[                7070] <ix>  got int: 0
[                7100] <ix>  got int: 1
[                7130] <ix>  got int: 0
[                7160] <ix>  got int: 1
[                7190] <ix>  got int: 0
[                7220] <ix>  got int: 1
[                7250] <ix>  got int: 0
[                7280] <ix>  got int: 1
[                7310] <ix>  got int: 0
[                7340] <ix>  got int: 1
[                7370] <ix>  got int: 0
[                7400] <ix>  got int: 1
[                7430] <ix>  got int: 0
[                7460] <ix>  got int: 1
[                7490] <ix>  got int: 0
[                7520] <ix>  got int: 1
[                7550] <ix>  got int: 0
[                7580] <ix>  got int: 1
[                7610] <ix>  got int: 0
[                7640] <ix>  got int: 1
[                7670] <ix>  got int: 0
[                7700] <ix>  got int: 1
[                7730] <ix>  got int: 0
[                7760] <ix>  got int: 1
[                7790] <ix>  got int: 0
[                7820] <ix>  got int: 1
[                7850] <ix>  got int: 0
[                7880] <ix>  got int: 1
[                7910] <ix>  got int: 0
[                7940] <ix>  got int: 1
[                7970] <ix>  got int: 0
[                8000] <ix>  got int: 1
[                8030] <ix>  got int: 0
[                8060] <ix>  got int: 1
[                8090] <ix>  got int: 0
[                8120] <ix>  got int: 1
[                8150] <ix>  got int: 0
[                8180] <ix>  got int: 1
[                8210] <ix>  got int: 0
[                8240] <ix>  got int: 1
[                8270] <ix>  got int: 0
[                8300] <ix>  got int: 1
[                8330] <ix>  got int: 0
[                8360] <ix>  got int: 1
[                8390] <ix>  got int: 0
[                8420] <ix>  got int: 1
[                8450] <ix>  got int: 0
[                8480] <ix>  got int: 1
[                8510] <ix>  got int: 0
[                8540] <ix>  got int: 1
[                8570] <ix>  got int: 0
[                8600] <ix>  got int: 1
[                8630] <ix>  got int: 0
[                8660] <ix>  got int: 1
[                8690] <ix>  got int: 0
[                8720] <ix>  got int: 1
[                8750] <ix>  got int: 0
[                8780] <ix>  got int: 1
[                8810] <ix>  got int: 0
[                8840] <ix>  got int: 1
[                8870] <ix>  got int: 0
[                8900] <ix>  got int: 1
[                8930] <ix>  got int: 0
[                8960] <ix>  got int: 1
[                8990] <ix>  got int: 0
[                9020] <ix>  got int: 1
[                9050] <ix>  got int: 0
[                9080] <ix>  got int: 1
[                9110] <ix>  got int: 0
[                9140] <ix>  got int: 1
[                9170] <ix>  got int: 0
[                9200] <ix>  got int: 1
[                9230] <ix>  got int: 0
[                9260] <ix>  got int: 1
[                9290] <ix>  got int: 0
[                9320] <ix>  got int: 1
[                9350] <ix>  got int: 0
[                9380] <ix>  got int: 1
[                9410] <ix>  got int: 0
[                9440] <ix>  got int: 1
[                9470] <ix>  got int: 0
[                9500] <ix>  got int: 1
[                9530] <ix>  got int: 0
[                9560] <ix>  got int: 1
[                9590] <ix>  got int: 0
[                9620] <ix>  got int: 1
[                9650] <ix>  got int: 0
[                9680] <ix>  got int: 1
[                9710] <ix>  got int: 0
[                9740] <ix>  got int: 1
[                9770] <ix>  got int: 0
[                9800] <ix>  got int: 1
[                9830] <ix>  got int: 0
[                9860] <ix>  got int: 1
[                9890] <ix>  got int: 0
[                9920] <ix>  got int: 1
[                9950] <ix>  got int: 0
[                9980] <ix>  got int: 1
[               10010] <ix>  got int: 0
[               10040] <ix>  got int: 1
[               10070] <ix>  got int: 0
[               10100] <ix>  got int: 1
[               10130] <ix>  got int: 0
[               10160] <ix>  got int: 1
[               10190] <ix>  got int: 0
[               10220] <ix>  got int: 1
[               10250] <ix>  got int: 0
[               10280] <ix>  got int: 1
[               10310] <ix>  got int: 0
[               10340] <ix>  got int: 1
[               10370] <ix>  got int: 0
[               10400] <ix>  got int: 1
[               10430] <ix>  got int: 0
[               10460] <ix>  got int: 1
[               10490] <ix>  got int: 0
[               10520] <ix>  got int: 1
[               10550] <ix>  got int: 0
[               10580] <ix>  got int: 1
[               10610] <ix>  got int: 0
[               10640] <ix>  got int: 1
[               10670] <ix>  got int: 0
[               10700] <ix>  got int: 1
[               10730] <ix>  got int: 0
[               10760] <ix>  got int: 1
[               10790] <ix>  got int: 0
[               10820] <ix>  got int: 1
[               10850] <ix>  got int: 0
[               10880] <ix>  got int: 1
[               10910] <ix>  got int: 0
[               10940] <ix>  got int: 1
[               10970] <ix>  got int: 0
[               11000] <ix>  got int: 1
[               11030] <ix>  got int: 0
[               11060] <ix>  got int: 1
[               11090] <ix>  got int: 0
[               11120] <ix>  got int: 1
[               11150] <ix>  got int: 0
[               11180] <ix>  got int: 1
[               11210] <ix>  got int: 0
[               11240] <ix>  got int: 1
[               11270] <ix>  got int: 0
[               11300] <ix>  got int: 1
[               11330] <ix>  got int: 0
[               11360] <ix>  got int: 1
[               11390] <ix>  got int: 0
[               11420] <ix>  got int: 1
[               11450] <ix>  got int: 0
[               11480] <ix>  got int: 1
[               11510] <ix>  got int: 0
[               11540] <ix>  got int: 1
[               11570] <ix>  got int: 0
[               11600] <ix>  got int: 1
[               11630] <ix>  got int: 0
[               11660] <ix>  got int: 1
[               11690] <ix>  got int: 0
[               11720] <ix>  got int: 1
[               11750] <ix>  got int: 0
[               11780] <ix>  got int: 1
[               11810] <ix>  got int: 0
[               11840] <ix>  got int: 1
[               11870] <ix>  got int: 0
[               11900] <ix>  got int: 1
[               11930] <ix>  got int: 0
[               11960] <ix>  got int: 1
[               11990] <ix>  got int: 0
[               12020] <ix>  got int: 1
[               12050] <ix>  got int: 0
[               12080] <ix>  got int: 1
[               12110] <ix>  got int: 0
[               12140] <ix>  got int: 1
[               12170] <ix>  got int: 0
[               12200] <ix>  got int: 1
[               12230] <ix>  got int: 0
[               12260] <ix>  got int: 1
[               12290] <ix>  got int: 0
[               12320] <ix>  got int: 1
[               12350] <ix>  got int: 0
[               12380] <ix>  got int: 1
[               12410] <ix>  got int: 0
[               12440] <ix>  got int: 1
[               12470] <ix>  got int: 0
[               12500] <ix>  got int: 1
[               12530] <ix>  got int: 0
[               12560] <ix>  got int: 1
[               12590] <ix>  got int: 0
[               12620] <ix>  got int: 1
[               12650] <ix>  got int: 0
[               12680] <ix>  got int: 1
[               12710] <ix>  got int: 0
[               12740] <ix>  got int: 1
[               12770] <ix>  got int: 0
[               12800] <ix>  got int: 1
[               12830] <ix>  got int: 0
[               12860] <ix>  got int: 1
[               12890] <ix>  got int: 0
[               12920] <ix>  got int: 1
[               12950] <ix>  got int: 0
[               12980] <ix>  got int: 1
[               13010] <ix>  got int: 0
[               13040] <ix>  got int: 1
[               13070] <ix>  got int: 0
[               13100] <ix>  got int: 1
[               13130] <ix>  got int: 0
[               13160] <ix>  got int: 1
[               13190] <ix>  got int: 0
[               13220] <ix>  got int: 1
[               13250] <ix>  got int: 0
[               13280] <ix>  got int: 1
[               13310] <ix>  got int: 0
[               13340] <ix>  got int: 1
[               13370] <ix>  got int: 0
[               13400] <ix>  got int: 1
[               13430] <ix>  got int: 0
[               13460] <ix>  got int: 1
[               13490] <ix>  got int: 0
[               13520] <ix>  got int: 1
[               13550] <ix>  got int: 0
[               13580] <ix>  got int: 1
[               13610] <ix>  got int: 0
[               13640] <ix>  got int: 1
[               13670] <ix>  got int: 0
[               13700] <ix>  got int: 1
[               13730] <ix>  got int: 0
[               13760] <ix>  got int: 1
[               13790] <ix>  got int: 0
[               13820] <ix>  got int: 1
[               13850] <ix>  got int: 0
[               13880] <ix>  got int: 1
[               13910] <ix>  got int: 0
[               13940] <ix>  got int: 1
[               13970] <ix>  got int: 0
[               14000] <ix>  got int: 1
[               14030] <ix>  got int: 0
[               14060] <ix>  got int: 1
[               14090] <ix>  got int: 0
[               14120] <ix>  got int: 1
[               14150] <ix>  got int: 0
[               14180] <ix>  got int: 1
[               14210] <ix>  got int: 0
[               14240] <ix>  got int: 1
[               14270] <ix>  got int: 0
[               14300] <ix>  got int: 1
[               14330] <ix>  got int: 0
[               14360] <ix>  got int: 1
[               14390] <ix>  got int: 0
[               14420] <ix>  got int: 1
[               14450] <ix>  got int: 0
[               14480] <ix>  got int: 1
[               14510] <ix>  got int: 0
[               14540] <ix>  got int: 1
[               14570] <ix>  got int: 0
[               14600] <ix>  got int: 1
[               14630] <ix>  got int: 0
[               14660] <ix>  got int: 1
[               14690] <ix>  got int: 0
[               14720] <ix>  got int: 1
[               14750] <ix>  got int: 0
[               14780] <ix>  got int: 1
[               14810] <ix>  got int: 0
[               14840] <ix>  got int: 1
[               14870] <ix>  got int: 0
[               14900] <ix>  got int: 1
[               14930] <ix>  got int: 0
[               14960] <ix>  got int: 1
[               14990] <ix>  got int: 0
[               15020] <ix>  got int: 1
[               15050] <ix>  got int: 0
[               15080] <ix>  got int: 1
[               15110] <ix>  got int: 0
[               15140] <ix>  got int: 1
[               15170] <ix>  got int: 0
[               15200] <ix>  got int: 1
[               15230] <ix>  got int: 0
[               15260] <ix>  got int: 1
[               15290] <ix>  got int: 0
[               15320] <ix>  got int: 1
[               15350] <ix>  got int: 0
[               15380] <ix>  got int: 1
[               15410] <ix>  got int: 0
[               15440] <ix>  got int: 1
[               15470] <ix>  got int: 0
[               15500] <ix>  got int: 1
[               15530] <ix>  got int: 0
[               15560] <ix>  got int: 1
[               15590] <ix>  got int: 0
[               15620] <ix>  got int: 1
[               15650] <ix>  got int: 0
[               15680] <ix>  got int: 1
[               15710] <ix>  got int: 0
[               15740] <ix>  got int: 1
[               15770] <ix>  got int: 0
[               15800] <ix>  got int: 1
[               15830] <ix>  got int: 0
[               15860] <ix>  got int: 1
[               15890] <ix>  got int: 0
[               15920] <ix>  got int: 1
[               15950] <ix>  got int: 0
[               15980] <ix>  got int: 1
[               16010] <ix>  got int: 0
[               16040] <ix>  got int: 1
[               16070] <ix>  got int: 0
[               16100] <ix>  got int: 1
[               16130] <ix>  got int: 0
[               16160] <ix>  got int: 1
[               16190] <ix>  got int: 0
[               16220] <ix>  got int: 1
[               16250] <ix>  got int: 0
[               16280] <ix>  got int: 1
[               16310] <ix>  got int: 0
[               16340] <ix>  got int: 1
[               16370] <ix>  got int: 0
[               16400] <ix>  got int: 1
[               16430] <ix>  got int: 0
[               16460] <ix>  got int: 1
[               16490] <ix>  got int: 0
[               16520] <ix>  got int: 1
[               16550] <ix>  got int: 0
[               16580] <ix>  got int: 1
[               16610] <ix>  got int: 0
[               16640] <ix>  got int: 1
[               16670] <ix>  got int: 0
[               16700] <ix>  got int: 1
[               16730] <ix>  got int: 0
[               16760] <ix>  got int: 1
[               16790] <ix>  got int: 0
[               16820] <ix>  got int: 1
[               16850] <ix>  got int: 0
[               16880] <ix>  got int: 1
[               16910] <ix>  got int: 0
[               16940] <ix>  got int: 1
[               16970] <ix>  got int: 0
[               17000] <ix>  got int: 1
[               17030] <ix>  got int: 0
[               17060] <ix>  got int: 1
[               17090] <ix>  got int: 0
[               17120] <ix>  got int: 1
[               17150] <ix>  got int: 0
[               17180] <ix>  got int: 1
[               17210] <ix>  got int: 0
[               17240] <ix>  got int: 1
[               17270] <ix>  got int: 0
[               17300] <ix>  got int: 1
[               17330] <ix>  got int: 0
[               17360] <ix>  got int: 1
[               17390] <ix>  got int: 0
[               17420] <ix>  got int: 1
[               17450] <ix>  got int: 0
[               17480] <ix>  got int: 1
[               17510] <ix>  got int: 0
[               17540] <ix>  got int: 1
[               17570] <ix>  got int: 0
[               17600] <ix>  got int: 1
[               17630] <ix>  got int: 0
[               17660] <ix>  got int: 1
[               17690] <ix>  got int: 0
[               17720] <ix>  got int: 1
[               17750] <ix>  got int: 0
[               17780] <ix>  got int: 1
[               17810] <ix>  got int: 0
[               17840] <ix>  got int: 1
[               17870] <ix>  got int: 0
[               17900] <ix>  got int: 1
[               17930] <ix>  got int: 0
[               17960] <ix>  got int: 1
[               17990] <ix>  got int: 0
[               18020] <ix>  got int: 1
[               18050] <ix>  got int: 0
[               18080] <ix>  got int: 1
[               18110] <ix>  got int: 0
[               18140] <ix>  got int: 1
[               18170] <ix>  got int: 0
[               18200] <ix>  got int: 1
[               18230] <ix>  got int: 0
[               18260] <ix>  got int: 1
[               18290] <ix>  got int: 0
[               18320] <ix>  got int: 1
[               18350] <ix>  got int: 0
[               18380] <ix>  got int: 1
[               18410] <ix>  got int: 0
[               18440] <ix>  got int: 1
[               18470] <ix>  got int: 0
[               18500] <ix>  got int: 1
[               18530] <ix>  got int: 0
[               18560] <ix>  got int: 1
[               18590] <ix>  got int: 0
[               18620] <ix>  got int: 1
[               18650] <ix>  got int: 0
[               18680] <ix>  got int: 1
[               18710] <ix>  got int: 0
[               18740] <ix>  got int: 1
[               18770] <ix>  got int: 0
[               18800] <ix>  got int: 1
[               18830] <ix>  got int: 0
[               18860] <ix>  got int: 1
[               18890] <ix>  got int: 0
[               18920] <ix>  got int: 1
[               18950] <ix>  got int: 0
[               18980] <ix>  got int: 1
[               19010] <ix>  got int: 0
[               19040] <ix>  got int: 1
[               19070] <ix>  got int: 0
[               19100] <ix>  got int: 1
[               19130] <ix>  got int: 0
[               19160] <ix>  got int: 1
[               19190] <ix>  got int: 0
[               19220] <ix>  got int: 1
[               19250] <ix>  got int: 0
[               19280] <ix>  got int: 1
[               19310] <ix>  got int: 0
[               19340] <ix>  got int: 1
[               19370] <ix>  got int: 0
[               19400] <ix>  got int: 1
[               19430] <ix>  got int: 0
[               19460] <ix>  got int: 1
[               19490] <ix>  got int: 0
[               19520] <ix>  got int: 1
[               19550] <ix>  got int: 0
[               19580] <ix>  got int: 1
[               19610] <ix>  got int: 0
[               19640] <ix>  got int: 1
[               19670] <ix>  got int: 0
[               19700] <ix>  got int: 1
[               19730] <ix>  got int: 0
[               19760] <ix>  got int: 1
[               19790] <ix>  got int: 0
[               19820] <ix>  got int: 1
[               19850] <ix>  got int: 0
[               19880] <ix>  got int: 1
[               19910] <ix>  got int: 0
[               19940] <ix>  got int: 1
[               19970] <ix>  got int: 0
[               20000] <ix>  got int: 1
[               20030] <ix>  got int: 0
[               20060] <ix>  got int: 1
[               20090] <ix>  got int: 0
[               20120] <ix>  got int: 1
[               20150] <ix>  got int: 0
[               20180] <ix>  got int: 1
[               20210] <ix>  got int: 0
[               20240] <ix>  got int: 1
[               20270] <ix>  got int: 0
[               20300] <ix>  got int: 1
[               20330] <ix>  got int: 0
[               20360] <ix>  got int: 1
[               20390] <ix>  got int: 0
[               20420] <ix>  got int: 1
[               20450] <ix>  got int: 0
[               20480] <ix>  got int: 1
[               20510] <ix>  got int: 0
[               20540] <ix>  got int: 1
[               20570] <ix>  got int: 0
[               20600] <ix>  got int: 1
[               20630] <ix>  got int: 0
[               20660] <ix>  got int: 1
[               20690] <ix>  got int: 0
[               20720] <ix>  got int: 1
[               20750] <ix>  got int: 0
[               20780] <ix>  got int: 1
[               20810] <ix>  got int: 0
[               20840] <ix>  got int: 1
[               20870] <ix>  got int: 0
[               20900] <ix>  got int: 1
[               20930] <ix>  got int: 0
[               20960] <ix>  got int: 1
[               20990] <ix>  got int: 0
[               21020] <ix>  got int: 1
[               21050] <ix>  got int: 0
[               21080] <ix>  got int: 1
[               21110] <ix>  got int: 0
[               21140] <ix>  got int: 1
[               21170] <ix>  got int: 0
[               21200] <ix>  got int: 1
[               21230] <ix>  got int: 0
[               21260] <ix>  got int: 1
[               21290] <ix>  got int: 0
[               21320] <ix>  got int: 1
[               21350] <ix>  got int: 0
[               21380] <ix>  got int: 1
[               21410] <ix>  got int: 0
[               21440] <ix>  got int: 1
[               21470] <ix>  got int: 0
[               21500] <ix>  got int: 1
[               21530] <ix>  got int: 0
[               21560] <ix>  got int: 1
[               21590] <ix>  got int: 0
[               21620] <ix>  got int: 1
[               21650] <ix>  got int: 0
[               21680] <ix>  got int: 1
[               21710] <ix>  got int: 0
[               21740] <ix>  got int: 1
[               21770] <ix>  got int: 0
[               21800] <ix>  got int: 1
[               21830] <ix>  got int: 0
[               21860] <ix>  got int: 1
[               21890] <ix>  got int: 0
[               21920] <ix>  got int: 1
[               21950] <ix>  got int: 0
[               21980] <ix>  got int: 1
[               22010] <ix>  got int: 0
[               22040] <ix>  got int: 1
[               22070] <ix>  got int: 0
[               22100] <ix>  got int: 1
[               22130] <ix>  got int: 0
[               22160] <ix>  got int: 1
[               22190] <ix>  got int: 0
[               22220] <ix>  got int: 1
[               22250] <ix>  got int: 0
[               22280] <ix>  got int: 1
[               22310] <ix>  got int: 0
[               22340] <ix>  got int: 1
[               22370] <ix>  got int: 0
[               22400] <ix>  got int: 1
[               22430] <ix>  got int: 0
[               22460] <ix>  got int: 1
[               22490] <ix>  got int: 0
[               22520] <ix>  got int: 1
[               22550] <ix>  got int: 0
[               22580] <ix>  got int: 1
[               22610] <ix>  got int: 0
[               22640] <ix>  got int: 1
[               22670] <ix>  got int: 0
[               22700] <ix>  got int: 1
[               22730] <ix>  got int: 0
[               22760] <ix>  got int: 1
[               22790] <ix>  got int: 0
[               22820] <ix>  got int: 1
[               22850] <ix>  got int: 0
[               22880] <ix>  got int: 1
[               22910] <ix>  got int: 0
[               22940] <ix>  got int: 1
[               22970] <ix>  got int: 0
[               23000] <ix>  got int: 1
[               23030] <ix>  got int: 0
[               23060] <ix>  got int: 1
[               23090] <ix>  got int: 0
[               23120] <ix>  got int: 1
[               23150] <ix>  got int: 0
[               23180] <ix>  got int: 1
[               23210] <ix>  got int: 0
[               23240] <ix>  got int: 1
[               23270] <ix>  got int: 0
[               23300] <ix>  got int: 1
[               23330] <ix>  got int: 0
[               23360] <ix>  got int: 1
[               23390] <ix>  got int: 0
[               23420] <ix>  got int: 1
[               23450] <ix>  got int: 0
[               23480] <ix>  got int: 1
[               23510] <ix>  got int: 0
[               23540] <ix>  got int: 1
[               23570] <ix>  got int: 0
[               23600] <ix>  got int: 1
[               23630] <ix>  got int: 0
[               23660] <ix>  got int: 1
[               23690] <ix>  got int: 0
[               23720] <ix>  got int: 1
[               23750] <ix>  got int: 0
[               23780] <ix>  got int: 1
[               23810] <ix>  got int: 0
[               23840] <ix>  got int: 1
[               23870] <ix>  got int: 0
[               23900] <ix>  got int: 1
[               23930] <ix>  got int: 0
[               23960] <ix>  got int: 1
[               23990] <ix>  got int: 0
[               24020] <ix>  got int: 1
[               24050] <ix>  got int: 0
[               24080] <ix>  got int: 1
[               24110] <ix>  got int: 0
[               24140] <ix>  got int: 1
[               24170] <ix>  got int: 0
[               24200] <ix>  got int: 1
[               24230] <ix>  got int: 0
[               24260] <ix>  got int: 1
[               24290] <ix>  got int: 0
[               24320] <ix>  got int: 1
[               24350] <ix>  got int: 0
[               24380] <ix>  got int: 1
[               24410] <ix>  got int: 0
[               24440] <ix>  got int: 1
[               24470] <ix>  got int: 0
[               24500] <ix>  got int: 1
[               24530] <ix>  got int: 0
[               24560] <ix>  got int: 1
[               24590] <ix>  got int: 0
[               24620] <ix>  got int: 1
[               24650] <ix>  got int: 0
[               24680] <ix>  got int: 1
[               24710] <ix>  got int: 0
[               24740] <ix>  got int: 1
[               24770] <ix>  got int: 0
[               24800] <ix>  got int: 1
[               24830] <ix>  got int: 0
[               24860] <ix>  got int: 1
[               24890] <ix>  got int: 0
[               24920] <ix>  got int: 1
[               24950] <ix>  got int: 0
[               24980] <ix>  got int: 1
[               25010] <ix>  got int: 0
[               25040] <ix>  got int: 1
[               25070] <ix>  got int: 0
[               25100] <ix>  got int: 1
[               25130] <ix>  got int: 0
[               25160] <ix>  got int: 1
[               25190] <ix>  got int: 0
[               25220] <ix>  got int: 1
[               25250] <ix>  got int: 0
[               25280] <ix>  got int: 1
[               25310] <ix>  got int: 0
[               25340] <ix>  got int: 1
[               25370] <ix>  got int: 0
[               25400] <ix>  got int: 1
[               25430] <ix>  got int: 0
[               25460] <ix>  got int: 1
[               25490] <ix>  got int: 0
[               25520] <ix>  got int: 1
[               25550] <ix>  got int: 0
[               25580] <ix>  got int: 1
[               25610] <ix>  got int: 0
[               25640] <ix>  got int: 1
[               25670] <ix>  got int: 0
[               25700] <ix>  got int: 1
[               25730] <ix>  got int: 0
[               25760] <ix>  got int: 1
[               25790] <ix>  got int: 0
[               25820] <ix>  got int: 1
[               25850] <ix>  got int: 0
[               25880] <ix>  got int: 1
[               25910] <ix>  got int: 0
[               25940] <ix>  got int: 1
[               25970] <ix>  got int: 0
[               26000] <ix>  got int: 1
[               26030] <ix>  got int: 0
[               26060] <ix>  got int: 1
