WARNING: boolsink<>: substituting chp model (requested prs, not found)
WARNING: test2<>: substituting chp model (requested prs, not found)
WARNING: intsrc<>: substituting chp model (requested prs, not found)
